Running "module reset". Resetting modules to system default. The following $MODULEPATH directories have been removed: None

Currently Loaded Modules:
  1) gcc/11.4.0      3) cuda/11.8.0         5) slurm-env/0.1
  2) openmpi/4.1.6   4) cue-login-env/1.0   6) default-s11

 

wandb: Currently logged in as: charlescohanlon (sarformer). Use `wandb login --relogin` to force relogin
wandb: wandb version 0.18.5 is available!  To upgrade, please run:
wandb:  $ pip install wandb --upgrade
wandb: Tracking run with wandb version 0.17.5
wandb: Run data is saved locally in /u/cohanlon/sarformer/wandb/run-20241027_202538-cnbhjpxx
wandb: Run `wandb offline` to turn off syncing.
wandb: Syncing run rgb/ViTB-ViTB_16k_224
wandb: ⭐️ View project at https://wandb.ai/sarformer/rgb_tokenizer
wandb: 🚀 View run at https://wandb.ai/sarformer/rgb_tokenizer/runs/cnbhjpxx
[rank4]: Traceback (most recent call last):
[rank4]:   File "/u/cohanlon/sarformer/run_training_vqvae.py", line 1888, in <module>
[rank4]:     main(args)
[rank4]:   File "/u/cohanlon/sarformer/run_training_vqvae.py", line 936, in main
[rank4]:     train_stats = train_one_epoch(
[rank4]:   File "/u/cohanlon/sarformer/run_training_vqvae.py", line 1283, in train_one_epoch
[rank4]:     grad_norm = loss_scaler(
[rank4]:   File "/u/cohanlon/sarformer/fourm/utils/native_scaler.py", line 39, in __call__
[rank4]:     self._scaler.scale(loss).backward(create_graph=create_graph)
[rank4]:   File "/u/cohanlon/micromamba/envs/sarformer/lib/python3.9/site-packages/torch/_tensor.py", line 521, in backward
[rank4]:     torch.autograd.backward(
[rank4]:   File "/u/cohanlon/micromamba/envs/sarformer/lib/python3.9/site-packages/torch/autograd/__init__.py", line 289, in backward
[rank4]:     _engine_run_backward(
[rank4]:   File "/u/cohanlon/micromamba/envs/sarformer/lib/python3.9/site-packages/torch/autograd/graph.py", line 768, in _engine_run_backward
[rank4]:     return Variable._execution_engine.run_backward(  # Calls into the C++ engine to run the backward pass
[rank4]: torch.OutOfMemoryError: CUDA out of memory. Tried to allocate 286.00 MiB. GPU 4 has a total capacity of 39.38 GiB of which 273.38 MiB is free. Including non-PyTorch memory, this process has 39.10 GiB memory in use. Of the allocated memory 36.59 GiB is allocated by PyTorch, and 884.77 MiB is reserved by PyTorch but unallocated. If reserved but unallocated memory is large try setting PYTORCH_CUDA_ALLOC_CONF=expandable_segments:True to avoid fragmentation.  See documentation for Memory Management  (https://pytorch.org/docs/stable/notes/cuda.html#environment-variables)
W1027 20:35:21.899588 140100960524096 torch/distributed/elastic/multiprocessing/api.py:858] Sending process 2353430 closing signal SIGTERM
W1027 20:35:21.901814 140100960524096 torch/distributed/elastic/multiprocessing/api.py:858] Sending process 2353443 closing signal SIGTERM
W1027 20:35:21.902990 140100960524096 torch/distributed/elastic/multiprocessing/api.py:858] Sending process 2353461 closing signal SIGTERM
W1027 20:35:21.905360 140100960524096 torch/distributed/elastic/multiprocessing/api.py:858] Sending process 2353479 closing signal SIGTERM
W1027 20:35:21.906091 140100960524096 torch/distributed/elastic/multiprocessing/api.py:858] Sending process 2353517 closing signal SIGTERM
W1027 20:35:21.907412 140100960524096 torch/distributed/elastic/multiprocessing/api.py:858] Sending process 2353530 closing signal SIGTERM
W1027 20:35:21.908936 140100960524096 torch/distributed/elastic/multiprocessing/api.py:858] Sending process 2353666 closing signal SIGTERM
E1027 20:35:32.606107 140100960524096 torch/distributed/elastic/multiprocessing/api.py:833] failed (exitcode: 1) local_rank: 4 (pid: 2353499) of binary: /u/cohanlon/micromamba/envs/sarformer/bin/python3.9
Traceback (most recent call last):
  File "/u/cohanlon/micromamba/envs/sarformer/bin/torchrun", line 8, in <module>
    sys.exit(main())
  File "/u/cohanlon/micromamba/envs/sarformer/lib/python3.9/site-packages/torch/distributed/elastic/multiprocessing/errors/__init__.py", line 348, in wrapper
    return f(*args, **kwargs)
  File "/u/cohanlon/micromamba/envs/sarformer/lib/python3.9/site-packages/torch/distributed/run.py", line 901, in main
    run(args)
  File "/u/cohanlon/micromamba/envs/sarformer/lib/python3.9/site-packages/torch/distributed/run.py", line 892, in run
    elastic_launch(
  File "/u/cohanlon/micromamba/envs/sarformer/lib/python3.9/site-packages/torch/distributed/launcher/api.py", line 133, in __call__
    return launch_agent(self._config, self._entrypoint, list(args))
  File "/u/cohanlon/micromamba/envs/sarformer/lib/python3.9/site-packages/torch/distributed/launcher/api.py", line 264, in launch_agent
    raise ChildFailedError(
torch.distributed.elastic.multiprocessing.errors.ChildFailedError: 
============================================================
run_training_vqvae.py FAILED
------------------------------------------------------------
Failures:
  <NO_OTHER_FAILURES>
------------------------------------------------------------
Root Cause (first observed failure):
[0]:
  time      : 2024-10-27_20:35:21
  host      : gpuc03.delta.ncsa.illinois.edu
  rank      : 4 (local_rank: 4)
  exitcode  : 1 (pid: 2353499)
  error_file: <N/A>
  traceback : To enable traceback see: https://pytorch.org/docs/stable/elastic/errors.html
============================================================
