Running "module reset". Resetting modules to system default. The following $MODULEPATH directories have been removed: None

Currently Loaded Modules:
  1) gcc/11.4.0      3) cuda/11.8.0         5) slurm-env/0.1
  2) openmpi/4.1.6   4) cue-login-env/1.0   6) default-s11

 

INFO:albumentations.check_version:A new version of Albumentations is available: 1.4.14 (you have 1.4.12). Upgrade using: pip install -U albumentations. To disable automatic update checks, set the environment variable NO_ALBUMENTATIONS_UPDATE to 1.
INFO:albumentations.check_version:A new version of Albumentations is available: 1.4.14 (you have 1.4.12). Upgrade using: pip install -U albumentations. To disable automatic update checks, set the environment variable NO_ALBUMENTATIONS_UPDATE to 1.
INFO:albumentations.check_version:A new version of Albumentations is available: 1.4.14 (you have 1.4.12). Upgrade using: pip install -U albumentations. To disable automatic update checks, set the environment variable NO_ALBUMENTATIONS_UPDATE to 1.
INFO:albumentations.check_version:A new version of Albumentations is available: 1.4.14 (you have 1.4.12). Upgrade using: pip install -U albumentations. To disable automatic update checks, set the environment variable NO_ALBUMENTATIONS_UPDATE to 1.
INFO:albumentations.check_version:A new version of Albumentations is available: 1.4.14 (you have 1.4.12). Upgrade using: pip install -U albumentations. To disable automatic update checks, set the environment variable NO_ALBUMENTATIONS_UPDATE to 1.
INFO:albumentations.check_version:A new version of Albumentations is available: 1.4.14 (you have 1.4.12). Upgrade using: pip install -U albumentations. To disable automatic update checks, set the environment variable NO_ALBUMENTATIONS_UPDATE to 1.
INFO:albumentations.check_version:A new version of Albumentations is available: 1.4.14 (you have 1.4.12). Upgrade using: pip install -U albumentations. To disable automatic update checks, set the environment variable NO_ALBUMENTATIONS_UPDATE to 1.
INFO:albumentations.check_version:A new version of Albumentations is available: 1.4.14 (you have 1.4.12). Upgrade using: pip install -U albumentations. To disable automatic update checks, set the environment variable NO_ALBUMENTATIONS_UPDATE to 1.
INFO:datasets:PyTorch version 2.4.0 available.
INFO:datasets:PyTorch version 2.4.0 available.
INFO:datasets:PyTorch version 2.4.0 available.
INFO:datasets:PyTorch version 2.4.0 available.
INFO:datasets:PyTorch version 2.4.0 available.
INFO:datasets:PyTorch version 2.4.0 available.
INFO:datasets:PyTorch version 2.4.0 available.
INFO:datasets:PyTorch version 2.4.0 available.
/u/cohanlon/micromamba/envs/sarformer/lib/python3.9/site-packages/xformers/ops/fmha/flash.py:211: FutureWarning: `torch.library.impl_abstract` was renamed to `torch.library.register_fake`. Please use that instead; we will remove `torch.library.impl_abstract` in a future version of PyTorch.
  @torch.library.impl_abstract("xformers_flash::flash_fwd")
/u/cohanlon/micromamba/envs/sarformer/lib/python3.9/site-packages/xformers/ops/fmha/flash.py:211: FutureWarning: `torch.library.impl_abstract` was renamed to `torch.library.register_fake`. Please use that instead; we will remove `torch.library.impl_abstract` in a future version of PyTorch.
  @torch.library.impl_abstract("xformers_flash::flash_fwd")
/u/cohanlon/micromamba/envs/sarformer/lib/python3.9/site-packages/xformers/ops/fmha/flash.py:211: FutureWarning: `torch.library.impl_abstract` was renamed to `torch.library.register_fake`. Please use that instead; we will remove `torch.library.impl_abstract` in a future version of PyTorch.
  @torch.library.impl_abstract("xformers_flash::flash_fwd")
/u/cohanlon/micromamba/envs/sarformer/lib/python3.9/site-packages/xformers/ops/fmha/flash.py:211: FutureWarning: `torch.library.impl_abstract` was renamed to `torch.library.register_fake`. Please use that instead; we will remove `torch.library.impl_abstract` in a future version of PyTorch.
  @torch.library.impl_abstract("xformers_flash::flash_fwd")
/u/cohanlon/micromamba/envs/sarformer/lib/python3.9/site-packages/xformers/ops/fmha/flash.py:211: FutureWarning: `torch.library.impl_abstract` was renamed to `torch.library.register_fake`. Please use that instead; we will remove `torch.library.impl_abstract` in a future version of PyTorch.
  @torch.library.impl_abstract("xformers_flash::flash_fwd")
/u/cohanlon/micromamba/envs/sarformer/lib/python3.9/site-packages/xformers/ops/fmha/flash.py:211: FutureWarning: `torch.library.impl_abstract` was renamed to `torch.library.register_fake`. Please use that instead; we will remove `torch.library.impl_abstract` in a future version of PyTorch.
  @torch.library.impl_abstract("xformers_flash::flash_fwd")
/u/cohanlon/micromamba/envs/sarformer/lib/python3.9/site-packages/xformers/ops/fmha/flash.py:211: FutureWarning: `torch.library.impl_abstract` was renamed to `torch.library.register_fake`. Please use that instead; we will remove `torch.library.impl_abstract` in a future version of PyTorch.
  @torch.library.impl_abstract("xformers_flash::flash_fwd")
/u/cohanlon/micromamba/envs/sarformer/lib/python3.9/site-packages/xformers/ops/fmha/flash.py:211: FutureWarning: `torch.library.impl_abstract` was renamed to `torch.library.register_fake`. Please use that instead; we will remove `torch.library.impl_abstract` in a future version of PyTorch.
  @torch.library.impl_abstract("xformers_flash::flash_fwd")
/u/cohanlon/micromamba/envs/sarformer/lib/python3.9/site-packages/xformers/ops/fmha/flash.py:344: FutureWarning: `torch.library.impl_abstract` was renamed to `torch.library.register_fake`. Please use that instead; we will remove `torch.library.impl_abstract` in a future version of PyTorch.
  @torch.library.impl_abstract("xformers_flash::flash_bwd")
/u/cohanlon/micromamba/envs/sarformer/lib/python3.9/site-packages/xformers/ops/fmha/flash.py:344: FutureWarning: `torch.library.impl_abstract` was renamed to `torch.library.register_fake`. Please use that instead; we will remove `torch.library.impl_abstract` in a future version of PyTorch.
  @torch.library.impl_abstract("xformers_flash::flash_bwd")
/u/cohanlon/micromamba/envs/sarformer/lib/python3.9/site-packages/xformers/ops/fmha/flash.py:344: FutureWarning: `torch.library.impl_abstract` was renamed to `torch.library.register_fake`. Please use that instead; we will remove `torch.library.impl_abstract` in a future version of PyTorch.
  @torch.library.impl_abstract("xformers_flash::flash_bwd")
/u/cohanlon/micromamba/envs/sarformer/lib/python3.9/site-packages/xformers/ops/fmha/flash.py:344: FutureWarning: `torch.library.impl_abstract` was renamed to `torch.library.register_fake`. Please use that instead; we will remove `torch.library.impl_abstract` in a future version of PyTorch.
  @torch.library.impl_abstract("xformers_flash::flash_bwd")
/u/cohanlon/micromamba/envs/sarformer/lib/python3.9/site-packages/xformers/ops/fmha/flash.py:344: FutureWarning: `torch.library.impl_abstract` was renamed to `torch.library.register_fake`. Please use that instead; we will remove `torch.library.impl_abstract` in a future version of PyTorch.
  @torch.library.impl_abstract("xformers_flash::flash_bwd")
/u/cohanlon/micromamba/envs/sarformer/lib/python3.9/site-packages/xformers/ops/fmha/flash.py:344: FutureWarning: `torch.library.impl_abstract` was renamed to `torch.library.register_fake`. Please use that instead; we will remove `torch.library.impl_abstract` in a future version of PyTorch.
  @torch.library.impl_abstract("xformers_flash::flash_bwd")
/u/cohanlon/micromamba/envs/sarformer/lib/python3.9/site-packages/xformers/ops/fmha/flash.py:344: FutureWarning: `torch.library.impl_abstract` was renamed to `torch.library.register_fake`. Please use that instead; we will remove `torch.library.impl_abstract` in a future version of PyTorch.
  @torch.library.impl_abstract("xformers_flash::flash_bwd")
/u/cohanlon/micromamba/envs/sarformer/lib/python3.9/site-packages/xformers/ops/fmha/flash.py:344: FutureWarning: `torch.library.impl_abstract` was renamed to `torch.library.register_fake`. Please use that instead; we will remove `torch.library.impl_abstract` in a future version of PyTorch.
  @torch.library.impl_abstract("xformers_flash::flash_bwd")
wandb: Currently logged in as: charlescohanlon (sarformer). Use `wandb login --relogin` to force relogin
wandb: wandb version 0.17.8 is available!  To upgrade, please run:
wandb:  $ pip install wandb --upgrade
wandb: Tracking run with wandb version 0.17.5
wandb: Run data is saved locally in /u/cohanlon/sarformer/wandb/run-20240829_161330-kyw9qpya
wandb: Run `wandb offline` to turn off syncing.
wandb: Syncing run depth/ViTB-UNetP4_8k_224_predx0
wandb: ⭐️ View project at https://wandb.ai/sarformer/depth_tokenizer
wandb: 🚀 View run at https://wandb.ai/sarformer/depth_tokenizer/runs/kyw9qpya
/u/cohanlon/micromamba/envs/sarformer/lib/python3.9/site-packages/torch/storage.py:414: FutureWarning: You are using `torch.load` with `weights_only=False` (the current default value), which uses the default pickle module implicitly. It is possible to construct malicious pickle data which will execute arbitrary code during unpickling (See https://github.com/pytorch/pytorch/blob/main/SECURITY.md#untrusted-models for more details). In a future release, the default value for `weights_only` will be flipped to `True`. This limits the functions that could be executed during unpickling. Arbitrary objects will no longer be allowed to be loaded via this mode unless they are explicitly allowlisted by the user via `torch.serialization.add_safe_globals`. We recommend you start setting `weights_only=True` for any use case where you don't have full control of the loaded file. Please open an issue on GitHub for any issues related to this experimental feature.
  return torch.load(io.BytesIO(b))
/u/cohanlon/micromamba/envs/sarformer/lib/python3.9/site-packages/torch/storage.py:414: FutureWarning: You are using `torch.load` with `weights_only=False` (the current default value), which uses the default pickle module implicitly. It is possible to construct malicious pickle data which will execute arbitrary code during unpickling (See https://github.com/pytorch/pytorch/blob/main/SECURITY.md#untrusted-models for more details). In a future release, the default value for `weights_only` will be flipped to `True`. This limits the functions that could be executed during unpickling. Arbitrary objects will no longer be allowed to be loaded via this mode unless they are explicitly allowlisted by the user via `torch.serialization.add_safe_globals`. We recommend you start setting `weights_only=True` for any use case where you don't have full control of the loaded file. Please open an issue on GitHub for any issues related to this experimental feature.
  return torch.load(io.BytesIO(b))
/u/cohanlon/micromamba/envs/sarformer/lib/python3.9/site-packages/torch/storage.py:414: FutureWarning: You are using `torch.load` with `weights_only=False` (the current default value), which uses the default pickle module implicitly. It is possible to construct malicious pickle data which will execute arbitrary code during unpickling (See https://github.com/pytorch/pytorch/blob/main/SECURITY.md#untrusted-models for more details). In a future release, the default value for `weights_only` will be flipped to `True`. This limits the functions that could be executed during unpickling. Arbitrary objects will no longer be allowed to be loaded via this mode unless they are explicitly allowlisted by the user via `torch.serialization.add_safe_globals`. We recommend you start setting `weights_only=True` for any use case where you don't have full control of the loaded file. Please open an issue on GitHub for any issues related to this experimental feature.
  return torch.load(io.BytesIO(b))
/u/cohanlon/micromamba/envs/sarformer/lib/python3.9/site-packages/torch/storage.py:414: FutureWarning: You are using `torch.load` with `weights_only=False` (the current default value), which uses the default pickle module implicitly. It is possible to construct malicious pickle data which will execute arbitrary code during unpickling (See https://github.com/pytorch/pytorch/blob/main/SECURITY.md#untrusted-models for more details). In a future release, the default value for `weights_only` will be flipped to `True`. This limits the functions that could be executed during unpickling. Arbitrary objects will no longer be allowed to be loaded via this mode unless they are explicitly allowlisted by the user via `torch.serialization.add_safe_globals`. We recommend you start setting `weights_only=True` for any use case where you don't have full control of the loaded file. Please open an issue on GitHub for any issues related to this experimental feature.
  return torch.load(io.BytesIO(b))
/u/cohanlon/micromamba/envs/sarformer/lib/python3.9/site-packages/torch/storage.py:414: FutureWarning: You are using `torch.load` with `weights_only=False` (the current default value), which uses the default pickle module implicitly. It is possible to construct malicious pickle data which will execute arbitrary code during unpickling (See https://github.com/pytorch/pytorch/blob/main/SECURITY.md#untrusted-models for more details). In a future release, the default value for `weights_only` will be flipped to `True`. This limits the functions that could be executed during unpickling. Arbitrary objects will no longer be allowed to be loaded via this mode unless they are explicitly allowlisted by the user via `torch.serialization.add_safe_globals`. We recommend you start setting `weights_only=True` for any use case where you don't have full control of the loaded file. Please open an issue on GitHub for any issues related to this experimental feature.
  return torch.load(io.BytesIO(b))
/u/cohanlon/micromamba/envs/sarformer/lib/python3.9/site-packages/torch/storage.py:414: FutureWarning: You are using `torch.load` with `weights_only=False` (the current default value), which uses the default pickle module implicitly. It is possible to construct malicious pickle data which will execute arbitrary code during unpickling (See https://github.com/pytorch/pytorch/blob/main/SECURITY.md#untrusted-models for more details). In a future release, the default value for `weights_only` will be flipped to `True`. This limits the functions that could be executed during unpickling. Arbitrary objects will no longer be allowed to be loaded via this mode unless they are explicitly allowlisted by the user via `torch.serialization.add_safe_globals`. We recommend you start setting `weights_only=True` for any use case where you don't have full control of the loaded file. Please open an issue on GitHub for any issues related to this experimental feature.
  return torch.load(io.BytesIO(b))
/u/cohanlon/micromamba/envs/sarformer/lib/python3.9/site-packages/torch/storage.py:414: FutureWarning: You are using `torch.load` with `weights_only=False` (the current default value), which uses the default pickle module implicitly. It is possible to construct malicious pickle data which will execute arbitrary code during unpickling (See https://github.com/pytorch/pytorch/blob/main/SECURITY.md#untrusted-models for more details). In a future release, the default value for `weights_only` will be flipped to `True`. This limits the functions that could be executed during unpickling. Arbitrary objects will no longer be allowed to be loaded via this mode unless they are explicitly allowlisted by the user via `torch.serialization.add_safe_globals`. We recommend you start setting `weights_only=True` for any use case where you don't have full control of the loaded file. Please open an issue on GitHub for any issues related to this experimental feature.
  return torch.load(io.BytesIO(b))
/u/cohanlon/micromamba/envs/sarformer/lib/python3.9/site-packages/torch/storage.py:414: FutureWarning: You are using `torch.load` with `weights_only=False` (the current default value), which uses the default pickle module implicitly. It is possible to construct malicious pickle data which will execute arbitrary code during unpickling (See https://github.com/pytorch/pytorch/blob/main/SECURITY.md#untrusted-models for more details). In a future release, the default value for `weights_only` will be flipped to `True`. This limits the functions that could be executed during unpickling. Arbitrary objects will no longer be allowed to be loaded via this mode unless they are explicitly allowlisted by the user via `torch.serialization.add_safe_globals`. We recommend you start setting `weights_only=True` for any use case where you don't have full control of the loaded file. Please open an issue on GitHub for any issues related to this experimental feature.
  return torch.load(io.BytesIO(b))
wandb: - 0.539 MB of 0.539 MB uploadedwandb: \ 0.539 MB of 0.539 MB uploadedwandb: | 0.539 MB of 0.539 MB uploadedwandb: / 0.539 MB of 0.539 MB uploadedwandb: - 0.561 MB of 1.336 MB uploaded (0.003 MB deduped)wandb: \ 1.336 MB of 1.336 MB uploaded (0.003 MB deduped)wandb: 
wandb: Run history:
wandb:        [Epoch] code_loss ███▆▆▇█▇▅▄▄▂▁▁▁▁▁▁▁▁
wandb:        [Epoch] grad_norm █▅▃▃▂▂▂▂▂▁▁▁▁▁▁▁▁▁▁▁
wandb:             [Epoch] loss █▇▇▅▅▆▇▆▅▄▃▂▁▁▁▁▁▁▁▁
wandb:               [Epoch] lr ▂▃▄▆▇███▇▇▆▅▅▄▃▂▂▁▁▁
wandb:           [Epoch] min_lr ▂▃▄▆▇███▇▇▆▅▅▄▃▂▂▁▁▁
wandb:     [Epoch] reconst_loss █▂▂▂▁▅▃▂▁▁▁▁▁▁▁▁▁▁▁▁
wandb:     [Epoch] weight_decay ▁▁▁▁▁▁▁▁▁▁▁▁▁▁▁▁▁▁▁▁
wandb: [Eval] CodebookUsage@224 ▂▁▂▅████
wandb:           [Eval] MAE@224 █▃▅▃▂▁▁▁
wandb:       [Eval] MS-SSIM@224 ▁▅ ▇████
wandb:           [Eval] MSE@224 █▂▂▁▁▁▁▁
wandb:          [Eval] PSNR@224 ▁▅▄▆▇███
wandb:         [Eval] code_loss ▁▁▁▁▁▁▁▁
wandb:              [Eval] loss █▂▅▁▁▁▁▁
wandb:      [Eval] reconst_loss █▂▅▁▁▁▁▁
wandb:                code_loss ▃▃▆█▆▆▄▃▄▄▄▆▆▆▄▄▃▅▃▂▃▃▂▁▁▁▁▁▁▁▁▁▁▁▁▁▁▁▁▁
wandb:                    epoch ▁▁▂▂▂▃▃▄▄▄▅▅▅▆▆▇▇▇██
wandb:                grad_norm ▁▅▁█▁▂▁▁▁▁▃▁▁▁▁▁▁▁▁▁▁▁▁▁▁▁▁▁▁▁▁▁▁▁▁▁▁▁▁▁
wandb:                     loss ▃▃▆█▆▆▄▃▄▄▅▆▆▆▄▄▃▅▃▂▃▃▂▁▁▁▁▁▁▁▁▁▁▁▁▁▁▁▁▁
wandb:                       lr ▁▂▃▃▄▅▅▆▇██████▇▇▇▇▆▆▆▅▅▅▄▄▄▃▃▃▂▂▂▂▁▁▁▁▁
wandb:             n_parameters ▁▁▁▁▁▁▁▁▁▁▁▁▁▁▁▁▁▁▁▁
wandb:             reconst_loss ▄▂▁▂▁▁▁▁▁▁█▁▃▂▁▁▁▁▁▁▁▁▁▁▁▁▁▁▁▁▁▁▁▁▁▁▁▁▁▁
wandb:             weight_decay ▁▁▁▁▁▁▁▁▁▁▁▁▁▁▁▁▁▁▁▁▁▁▁▁▁▁▁▁▁▁▁▁▁▁▁▁▁▁▁▁
wandb: 
wandb: Run summary:
wandb:        [Epoch] code_loss 0.03513
wandb:        [Epoch] grad_norm 0.00434
wandb:             [Epoch] loss 0.03587
wandb:               [Epoch] lr 0.0
wandb:           [Epoch] min_lr 0.0
wandb:     [Epoch] reconst_loss 0.00074
wandb:     [Epoch] weight_decay 0.05
wandb: [Eval] CodebookUsage@224 0.62842
wandb:           [Eval] MAE@224 0.00806
wandb:       [Eval] MS-SSIM@224 0.98786
wandb:           [Eval] MSE@224 0.00158
wandb:          [Eval] PSNR@224 28.02199
wandb:         [Eval] code_loss 0.0
wandb:              [Eval] loss 0.00091
wandb:      [Eval] reconst_loss 0.00091
wandb:                code_loss 0.03622
wandb:                    epoch 19
wandb:                grad_norm 0.00263
wandb:                     loss 0.03688
wandb:                       lr 0.0
wandb:             n_parameters 286735680
wandb:             reconst_loss 0.00066
wandb:             weight_decay 0.05
wandb: 
wandb: 🚀 View run depth/ViTB-UNetP4_8k_224_predx0 at: https://wandb.ai/sarformer/depth_tokenizer/runs/kyw9qpya
wandb: ⭐️ View project at: https://wandb.ai/sarformer/depth_tokenizer
wandb: Synced 5 W&B file(s), 32 media file(s), 2 artifact file(s) and 0 other file(s)
wandb: Find logs at: ./wandb/run-20240829_161330-kyw9qpya/logs
wandb: WARNING The new W&B backend becomes opt-out in version 0.18.0; try it out with `wandb.require("core")`! See https://wandb.me/wandb-core for more information.
