Running "module reset". Resetting modules to system default. The following $MODULEPATH directories have been removed: None

Currently Loaded Modules:
  1) gcc/11.4.0      3) cuda/11.8.0         5) slurm-env/0.1
  2) openmpi/4.1.6   4) cue-login-env/1.1   6) default-s11

 

You are using the default legacy behaviour of the <class 'transformers.models.t5.tokenization_t5.T5Tokenizer'>. This is expected, and simply means that the `legacy` (previous) behavior will be used so nothing changes for you. If you want to use the new behaviour, set `legacy=False`. This should only be set if you understand what it means, and thoroughly read the reason why this was added as explained in https://github.com/huggingface/transformers/pull/24565
You are using the default legacy behaviour of the <class 'transformers.models.t5.tokenization_t5.T5Tokenizer'>. This is expected, and simply means that the `legacy` (previous) behavior will be used so nothing changes for you. If you want to use the new behaviour, set `legacy=False`. This should only be set if you understand what it means, and thoroughly read the reason why this was added as explained in https://github.com/huggingface/transformers/pull/24565
You are using the default legacy behaviour of the <class 'transformers.models.t5.tokenization_t5.T5Tokenizer'>. This is expected, and simply means that the `legacy` (previous) behavior will be used so nothing changes for you. If you want to use the new behaviour, set `legacy=False`. This should only be set if you understand what it means, and thoroughly read the reason why this was added as explained in https://github.com/huggingface/transformers/pull/24565
You are using the default legacy behaviour of the <class 'transformers.models.t5.tokenization_t5.T5Tokenizer'>. This is expected, and simply means that the `legacy` (previous) behavior will be used so nothing changes for you. If you want to use the new behaviour, set `legacy=False`. This should only be set if you understand what it means, and thoroughly read the reason why this was added as explained in https://github.com/huggingface/transformers/pull/24565
You are using the default legacy behaviour of the <class 'transformers.models.t5.tokenization_t5.T5Tokenizer'>. This is expected, and simply means that the `legacy` (previous) behavior will be used so nothing changes for you. If you want to use the new behaviour, set `legacy=False`. This should only be set if you understand what it means, and thoroughly read the reason why this was added as explained in https://github.com/huggingface/transformers/pull/24565
You are using the default legacy behaviour of the <class 'transformers.models.t5.tokenization_t5.T5Tokenizer'>. This is expected, and simply means that the `legacy` (previous) behavior will be used so nothing changes for you. If you want to use the new behaviour, set `legacy=False`. This should only be set if you understand what it means, and thoroughly read the reason why this was added as explained in https://github.com/huggingface/transformers/pull/24565
You are using the default legacy behaviour of the <class 'transformers.models.t5.tokenization_t5.T5Tokenizer'>. This is expected, and simply means that the `legacy` (previous) behavior will be used so nothing changes for you. If you want to use the new behaviour, set `legacy=False`. This should only be set if you understand what it means, and thoroughly read the reason why this was added as explained in https://github.com/huggingface/transformers/pull/24565
You are using the default legacy behaviour of the <class 'transformers.models.t5.tokenization_t5.T5Tokenizer'>. This is expected, and simply means that the `legacy` (previous) behavior will be used so nothing changes for you. If you want to use the new behaviour, set `legacy=False`. This should only be set if you understand what it means, and thoroughly read the reason why this was added as explained in https://github.com/huggingface/transformers/pull/24565
wandb: Currently logged in as: charlescohanlon (sarformer). Use `wandb login --relogin` to force relogin
wandb: wandb version 0.19.8 is available!  To upgrade, please run:
wandb:  $ pip install wandb --upgrade
wandb: Tracking run with wandb version 0.17.5
wandb: Run data is saved locally in /u/cohanlon/sarformer/wandb/run-20250310_204914-crq84tmq
wandb: Run `wandb offline` to turn off syncing.
wandb: Syncing run misc/B_ConvNeXt_GatedMLP_regrpoint_depth_2
wandb: ⭐️ View project at https://wandb.ai/sarformer/model
wandb: 🚀 View run at https://wandb.ai/sarformer/model/runs/crq84tmq
Loss is nan, stopping training
Saved last batch to /scratch/bdej/cohanlon/checkpoints/sarformer/model/misc/B_ConvNeXt_GatedMLP_regrpoint_depth_2/debug_mod_dict.pt
Loss is nan, stopping training
Saved last batch to /scratch/bdej/cohanlon/checkpoints/sarformer/model/misc/B_ConvNeXt_GatedMLP_regrpoint_depth_2/debug_mod_dict.pt
Loss is nan, stopping training
Saved last batch to /scratch/bdej/cohanlon/checkpoints/sarformer/model/misc/B_ConvNeXt_GatedMLP_regrpoint_depth_2/debug_mod_dict.pt
Loss is nan, stopping training
Saved last batch to /scratch/bdej/cohanlon/checkpoints/sarformer/model/misc/B_ConvNeXt_GatedMLP_regrpoint_depth_2/debug_mod_dict.pt
Loss is nan, stopping training
Saved last batch to /scratch/bdej/cohanlon/checkpoints/sarformer/model/misc/B_ConvNeXt_GatedMLP_regrpoint_depth_2/debug_mod_dict.pt
Loss is nan, stopping training
Saved last batch to /scratch/bdej/cohanlon/checkpoints/sarformer/model/misc/B_ConvNeXt_GatedMLP_regrpoint_depth_2/debug_mod_dict.pt
Loss is nan, stopping training
Saved last batch to /scratch/bdej/cohanlon/checkpoints/sarformer/model/misc/B_ConvNeXt_GatedMLP_regrpoint_depth_2/debug_mod_dict.pt
Loss is nan, stopping training
Saved last batch to /scratch/bdej/cohanlon/checkpoints/sarformer/model/misc/B_ConvNeXt_GatedMLP_regrpoint_depth_2/debug_mod_dict.pt
wandb: - 0.014 MB of 0.014 MB uploadedW0310 20:50:56.675077 139848866019136 torch/distributed/elastic/multiprocessing/api.py:858] Sending process 3114611 closing signal SIGTERM
W0310 20:50:56.675905 139848866019136 torch/distributed/elastic/multiprocessing/api.py:858] Sending process 3114612 closing signal SIGTERM
W0310 20:50:56.676509 139848866019136 torch/distributed/elastic/multiprocessing/api.py:858] Sending process 3114613 closing signal SIGTERM
W0310 20:50:56.676799 139848866019136 torch/distributed/elastic/multiprocessing/api.py:858] Sending process 3114614 closing signal SIGTERM
W0310 20:50:56.677285 139848866019136 torch/distributed/elastic/multiprocessing/api.py:858] Sending process 3114615 closing signal SIGTERM
W0310 20:50:56.677349 139848866019136 torch/distributed/elastic/multiprocessing/api.py:858] Sending process 3114617 closing signal SIGTERM
W0310 20:50:56.677408 139848866019136 torch/distributed/elastic/multiprocessing/api.py:858] Sending process 3114618 closing signal SIGTERM
wandb: \ 0.014 MB of 0.014 MB uploadedwandb: | 0.014 MB of 0.014 MB uploadedwandb: / 0.025 MB of 0.072 MB uploaded (0.003 MB deduped)wandb: 
wandb: Run history:
wandb:         loss ▁
wandb:           lr ▁
wandb: weight_decay ▁
wandb: 
wandb: Run summary:
wandb:    grad_norm nan
wandb:         loss 162.56274
wandb:           lr 0.0
wandb: weight_decay 0.05
wandb: 
wandb: 🚀 View run misc/B_ConvNeXt_GatedMLP_regrpoint_depth_2 at: https://wandb.ai/sarformer/model/runs/crq84tmq
wandb: ⭐️ View project at: https://wandb.ai/sarformer/model
wandb: Synced 5 W&B file(s), 0 media file(s), 2 artifact file(s) and 0 other file(s)
wandb: Find logs at: ./wandb/run-20250310_204914-crq84tmq/logs
wandb: WARNING The new W&B backend becomes opt-out in version 0.18.0; try it out with `wandb.require("core")`! See https://wandb.me/wandb-core for more information.
E0310 20:51:04.353471 139848866019136 torch/distributed/elastic/multiprocessing/api.py:833] failed (exitcode: 1) local_rank: 5 (pid: 3114616) of binary: /u/cohanlon/micromamba/envs/sarformer/bin/python3.9
Traceback (most recent call last):
  File "/u/cohanlon/micromamba/envs/sarformer/bin/torchrun", line 8, in <module>
    sys.exit(main())
  File "/u/cohanlon/micromamba/envs/sarformer/lib/python3.9/site-packages/torch/distributed/elastic/multiprocessing/errors/__init__.py", line 348, in wrapper
    return f(*args, **kwargs)
  File "/u/cohanlon/micromamba/envs/sarformer/lib/python3.9/site-packages/torch/distributed/run.py", line 901, in main
    run(args)
  File "/u/cohanlon/micromamba/envs/sarformer/lib/python3.9/site-packages/torch/distributed/run.py", line 892, in run
    elastic_launch(
  File "/u/cohanlon/micromamba/envs/sarformer/lib/python3.9/site-packages/torch/distributed/launcher/api.py", line 133, in __call__
    return launch_agent(self._config, self._entrypoint, list(args))
  File "/u/cohanlon/micromamba/envs/sarformer/lib/python3.9/site-packages/torch/distributed/launcher/api.py", line 264, in launch_agent
    raise ChildFailedError(
torch.distributed.elastic.multiprocessing.errors.ChildFailedError: 
============================================================
run_training_sarformer.py FAILED
------------------------------------------------------------
Failures:
  <NO_OTHER_FAILURES>
------------------------------------------------------------
Root Cause (first observed failure):
[0]:
  time      : 2025-03-10_20:50:56
  host      : gpuc06.delta.ncsa.illinois.edu
  rank      : 5 (local_rank: 5)
  exitcode  : 1 (pid: 3114616)
  error_file: <N/A>
  traceback : To enable traceback see: https://pytorch.org/docs/stable/elastic/errors.html
============================================================
