Running "module reset". Resetting modules to system default. The following $MODULEPATH directories have been removed: None

Currently Loaded Modules:
  1) gcc/11.4.0      3) cuda/11.8.0         5) slurm-env/0.1
  2) openmpi/4.1.6   4) cue-login-env/1.1   6) default-s11

 

You are using the default legacy behaviour of the <class 'transformers.models.t5.tokenization_t5.T5Tokenizer'>. This is expected, and simply means that the `legacy` (previous) behavior will be used so nothing changes for you. If you want to use the new behaviour, set `legacy=False`. This should only be set if you understand what it means, and thoroughly read the reason why this was added as explained in https://github.com/huggingface/transformers/pull/24565
You are using the default legacy behaviour of the <class 'transformers.models.t5.tokenization_t5.T5Tokenizer'>. This is expected, and simply means that the `legacy` (previous) behavior will be used so nothing changes for you. If you want to use the new behaviour, set `legacy=False`. This should only be set if you understand what it means, and thoroughly read the reason why this was added as explained in https://github.com/huggingface/transformers/pull/24565
You are using the default legacy behaviour of the <class 'transformers.models.t5.tokenization_t5.T5Tokenizer'>. This is expected, and simply means that the `legacy` (previous) behavior will be used so nothing changes for you. If you want to use the new behaviour, set `legacy=False`. This should only be set if you understand what it means, and thoroughly read the reason why this was added as explained in https://github.com/huggingface/transformers/pull/24565
You are using the default legacy behaviour of the <class 'transformers.models.t5.tokenization_t5.T5Tokenizer'>. This is expected, and simply means that the `legacy` (previous) behavior will be used so nothing changes for you. If you want to use the new behaviour, set `legacy=False`. This should only be set if you understand what it means, and thoroughly read the reason why this was added as explained in https://github.com/huggingface/transformers/pull/24565
You are using the default legacy behaviour of the <class 'transformers.models.t5.tokenization_t5.T5Tokenizer'>. This is expected, and simply means that the `legacy` (previous) behavior will be used so nothing changes for you. If you want to use the new behaviour, set `legacy=False`. This should only be set if you understand what it means, and thoroughly read the reason why this was added as explained in https://github.com/huggingface/transformers/pull/24565
You are using the default legacy behaviour of the <class 'transformers.models.t5.tokenization_t5.T5Tokenizer'>. This is expected, and simply means that the `legacy` (previous) behavior will be used so nothing changes for you. If you want to use the new behaviour, set `legacy=False`. This should only be set if you understand what it means, and thoroughly read the reason why this was added as explained in https://github.com/huggingface/transformers/pull/24565
You are using the default legacy behaviour of the <class 'transformers.models.t5.tokenization_t5.T5Tokenizer'>. This is expected, and simply means that the `legacy` (previous) behavior will be used so nothing changes for you. If you want to use the new behaviour, set `legacy=False`. This should only be set if you understand what it means, and thoroughly read the reason why this was added as explained in https://github.com/huggingface/transformers/pull/24565
You are using the default legacy behaviour of the <class 'transformers.models.t5.tokenization_t5.T5Tokenizer'>. This is expected, and simply means that the `legacy` (previous) behavior will be used so nothing changes for you. If you want to use the new behaviour, set `legacy=False`. This should only be set if you understand what it means, and thoroughly read the reason why this was added as explained in https://github.com/huggingface/transformers/pull/24565
Traceback (most recent call last):
  File "/u/cohanlon/sarformer/run_training_sarformer.py", line 1542, in <module>
Traceback (most recent call last):
  File "/u/cohanlon/sarformer/run_training_sarformer.py", line 1542, in <module>
    args = get_args()
  File "/u/cohanlon/sarformer/run_training_sarformer.py", line 413, in get_args
    args = get_args()
  File "/u/cohanlon/sarformer/run_training_sarformer.py", line 413, in get_args
    with open(args_config.config, "r") as f:
FileNotFoundError: [Errno 2] No such file or directory: 'cfgs/sarformer/model/pretrain/B_MAE_rgb-depth-caption.yaml'
    with open(args_config.config, "r") as f:
FileNotFoundError: [Errno 2] No such file or directory: 'cfgs/sarformer/model/pretrain/B_MAE_rgb-depth-caption.yaml'
Traceback (most recent call last):
  File "/u/cohanlon/sarformer/run_training_sarformer.py", line 1542, in <module>
Traceback (most recent call last):
  File "/u/cohanlon/sarformer/run_training_sarformer.py", line 1542, in <module>
Traceback (most recent call last):
  File "/u/cohanlon/sarformer/run_training_sarformer.py", line 1542, in <module>
    Traceback (most recent call last):
args = get_args()    Traceback (most recent call last):
  File "/u/cohanlon/sarformer/run_training_sarformer.py", line 1542, in <module>

args = get_args()  File "/u/cohanlon/sarformer/run_training_sarformer.py", line 413, in get_args
  File "/u/cohanlon/sarformer/run_training_sarformer.py", line 1542, in <module>

  File "/u/cohanlon/sarformer/run_training_sarformer.py", line 413, in get_args
    with open(args_config.config, "r") as f:
FileNotFoundError: [Errno 2] No such file or directory: 'cfgs/sarformer/model/pretrain/B_MAE_rgb-depth-caption.yaml'
    with open(args_config.config, "r") as f:
FileNotFoundError: [Errno 2] No such file or directory: 'cfgs/sarformer/model/pretrain/B_MAE_rgb-depth-caption.yaml'
            args = get_args()args = get_args()args = get_args()


  File "/u/cohanlon/sarformer/run_training_sarformer.py", line 413, in get_args
  File "/u/cohanlon/sarformer/run_training_sarformer.py", line 413, in get_args
  File "/u/cohanlon/sarformer/run_training_sarformer.py", line 413, in get_args
    with open(args_config.config, "r") as f:
    FileNotFoundErrorwith open(args_config.config, "r") as f:    : 
with open(args_config.config, "r") as f:[Errno 2] No such file or directory: 'cfgs/sarformer/model/pretrain/B_MAE_rgb-depth-caption.yaml'

FileNotFoundError: FileNotFoundError[Errno 2] No such file or directory: 'cfgs/sarformer/model/pretrain/B_MAE_rgb-depth-caption.yaml': 
[Errno 2] No such file or directory: 'cfgs/sarformer/model/pretrain/B_MAE_rgb-depth-caption.yaml'
Traceback (most recent call last):
  File "/u/cohanlon/sarformer/run_training_sarformer.py", line 1542, in <module>
    args = get_args()
  File "/u/cohanlon/sarformer/run_training_sarformer.py", line 413, in get_args
    with open(args_config.config, "r") as f:
FileNotFoundError: [Errno 2] No such file or directory: 'cfgs/sarformer/model/pretrain/B_MAE_rgb-depth-caption.yaml'
W1216 10:59:32.239044 139728390530880 torch/distributed/elastic/multiprocessing/api.py:858] Sending process 638252 closing signal SIGTERM
W1216 10:59:32.239629 139728390530880 torch/distributed/elastic/multiprocessing/api.py:858] Sending process 638253 closing signal SIGTERM
W1216 10:59:32.239706 139728390530880 torch/distributed/elastic/multiprocessing/api.py:858] Sending process 638254 closing signal SIGTERM
W1216 10:59:32.239768 139728390530880 torch/distributed/elastic/multiprocessing/api.py:858] Sending process 638255 closing signal SIGTERM
W1216 10:59:32.239825 139728390530880 torch/distributed/elastic/multiprocessing/api.py:858] Sending process 638256 closing signal SIGTERM
W1216 10:59:32.239882 139728390530880 torch/distributed/elastic/multiprocessing/api.py:858] Sending process 638258 closing signal SIGTERM
W1216 10:59:32.239937 139728390530880 torch/distributed/elastic/multiprocessing/api.py:858] Sending process 638259 closing signal SIGTERM
E1216 10:59:32.294221 139728390530880 torch/distributed/elastic/multiprocessing/api.py:833] failed (exitcode: 1) local_rank: 5 (pid: 638257) of binary: /u/cohanlon/micromamba/envs/sarformer/bin/python3.9
Traceback (most recent call last):
  File "/u/cohanlon/micromamba/envs/sarformer/bin/torchrun", line 8, in <module>
    sys.exit(main())
  File "/u/cohanlon/micromamba/envs/sarformer/lib/python3.9/site-packages/torch/distributed/elastic/multiprocessing/errors/__init__.py", line 348, in wrapper
    return f(*args, **kwargs)
  File "/u/cohanlon/micromamba/envs/sarformer/lib/python3.9/site-packages/torch/distributed/run.py", line 901, in main
    run(args)
  File "/u/cohanlon/micromamba/envs/sarformer/lib/python3.9/site-packages/torch/distributed/run.py", line 892, in run
    elastic_launch(
  File "/u/cohanlon/micromamba/envs/sarformer/lib/python3.9/site-packages/torch/distributed/launcher/api.py", line 133, in __call__
    return launch_agent(self._config, self._entrypoint, list(args))
  File "/u/cohanlon/micromamba/envs/sarformer/lib/python3.9/site-packages/torch/distributed/launcher/api.py", line 264, in launch_agent
    raise ChildFailedError(
torch.distributed.elastic.multiprocessing.errors.ChildFailedError: 
============================================================
run_training_sarformer.py FAILED
------------------------------------------------------------
Failures:
  <NO_OTHER_FAILURES>
------------------------------------------------------------
Root Cause (first observed failure):
[0]:
  time      : 2024-12-16_10:59:32
  host      : gpuc04.delta.ncsa.illinois.edu
  rank      : 5 (local_rank: 5)
  exitcode  : 1 (pid: 638257)
  error_file: <N/A>
  traceback : To enable traceback see: https://pytorch.org/docs/stable/elastic/errors.html
============================================================
