job is starting on gpuc05.delta.ncsa.illinois.edu
| distributed init (rank 0): env://, gpu 0
| distributed init (rank 5): env://, gpu 5
| distributed init (rank 7): env://, gpu 7
| distributed init (rank 6): env://, gpu 6
| distributed init (rank 3): env://, gpu 3
| distributed init (rank 2): env://, gpu 2
| distributed init (rank 4): env://, gpu 4
| distributed init (rank 1): env://, gpu 1
dataset_train size = 40780
dataset_val size = 416
Namespace(run_name='model/misc/Baseline_center_regrpoint', batch_size=128, full_img_size=673, eff_img_size=447, target_size=224, mask_proportion=0.6, patch_size=None, epochs=500, accum_iter=1, save_ckpt_freq=25, model='baseline_center', dtype='bf16', cond_domains=['rgb', 'depth'], loss_type='none', distance_type='euclidean', objective='lpl', is_baseline=True, hflip=0.0, vflip=0.0, finetune='', opt='adamw', opt_eps=1e-08, opt_betas=[0.9, 0.99], compute_grad_norm=True, clip_grad=None, skip_grad=None, momentum=0.9, weight_decay=0.05, weight_decay_end=None, blr=0.0001, min_blr=0.0, lr_and_wd_scheduler='cosine', warmup_epochs=50, cooldown_epochs=10, eval_data_path='/scratch/bdej/cohanlon/data/eval', num_eval_metrics_samples=416, num_logged_images=0, eval_batch_size=None, eval_freq=25, eval_metric_freq=10, eval_image_log_freq=0, dist_eval=True, eval_only=False, output_dir='/scratch/bdej/cohanlon/checkpoints/sarformer/model/misc/Baseline_center_regrpoint', device='cuda', seed=0, start_epoch=0, num_workers=110, pin_mem=True, show_user_warnings=False, log_wandb=True, wandb_project='model', wandb_entity='sarformer', wandb_run_name='misc/Baseline_center_regrpoint', dist_url='env://', print_all=False, warmup_lr=1e-06, min_lr=0.0, eval_metrics_freq=0, data_path='/scratch/bdej/cohanlon/data/train', config_path='cfgs/sarformer/model/misc/Baseline_center_regrpoint.yaml', rank=0, world_size=8, gpu=0, distributed=True, dist_backend='nccl', all_domains=['rgb', 'depth', 'target_distribution'], is_pretraining=False)
Creating model: baseline_center conditioned on ['rgb', 'depth']
Model = PointRegressionBaseline(
  (_): Linear(in_features=4, out_features=1, bias=True)
)
Number of params: 5e-06 M
LR = 0.00040000
Min LR = 0.00000000
Total (effective) batch size = 1024
Accumulate grad iterations = 1
Number of training steps = 39
Number of training examples per epoch = 39936
Param groups = {
  "decay": {
    "weight_decay": 0.05,
    "params": [
      "_.weight"
    ],
    "lr_scale": 1.0
  },
  "no_decay": {
    "weight_decay": 0.0,
    "params": [
      "_.bias"
    ],
    "lr_scale": 1.0
  }
}
optimizer settings: {'lr': 0.0004, 'weight_decay': 0.0, 'eps': 1e-08, 'betas': [0.9, 0.99]}
Set warmup steps = 1950
Set warmup steps = 0
Max WD = 0.0500000, Min WD = 0.0500000
Start training for 500 epochs
Epoch: [0]  [ 0/39]  eta: 0:32:57  lr: 0.000000  min_lr: 0.000000  loss: 80.0730 (80.0730)  weight_decay: 0.0500 (0.0500)  grad_norm: 0.0000 (0.0000)  time: 50.6982  data: 49.6994  max mem: 197
Epoch: [0]  [10/39]  eta: 0:02:27  lr: 0.000002  min_lr: 0.000002  loss: 86.4336 (85.7238)  weight_decay: 0.0500 (0.0500)  grad_norm: 0.0000 (0.0000)  time: 5.0791  data: 4.7237  max mem: 344
Epoch: [0]  [20/39]  eta: 0:00:52  lr: 0.000004  min_lr: 0.000004  loss: 85.7729 (85.6941)  weight_decay: 0.0500 (0.0500)  grad_norm: 0.0000 (0.0000)  time: 0.3869  data: 0.1157  max mem: 344
Epoch: [0]  [30/39]  eta: 0:00:17  lr: 0.000006  min_lr: 0.000006  loss: 85.0097 (85.8767)  weight_decay: 0.0500 (0.0500)  grad_norm: 0.0000 (0.0000)  time: 0.2733  data: 0.0029  max mem: 344
Epoch: [0]  [38/39]  eta: 0:00:01  lr: 0.000008  min_lr: 0.000008  loss: 85.7596 (85.7013)  weight_decay: 0.0500 (0.0500)  grad_norm: 0.0000 (0.0000)  time: 0.3107  data: 0.0004  max mem: 344
Epoch: [0] Total time: 0:01:04 (1.6522 s / it)
Averaged stats: lr: 0.000008  min_lr: 0.000008  loss: 85.7596 (85.6118)  weight_decay: 0.0500 (0.0500)  grad_norm: 0.0000 (0.0000)
[Eval]   [0/1]  eta: 0:00:07  loss: 85.9412 (85.9412)  time: 7.7232  data: 7.7173  max mem: 344
[Eval]  Total time: 0:00:07 (7.8590 s / it)
Eval averaged stats: loss: 85.9412 (83.3000)
Epoch: [1]  [ 0/39]  eta: 0:09:49  lr: 0.000008  min_lr: 0.000008  loss: 83.9730 (83.9730)  weight_decay: 0.0500 (0.0500)  grad_norm: 0.0000 (0.0000)  time: 15.1082  data: 14.8630  max mem: 344
Epoch: [1]  [10/39]  eta: 0:00:45  lr: 0.000010  min_lr: 0.000010  loss: 83.9751 (84.8372)  weight_decay: 0.0500 (0.0500)  grad_norm: 0.0000 (0.0000)  time: 1.5610  data: 1.4177  max mem: 344
Epoch: [1]  [20/39]  eta: 0:00:16  lr: 0.000012  min_lr: 0.000012  loss: 86.3717 (86.2284)  weight_decay: 0.0500 (0.0500)  grad_norm: 0.0000 (0.0000)  time: 0.1814  data: 0.0561  max mem: 344
Epoch: [1]  [30/39]  eta: 0:00:05  lr: 0.000014  min_lr: 0.000014  loss: 87.6802 (86.8526)  weight_decay: 0.0500 (0.0500)  grad_norm: 0.0000 (0.0000)  time: 0.1425  data: 0.0196  max mem: 344
Epoch: [1]  [38/39]  eta: 0:00:00  lr: 0.000016  min_lr: 0.000016  loss: 87.4808 (86.6458)  weight_decay: 0.0500 (0.0500)  grad_norm: 0.0000 (0.0000)  time: 0.1251  data: 0.0002  max mem: 344
Epoch: [1] Total time: 0:00:21 (0.5441 s / it)
Averaged stats: lr: 0.000016  min_lr: 0.000016  loss: 87.4808 (85.6578)  weight_decay: 0.0500 (0.0500)  grad_norm: 0.0000 (0.0000)
Epoch: [2]  [ 0/39]  eta: 0:09:53  lr: 0.000016  min_lr: 0.000016  loss: 85.2144 (85.2144)  weight_decay: 0.0500 (0.0500)  grad_norm: 0.0000 (0.0000)  time: 15.2109  data: 14.9896  max mem: 344
Epoch: [2]  [10/39]  eta: 0:00:45  lr: 0.000018  min_lr: 0.000018  loss: 85.2144 (85.7373)  weight_decay: 0.0500 (0.0500)  grad_norm: 0.0000 (0.0000)  time: 1.5827  data: 1.4472  max mem: 344
Epoch: [2]  [20/39]  eta: 0:00:17  lr: 0.000020  min_lr: 0.000020  loss: 86.5425 (86.4706)  weight_decay: 0.0500 (0.0500)  grad_norm: 0.0000 (0.0000)  time: 0.1873  data: 0.0466  max mem: 344
Epoch: [2]  [30/39]  eta: 0:00:06  lr: 0.000022  min_lr: 0.000022  loss: 86.5425 (86.2528)  weight_decay: 0.0500 (0.0500)  grad_norm: 0.0000 (0.0000)  time: 0.1634  data: 0.0002  max mem: 344
Epoch: [2]  [38/39]  eta: 0:00:00  lr: 0.000024  min_lr: 0.000024  loss: 86.3357 (86.4045)  weight_decay: 0.0500 (0.0500)  grad_norm: 0.0000 (0.0000)  time: 0.1587  data: 0.0002  max mem: 344
Epoch: [2] Total time: 0:00:21 (0.5620 s / it)
Averaged stats: lr: 0.000024  min_lr: 0.000024  loss: 86.3357 (85.8586)  weight_decay: 0.0500 (0.0500)  grad_norm: 0.0000 (0.0000)
Epoch: [3]  [ 0/39]  eta: 0:09:00  lr: 0.000024  min_lr: 0.000024  loss: 86.8565 (86.8565)  weight_decay: 0.0500 (0.0500)  grad_norm: 0.0000 (0.0000)  time: 13.8562  data: 13.4235  max mem: 344
Epoch: [3]  [10/39]  eta: 0:00:46  lr: 0.000026  min_lr: 0.000026  loss: 86.2486 (85.3276)  weight_decay: 0.0500 (0.0500)  grad_norm: 0.0000 (0.0000)  time: 1.6013  data: 1.4460  max mem: 344
Epoch: [3]  [20/39]  eta: 0:00:16  lr: 0.000028  min_lr: 0.000028  loss: 85.4434 (85.6541)  weight_decay: 0.0500 (0.0500)  grad_norm: 0.0000 (0.0000)  time: 0.2449  data: 0.1242  max mem: 344
Epoch: [3]  [30/39]  eta: 0:00:05  lr: 0.000030  min_lr: 0.000030  loss: 85.5525 (85.6233)  weight_decay: 0.0500 (0.0500)  grad_norm: 0.0000 (0.0000)  time: 0.1171  data: 0.0001  max mem: 344
Epoch: [3]  [38/39]  eta: 0:00:00  lr: 0.000032  min_lr: 0.000032  loss: 85.7544 (85.6079)  weight_decay: 0.0500 (0.0500)  grad_norm: 0.0000 (0.0000)  time: 0.1249  data: 0.0001  max mem: 344
Epoch: [3] Total time: 0:00:21 (0.5498 s / it)
Averaged stats: lr: 0.000032  min_lr: 0.000032  loss: 85.7544 (85.7197)  weight_decay: 0.0500 (0.0500)  grad_norm: 0.0000 (0.0000)
Epoch: [4]  [ 0/39]  eta: 0:09:04  lr: 0.000032  min_lr: 0.000032  loss: 83.9894 (83.9894)  weight_decay: 0.0500 (0.0500)  grad_norm: 0.0000 (0.0000)  time: 13.9553  data: 13.4657  max mem: 344
Epoch: [4]  [10/39]  eta: 0:00:45  lr: 0.000034  min_lr: 0.000034  loss: 85.1247 (85.4765)  weight_decay: 0.0500 (0.0500)  grad_norm: 0.0000 (0.0000)  time: 1.5606  data: 1.3724  max mem: 344
Epoch: [4]  [20/39]  eta: 0:00:16  lr: 0.000036  min_lr: 0.000036  loss: 86.7569 (86.0169)  weight_decay: 0.0500 (0.0500)  grad_norm: 0.0000 (0.0000)  time: 0.2376  data: 0.0922  max mem: 344
Epoch: [4]  [30/39]  eta: 0:00:05  lr: 0.000038  min_lr: 0.000038  loss: 86.0996 (85.9497)  weight_decay: 0.0500 (0.0500)  grad_norm: 0.0000 (0.0000)  time: 0.1378  data: 0.0107  max mem: 344
Epoch: [4]  [38/39]  eta: 0:00:00  lr: 0.000040  min_lr: 0.000040  loss: 85.5709 (85.7751)  weight_decay: 0.0500 (0.0500)  grad_norm: 0.0000 (0.0000)  time: 0.1257  data: 0.0035  max mem: 344
Epoch: [4] Total time: 0:00:21 (0.5422 s / it)
Averaged stats: lr: 0.000040  min_lr: 0.000040  loss: 85.5709 (86.0986)  weight_decay: 0.0500 (0.0500)  grad_norm: 0.0000 (0.0000)
Epoch: [5]  [ 0/39]  eta: 0:10:37  lr: 0.000040  min_lr: 0.000040  loss: 87.3155 (87.3155)  weight_decay: 0.0500 (0.0500)  grad_norm: 0.0000 (0.0000)  time: 16.3476  data: 16.1555  max mem: 344
Epoch: [5]  [10/39]  eta: 0:00:46  lr: 0.000042  min_lr: 0.000042  loss: 86.0164 (85.8675)  weight_decay: 0.0500 (0.0500)  grad_norm: 0.0000 (0.0000)  time: 1.5942  data: 1.4688  max mem: 344
Epoch: [5]  [20/39]  eta: 0:00:17  lr: 0.000044  min_lr: 0.000044  loss: 85.4770 (86.0096)  weight_decay: 0.0500 (0.0500)  grad_norm: 0.0000 (0.0000)  time: 0.1320  data: 0.0108  max mem: 344
Epoch: [5]  [30/39]  eta: 0:00:05  lr: 0.000046  min_lr: 0.000046  loss: 86.5300 (86.2347)  weight_decay: 0.0500 (0.0500)  grad_norm: 0.0000 (0.0000)  time: 0.1334  data: 0.0108  max mem: 344
Epoch: [5]  [38/39]  eta: 0:00:00  lr: 0.000048  min_lr: 0.000048  loss: 85.2712 (85.9523)  weight_decay: 0.0500 (0.0500)  grad_norm: 0.0000 (0.0000)  time: 0.1302  data: 0.0002  max mem: 344
Epoch: [5] Total time: 0:00:21 (0.5512 s / it)
Averaged stats: lr: 0.000048  min_lr: 0.000048  loss: 85.2712 (85.7249)  weight_decay: 0.0500 (0.0500)  grad_norm: 0.0000 (0.0000)
Epoch: [6]  [ 0/39]  eta: 0:10:06  lr: 0.000048  min_lr: 0.000048  loss: 81.8080 (81.8080)  weight_decay: 0.0500 (0.0500)  grad_norm: 0.0000 (0.0000)  time: 15.5565  data: 14.8534  max mem: 344
Epoch: [6]  [10/39]  eta: 0:00:46  lr: 0.000050  min_lr: 0.000050  loss: 84.7471 (84.6347)  weight_decay: 0.0500 (0.0500)  grad_norm: 0.0000 (0.0000)  time: 1.6113  data: 1.4312  max mem: 344
Epoch: [6]  [20/39]  eta: 0:00:17  lr: 0.000052  min_lr: 0.000052  loss: 84.6498 (84.4319)  weight_decay: 0.0500 (0.0500)  grad_norm: 0.0000 (0.0000)  time: 0.1663  data: 0.0446  max mem: 344
Epoch: [6]  [30/39]  eta: 0:00:05  lr: 0.000054  min_lr: 0.000054  loss: 84.9349 (85.1006)  weight_decay: 0.0500 (0.0500)  grad_norm: 0.0000 (0.0000)  time: 0.1143  data: 0.0002  max mem: 344
Epoch: [6]  [38/39]  eta: 0:00:00  lr: 0.000056  min_lr: 0.000056  loss: 84.4600 (84.8479)  weight_decay: 0.0500 (0.0500)  grad_norm: 0.0000 (0.0000)  time: 0.1181  data: 0.0002  max mem: 344
Epoch: [6] Total time: 0:00:21 (0.5446 s / it)
Averaged stats: lr: 0.000056  min_lr: 0.000056  loss: 84.4600 (85.7918)  weight_decay: 0.0500 (0.0500)  grad_norm: 0.0000 (0.0000)
Epoch: [7]  [ 0/39]  eta: 0:09:42  lr: 0.000056  min_lr: 0.000056  loss: 85.0614 (85.0614)  weight_decay: 0.0500 (0.0500)  grad_norm: 0.0000 (0.0000)  time: 14.9240  data: 14.6959  max mem: 344
Epoch: [7]  [10/39]  eta: 0:00:45  lr: 0.000058  min_lr: 0.000058  loss: 87.1754 (86.1569)  weight_decay: 0.0500 (0.0500)  grad_norm: 0.0000 (0.0000)  time: 1.5723  data: 1.4254  max mem: 344
Epoch: [7]  [20/39]  eta: 0:00:16  lr: 0.000060  min_lr: 0.000060  loss: 86.8787 (85.6811)  weight_decay: 0.0500 (0.0500)  grad_norm: 0.0000 (0.0000)  time: 0.1763  data: 0.0493  max mem: 344
Epoch: [7]  [30/39]  eta: 0:00:05  lr: 0.000062  min_lr: 0.000062  loss: 84.7316 (85.6464)  weight_decay: 0.0500 (0.0500)  grad_norm: 0.0000 (0.0000)  time: 0.1170  data: 0.0002  max mem: 344
Epoch: [7]  [38/39]  eta: 0:00:00  lr: 0.000064  min_lr: 0.000064  loss: 84.7316 (85.4733)  weight_decay: 0.0500 (0.0500)  grad_norm: 0.0000 (0.0000)  time: 0.1225  data: 0.0001  max mem: 344
Epoch: [7] Total time: 0:00:20 (0.5354 s / it)
Averaged stats: lr: 0.000064  min_lr: 0.000064  loss: 84.7316 (85.7655)  weight_decay: 0.0500 (0.0500)  grad_norm: 0.0000 (0.0000)
Epoch: [8]  [ 0/39]  eta: 0:09:42  lr: 0.000064  min_lr: 0.000064  loss: 84.4431 (84.4431)  weight_decay: 0.0500 (0.0500)  grad_norm: 0.0000 (0.0000)  time: 14.9235  data: 14.6941  max mem: 344
Epoch: [8]  [10/39]  eta: 0:00:45  lr: 0.000066  min_lr: 0.000066  loss: 84.5534 (84.6792)  weight_decay: 0.0500 (0.0500)  grad_norm: 0.0000 (0.0000)  time: 1.5599  data: 1.4191  max mem: 344
Epoch: [8]  [20/39]  eta: 0:00:16  lr: 0.000068  min_lr: 0.000068  loss: 85.4302 (85.0940)  weight_decay: 0.0500 (0.0500)  grad_norm: 0.0000 (0.0000)  time: 0.1682  data: 0.0459  max mem: 344
Epoch: [8]  [30/39]  eta: 0:00:05  lr: 0.000070  min_lr: 0.000070  loss: 86.1873 (85.4471)  weight_decay: 0.0500 (0.0500)  grad_norm: 0.0000 (0.0000)  time: 0.1125  data: 0.0002  max mem: 344
Epoch: [8]  [38/39]  eta: 0:00:00  lr: 0.000072  min_lr: 0.000072  loss: 86.6271 (85.9369)  weight_decay: 0.0500 (0.0500)  grad_norm: 0.0000 (0.0000)  time: 0.1145  data: 0.0002  max mem: 344
Epoch: [8] Total time: 0:00:20 (0.5291 s / it)
Averaged stats: lr: 0.000072  min_lr: 0.000072  loss: 86.6271 (85.7901)  weight_decay: 0.0500 (0.0500)  grad_norm: 0.0000 (0.0000)
Epoch: [9]  [ 0/39]  eta: 0:09:23  lr: 0.000072  min_lr: 0.000072  loss: 82.7795 (82.7795)  weight_decay: 0.0500 (0.0500)  grad_norm: 0.0000 (0.0000)  time: 14.4417  data: 14.1380  max mem: 344
Epoch: [9]  [10/39]  eta: 0:00:45  lr: 0.000074  min_lr: 0.000074  loss: 84.7613 (85.8960)  weight_decay: 0.0500 (0.0500)  grad_norm: 0.0000 (0.0000)  time: 1.5532  data: 1.3788  max mem: 344
Epoch: [9]  [20/39]  eta: 0:00:16  lr: 0.000076  min_lr: 0.000076  loss: 85.8707 (85.8794)  weight_decay: 0.0500 (0.0500)  grad_norm: 0.0000 (0.0000)  time: 0.1874  data: 0.0516  max mem: 344
Epoch: [9]  [30/39]  eta: 0:00:05  lr: 0.000078  min_lr: 0.000078  loss: 84.9908 (85.3752)  weight_decay: 0.0500 (0.0500)  grad_norm: 0.0000 (0.0000)  time: 0.1116  data: 0.0002  max mem: 344
Epoch: [9]  [38/39]  eta: 0:00:00  lr: 0.000080  min_lr: 0.000080  loss: 84.9026 (85.3567)  weight_decay: 0.0500 (0.0500)  grad_norm: 0.0000 (0.0000)  time: 0.1123  data: 0.0002  max mem: 344
Epoch: [9] Total time: 0:00:20 (0.5265 s / it)
Averaged stats: lr: 0.000080  min_lr: 0.000080  loss: 84.9026 (85.6389)  weight_decay: 0.0500 (0.0500)  grad_norm: 0.0000 (0.0000)
Epoch: [10]  [ 0/39]  eta: 0:09:43  lr: 0.000080  min_lr: 0.000080  loss: 86.1030 (86.1030)  weight_decay: 0.0500 (0.0500)  grad_norm: 0.0000 (0.0000)  time: 14.9521  data: 14.6485  max mem: 344
Epoch: [10]  [10/39]  eta: 0:00:44  lr: 0.000082  min_lr: 0.000082  loss: 86.1030 (86.4238)  weight_decay: 0.0500 (0.0500)  grad_norm: 0.0000 (0.0000)  time: 1.5293  data: 1.3843  max mem: 344
Epoch: [10]  [20/39]  eta: 0:00:16  lr: 0.000084  min_lr: 0.000084  loss: 84.9567 (85.8128)  weight_decay: 0.0500 (0.0500)  grad_norm: 0.0000 (0.0000)  time: 0.1576  data: 0.0391  max mem: 344
Epoch: [10]  [30/39]  eta: 0:00:05  lr: 0.000086  min_lr: 0.000086  loss: 84.5111 (85.3733)  weight_decay: 0.0500 (0.0500)  grad_norm: 0.0000 (0.0000)  time: 0.1180  data: 0.0103  max mem: 344
Epoch: [10]  [38/39]  eta: 0:00:00  lr: 0.000088  min_lr: 0.000088  loss: 84.1215 (85.3279)  weight_decay: 0.0500 (0.0500)  grad_norm: 0.0000 (0.0000)  time: 0.1094  data: 0.0001  max mem: 344
Epoch: [10] Total time: 0:00:20 (0.5251 s / it)
Averaged stats: lr: 0.000088  min_lr: 0.000088  loss: 84.1215 (85.6788)  weight_decay: 0.0500 (0.0500)  grad_norm: 0.0000 (0.0000)
Epoch: [11]  [ 0/39]  eta: 0:11:15  lr: 0.000088  min_lr: 0.000088  loss: 84.2140 (84.2140)  weight_decay: 0.0500 (0.0500)  grad_norm: 0.0000 (0.0000)  time: 17.3261  data: 17.0727  max mem: 344
Epoch: [11]  [10/39]  eta: 0:00:52  lr: 0.000090  min_lr: 0.000090  loss: 84.8560 (84.8288)  weight_decay: 0.0500 (0.0500)  grad_norm: 0.0000 (0.0000)  time: 1.8054  data: 1.5589  max mem: 344
Epoch: [11]  [20/39]  eta: 0:00:19  lr: 0.000092  min_lr: 0.000092  loss: 85.9111 (85.9983)  weight_decay: 0.0500 (0.0500)  grad_norm: 0.0000 (0.0000)  time: 0.2139  data: 0.0048  max mem: 344
Epoch: [11]  [30/39]  eta: 0:00:06  lr: 0.000094  min_lr: 0.000094  loss: 87.2065 (86.2199)  weight_decay: 0.0500 (0.0500)  grad_norm: 0.0000 (0.0000)  time: 0.1786  data: 0.0011  max mem: 344
Epoch: [11]  [38/39]  eta: 0:00:00  lr: 0.000096  min_lr: 0.000096  loss: 86.0437 (86.1472)  weight_decay: 0.0500 (0.0500)  grad_norm: 0.0000 (0.0000)  time: 0.1754  data: 0.0002  max mem: 344
Epoch: [11] Total time: 0:00:24 (0.6382 s / it)
Averaged stats: lr: 0.000096  min_lr: 0.000096  loss: 86.0437 (86.0822)  weight_decay: 0.0500 (0.0500)  grad_norm: 0.0000 (0.0000)
Epoch: [12]  [ 0/39]  eta: 0:10:12  lr: 0.000096  min_lr: 0.000096  loss: 90.9399 (90.9399)  weight_decay: 0.0500 (0.0500)  grad_norm: 0.0000 (0.0000)  time: 15.6933  data: 15.5068  max mem: 344
Epoch: [12]  [10/39]  eta: 0:00:44  lr: 0.000098  min_lr: 0.000098  loss: 86.8999 (87.1775)  weight_decay: 0.0500 (0.0500)  grad_norm: 0.0000 (0.0000)  time: 1.5342  data: 1.4099  max mem: 344
Epoch: [12]  [20/39]  eta: 0:00:16  lr: 0.000100  min_lr: 0.000100  loss: 86.3399 (86.7184)  weight_decay: 0.0500 (0.0500)  grad_norm: 0.0000 (0.0000)  time: 0.1145  data: 0.0002  max mem: 344
Epoch: [12]  [30/39]  eta: 0:00:05  lr: 0.000102  min_lr: 0.000102  loss: 86.4769 (86.7565)  weight_decay: 0.0500 (0.0500)  grad_norm: 0.0000 (0.0000)  time: 0.1110  data: 0.0002  max mem: 344
Epoch: [12]  [38/39]  eta: 0:00:00  lr: 0.000104  min_lr: 0.000104  loss: 87.7470 (87.0180)  weight_decay: 0.0500 (0.0500)  grad_norm: 0.0000 (0.0000)  time: 0.1121  data: 0.0002  max mem: 344
Epoch: [12] Total time: 0:00:20 (0.5194 s / it)
Averaged stats: lr: 0.000104  min_lr: 0.000104  loss: 87.7470 (85.8227)  weight_decay: 0.0500 (0.0500)  grad_norm: 0.0000 (0.0000)
Epoch: [13]  [ 0/39]  eta: 0:10:07  lr: 0.000104  min_lr: 0.000104  loss: 90.5307 (90.5307)  weight_decay: 0.0500 (0.0500)  grad_norm: 0.0000 (0.0000)  time: 15.5727  data: 15.3938  max mem: 344
Epoch: [13]  [10/39]  eta: 0:00:44  lr: 0.000106  min_lr: 0.000106  loss: 85.6535 (85.8692)  weight_decay: 0.0500 (0.0500)  grad_norm: 0.0000 (0.0000)  time: 1.5458  data: 1.4153  max mem: 344
Epoch: [13]  [20/39]  eta: 0:00:16  lr: 0.000108  min_lr: 0.000108  loss: 85.6535 (86.0865)  weight_decay: 0.0500 (0.0500)  grad_norm: 0.0000 (0.0000)  time: 0.1263  data: 0.0088  max mem: 344
Epoch: [13]  [30/39]  eta: 0:00:05  lr: 0.000110  min_lr: 0.000110  loss: 86.7377 (86.1199)  weight_decay: 0.0500 (0.0500)  grad_norm: 0.0000 (0.0000)  time: 0.1099  data: 0.0002  max mem: 344
Epoch: [13]  [38/39]  eta: 0:00:00  lr: 0.000112  min_lr: 0.000112  loss: 84.2510 (85.6195)  weight_decay: 0.0500 (0.0500)  grad_norm: 0.0000 (0.0000)  time: 0.1106  data: 0.0002  max mem: 344
Epoch: [13] Total time: 0:00:20 (0.5244 s / it)
Averaged stats: lr: 0.000112  min_lr: 0.000112  loss: 84.2510 (85.5806)  weight_decay: 0.0500 (0.0500)  grad_norm: 0.0000 (0.0000)
Epoch: [14]  [ 0/39]  eta: 0:10:27  lr: 0.000112  min_lr: 0.000112  loss: 84.5046 (84.5046)  weight_decay: 0.0500 (0.0500)  grad_norm: 0.0000 (0.0000)  time: 16.0995  data: 15.9094  max mem: 344
Epoch: [14]  [10/39]  eta: 0:00:48  lr: 0.000114  min_lr: 0.000114  loss: 83.3658 (83.3397)  weight_decay: 0.0500 (0.0500)  grad_norm: 0.0000 (0.0000)  time: 1.6621  data: 1.4691  max mem: 344
Epoch: [14]  [20/39]  eta: 0:00:17  lr: 0.000116  min_lr: 0.000116  loss: 83.8283 (84.2119)  weight_decay: 0.0500 (0.0500)  grad_norm: 0.0000 (0.0000)  time: 0.1734  data: 0.0126  max mem: 344
Epoch: [14]  [30/39]  eta: 0:00:06  lr: 0.000118  min_lr: 0.000118  loss: 84.6990 (84.5535)  weight_decay: 0.0500 (0.0500)  grad_norm: 0.0000 (0.0000)  time: 0.1633  data: 0.0002  max mem: 344
Epoch: [14]  [38/39]  eta: 0:00:00  lr: 0.000120  min_lr: 0.000120  loss: 85.1882 (84.9371)  weight_decay: 0.0500 (0.0500)  grad_norm: 0.0000 (0.0000)  time: 0.1668  data: 0.0002  max mem: 344
Epoch: [14] Total time: 0:00:22 (0.5854 s / it)
Averaged stats: lr: 0.000120  min_lr: 0.000120  loss: 85.1882 (85.6979)  weight_decay: 0.0500 (0.0500)  grad_norm: 0.0000 (0.0000)
Epoch: [15]  [ 0/39]  eta: 0:10:05  lr: 0.000120  min_lr: 0.000120  loss: 86.6634 (86.6634)  weight_decay: 0.0500 (0.0500)  grad_norm: 0.0000 (0.0000)  time: 15.5379  data: 15.3354  max mem: 344
Epoch: [15]  [10/39]  eta: 0:00:46  lr: 0.000122  min_lr: 0.000122  loss: 85.3659 (86.2082)  weight_decay: 0.0500 (0.0500)  grad_norm: 0.0000 (0.0000)  time: 1.6094  data: 1.4863  max mem: 344
Epoch: [15]  [20/39]  eta: 0:00:17  lr: 0.000124  min_lr: 0.000124  loss: 86.0221 (86.3994)  weight_decay: 0.0500 (0.0500)  grad_norm: 0.0000 (0.0000)  time: 0.1643  data: 0.0508  max mem: 344
Epoch: [15]  [30/39]  eta: 0:00:05  lr: 0.000126  min_lr: 0.000126  loss: 86.0221 (86.1027)  weight_decay: 0.0500 (0.0500)  grad_norm: 0.0000 (0.0000)  time: 0.1174  data: 0.0002  max mem: 344
Epoch: [15]  [38/39]  eta: 0:00:00  lr: 0.000128  min_lr: 0.000128  loss: 86.1922 (86.1493)  weight_decay: 0.0500 (0.0500)  grad_norm: 0.0000 (0.0000)  time: 0.1201  data: 0.0002  max mem: 344
Epoch: [15] Total time: 0:00:21 (0.5437 s / it)
Averaged stats: lr: 0.000128  min_lr: 0.000128  loss: 86.1922 (85.7513)  weight_decay: 0.0500 (0.0500)  grad_norm: 0.0000 (0.0000)
Epoch: [16]  [ 0/39]  eta: 0:09:56  lr: 0.000128  min_lr: 0.000128  loss: 86.3353 (86.3353)  weight_decay: 0.0500 (0.0500)  grad_norm: 0.0000 (0.0000)  time: 15.2850  data: 15.0821  max mem: 344
Epoch: [16]  [10/39]  eta: 0:00:45  lr: 0.000130  min_lr: 0.000130  loss: 86.3353 (86.6214)  weight_decay: 0.0500 (0.0500)  grad_norm: 0.0000 (0.0000)  time: 1.5831  data: 1.4377  max mem: 344
Epoch: [16]  [20/39]  eta: 0:00:17  lr: 0.000132  min_lr: 0.000132  loss: 86.2464 (86.5272)  weight_decay: 0.0500 (0.0500)  grad_norm: 0.0000 (0.0000)  time: 0.1953  data: 0.0368  max mem: 344
Epoch: [16]  [30/39]  eta: 0:00:05  lr: 0.000134  min_lr: 0.000134  loss: 84.9289 (85.7398)  weight_decay: 0.0500 (0.0500)  grad_norm: 0.0000 (0.0000)  time: 0.1472  data: 0.0029  max mem: 344
Epoch: [16]  [38/39]  eta: 0:00:00  lr: 0.000136  min_lr: 0.000136  loss: 85.1921 (85.9535)  weight_decay: 0.0500 (0.0500)  grad_norm: 0.0000 (0.0000)  time: 0.1423  data: 0.0028  max mem: 344
Epoch: [16] Total time: 0:00:21 (0.5553 s / it)
Averaged stats: lr: 0.000136  min_lr: 0.000136  loss: 85.1921 (85.9746)  weight_decay: 0.0500 (0.0500)  grad_norm: 0.0000 (0.0000)
Epoch: [17]  [ 0/39]  eta: 0:10:07  lr: 0.000136  min_lr: 0.000136  loss: 85.3198 (85.3198)  weight_decay: 0.0500 (0.0500)  grad_norm: 0.0000 (0.0000)  time: 15.5747  data: 15.3731  max mem: 344
Epoch: [17]  [10/39]  eta: 0:00:44  lr: 0.000138  min_lr: 0.000138  loss: 84.3369 (84.4638)  weight_decay: 0.0500 (0.0500)  grad_norm: 0.0000 (0.0000)  time: 1.5191  data: 1.3977  max mem: 344
Epoch: [17]  [20/39]  eta: 0:00:16  lr: 0.000140  min_lr: 0.000140  loss: 85.0965 (85.3241)  weight_decay: 0.0500 (0.0500)  grad_norm: 0.0000 (0.0000)  time: 0.1215  data: 0.0074  max mem: 344
Epoch: [17]  [30/39]  eta: 0:00:05  lr: 0.000142  min_lr: 0.000142  loss: 85.0965 (85.2238)  weight_decay: 0.0500 (0.0500)  grad_norm: 0.0000 (0.0000)  time: 0.1197  data: 0.0074  max mem: 344
Epoch: [17]  [38/39]  eta: 0:00:00  lr: 0.000144  min_lr: 0.000144  loss: 84.8101 (85.1473)  weight_decay: 0.0500 (0.0500)  grad_norm: 0.0000 (0.0000)  time: 0.1129  data: 0.0002  max mem: 344
Epoch: [17] Total time: 0:00:20 (0.5231 s / it)
Averaged stats: lr: 0.000144  min_lr: 0.000144  loss: 84.8101 (85.6686)  weight_decay: 0.0500 (0.0500)  grad_norm: 0.0000 (0.0000)
Epoch: [18]  [ 0/39]  eta: 0:08:30  lr: 0.000144  min_lr: 0.000144  loss: 83.1727 (83.1727)  weight_decay: 0.0500 (0.0500)  grad_norm: 0.0000 (0.0000)  time: 13.0804  data: 12.7557  max mem: 344
Epoch: [18]  [10/39]  eta: 0:00:46  lr: 0.000146  min_lr: 0.000146  loss: 85.9972 (85.7654)  weight_decay: 0.0500 (0.0500)  grad_norm: 0.0000 (0.0000)  time: 1.6043  data: 1.3851  max mem: 344
Epoch: [18]  [20/39]  eta: 0:00:17  lr: 0.000148  min_lr: 0.000148  loss: 85.8638 (85.6089)  weight_decay: 0.0500 (0.0500)  grad_norm: 0.0000 (0.0000)  time: 0.2860  data: 0.1241  max mem: 344
Epoch: [18]  [30/39]  eta: 0:00:05  lr: 0.000150  min_lr: 0.000150  loss: 86.3834 (86.0128)  weight_decay: 0.0500 (0.0500)  grad_norm: 0.0000 (0.0000)  time: 0.1138  data: 0.0002  max mem: 344
Epoch: [18]  [38/39]  eta: 0:00:00  lr: 0.000152  min_lr: 0.000152  loss: 85.9646 (85.7086)  weight_decay: 0.0500 (0.0500)  grad_norm: 0.0000 (0.0000)  time: 0.1153  data: 0.0001  max mem: 344
Epoch: [18] Total time: 0:00:21 (0.5434 s / it)
Averaged stats: lr: 0.000152  min_lr: 0.000152  loss: 85.9646 (85.7869)  weight_decay: 0.0500 (0.0500)  grad_norm: 0.0000 (0.0000)
Epoch: [19]  [ 0/39]  eta: 0:09:44  lr: 0.000152  min_lr: 0.000152  loss: 81.6138 (81.6138)  weight_decay: 0.0500 (0.0500)  grad_norm: 0.0000 (0.0000)  time: 14.9823  data: 14.6593  max mem: 344
Epoch: [19]  [10/39]  eta: 0:00:44  lr: 0.000154  min_lr: 0.000154  loss: 85.2636 (85.2207)  weight_decay: 0.0500 (0.0500)  grad_norm: 0.0000 (0.0000)  time: 1.5474  data: 1.3952  max mem: 344
Epoch: [19]  [20/39]  eta: 0:00:16  lr: 0.000156  min_lr: 0.000156  loss: 85.2636 (85.2865)  weight_decay: 0.0500 (0.0500)  grad_norm: 0.0000 (0.0000)  time: 0.1711  data: 0.0441  max mem: 344
Epoch: [19]  [30/39]  eta: 0:00:05  lr: 0.000158  min_lr: 0.000158  loss: 84.4394 (85.1611)  weight_decay: 0.0500 (0.0500)  grad_norm: 0.0000 (0.0000)  time: 0.1253  data: 0.0098  max mem: 344
Epoch: [19]  [38/39]  eta: 0:00:00  lr: 0.000160  min_lr: 0.000160  loss: 84.2255 (85.0185)  weight_decay: 0.0500 (0.0500)  grad_norm: 0.0000 (0.0000)  time: 0.1132  data: 0.0002  max mem: 344
Epoch: [19] Total time: 0:00:20 (0.5302 s / it)
Averaged stats: lr: 0.000160  min_lr: 0.000160  loss: 84.2255 (85.7160)  weight_decay: 0.0500 (0.0500)  grad_norm: 0.0000 (0.0000)
Epoch: [20]  [ 0/39]  eta: 0:09:50  lr: 0.000160  min_lr: 0.000160  loss: 85.2009 (85.2009)  weight_decay: 0.0500 (0.0500)  grad_norm: 0.0000 (0.0000)  time: 15.1290  data: 14.9109  max mem: 344
Epoch: [20]  [10/39]  eta: 0:00:46  lr: 0.000162  min_lr: 0.000162  loss: 85.2009 (85.2326)  weight_decay: 0.0500 (0.0500)  grad_norm: 0.0000 (0.0000)  time: 1.5901  data: 1.4134  max mem: 344
Epoch: [20]  [20/39]  eta: 0:00:17  lr: 0.000164  min_lr: 0.000164  loss: 84.2397 (84.7360)  weight_decay: 0.0500 (0.0500)  grad_norm: 0.0000 (0.0000)  time: 0.1883  data: 0.0319  max mem: 344
Epoch: [20]  [30/39]  eta: 0:00:05  lr: 0.000166  min_lr: 0.000166  loss: 85.0756 (85.1323)  weight_decay: 0.0500 (0.0500)  grad_norm: 0.0000 (0.0000)  time: 0.1359  data: 0.0002  max mem: 344
Epoch: [20]  [38/39]  eta: 0:00:00  lr: 0.000168  min_lr: 0.000168  loss: 86.2570 (85.0145)  weight_decay: 0.0500 (0.0500)  grad_norm: 0.0000 (0.0000)  time: 0.1389  data: 0.0002  max mem: 344
Epoch: [20] Total time: 0:00:21 (0.5553 s / it)
Averaged stats: lr: 0.000168  min_lr: 0.000168  loss: 86.2570 (85.6138)  weight_decay: 0.0500 (0.0500)  grad_norm: 0.0000 (0.0000)
Epoch: [21]  [ 0/39]  eta: 0:09:15  lr: 0.000168  min_lr: 0.000168  loss: 85.1754 (85.1754)  weight_decay: 0.0500 (0.0500)  grad_norm: 0.0000 (0.0000)  time: 14.2478  data: 13.8861  max mem: 344
Epoch: [21]  [10/39]  eta: 0:00:47  lr: 0.000170  min_lr: 0.000170  loss: 87.6157 (87.1386)  weight_decay: 0.0500 (0.0500)  grad_norm: 0.0000 (0.0000)  time: 1.6523  data: 1.4242  max mem: 344
Epoch: [21]  [20/39]  eta: 0:00:17  lr: 0.000172  min_lr: 0.000172  loss: 86.7273 (86.8962)  weight_decay: 0.0500 (0.0500)  grad_norm: 0.0000 (0.0000)  time: 0.2538  data: 0.0891  max mem: 344
Epoch: [21]  [30/39]  eta: 0:00:05  lr: 0.000174  min_lr: 0.000174  loss: 86.6471 (86.6929)  weight_decay: 0.0500 (0.0500)  grad_norm: 0.0000 (0.0000)  time: 0.1167  data: 0.0002  max mem: 344
Epoch: [21]  [38/39]  eta: 0:00:00  lr: 0.000176  min_lr: 0.000176  loss: 85.8873 (86.2167)  weight_decay: 0.0500 (0.0500)  grad_norm: 0.0000 (0.0000)  time: 0.1263  data: 0.0002  max mem: 344
Epoch: [21] Total time: 0:00:21 (0.5632 s / it)
Averaged stats: lr: 0.000176  min_lr: 0.000176  loss: 85.8873 (85.7638)  weight_decay: 0.0500 (0.0500)  grad_norm: 0.0000 (0.0000)
Epoch: [22]  [ 0/39]  eta: 0:08:15  lr: 0.000176  min_lr: 0.000176  loss: 86.5098 (86.5098)  weight_decay: 0.0500 (0.0500)  grad_norm: 0.0000 (0.0000)  time: 12.6958  data: 12.3535  max mem: 344
Epoch: [22]  [10/39]  eta: 0:00:45  lr: 0.000178  min_lr: 0.000178  loss: 85.8900 (85.6482)  weight_decay: 0.0500 (0.0500)  grad_norm: 0.0000 (0.0000)  time: 1.5610  data: 1.3715  max mem: 344
Epoch: [22]  [20/39]  eta: 0:00:16  lr: 0.000180  min_lr: 0.000180  loss: 84.9827 (85.3045)  weight_decay: 0.0500 (0.0500)  grad_norm: 0.0000 (0.0000)  time: 0.2800  data: 0.1367  max mem: 344
Epoch: [22]  [30/39]  eta: 0:00:05  lr: 0.000182  min_lr: 0.000182  loss: 84.6709 (85.0168)  weight_decay: 0.0500 (0.0500)  grad_norm: 0.0000 (0.0000)  time: 0.1126  data: 0.0001  max mem: 344
Epoch: [22]  [38/39]  eta: 0:00:00  lr: 0.000184  min_lr: 0.000184  loss: 84.8484 (85.2931)  weight_decay: 0.0500 (0.0500)  grad_norm: 0.0000 (0.0000)  time: 0.1144  data: 0.0002  max mem: 344
Epoch: [22] Total time: 0:00:20 (0.5309 s / it)
Averaged stats: lr: 0.000184  min_lr: 0.000184  loss: 84.8484 (85.5772)  weight_decay: 0.0500 (0.0500)  grad_norm: 0.0000 (0.0000)
Epoch: [23]  [ 0/39]  eta: 0:09:20  lr: 0.000184  min_lr: 0.000184  loss: 85.8959 (85.8959)  weight_decay: 0.0500 (0.0500)  grad_norm: 0.0000 (0.0000)  time: 14.3735  data: 13.6668  max mem: 344
Epoch: [23]  [10/39]  eta: 0:00:44  lr: 0.000186  min_lr: 0.000186  loss: 85.8959 (85.6452)  weight_decay: 0.0500 (0.0500)  grad_norm: 0.0000 (0.0000)  time: 1.5492  data: 1.3507  max mem: 344
Epoch: [23]  [20/39]  eta: 0:00:16  lr: 0.000188  min_lr: 0.000188  loss: 85.1493 (85.5509)  weight_decay: 0.0500 (0.0500)  grad_norm: 0.0000 (0.0000)  time: 0.2018  data: 0.0628  max mem: 344
Epoch: [23]  [30/39]  eta: 0:00:05  lr: 0.000190  min_lr: 0.000190  loss: 84.1267 (85.1902)  weight_decay: 0.0500 (0.0500)  grad_norm: 0.0000 (0.0000)  time: 0.1245  data: 0.0033  max mem: 344
Epoch: [23]  [38/39]  eta: 0:00:00  lr: 0.000192  min_lr: 0.000192  loss: 86.3824 (85.6631)  weight_decay: 0.0500 (0.0500)  grad_norm: 0.0000 (0.0000)  time: 0.1330  data: 0.0033  max mem: 344
Epoch: [23] Total time: 0:00:20 (0.5355 s / it)
Averaged stats: lr: 0.000192  min_lr: 0.000192  loss: 86.3824 (85.6067)  weight_decay: 0.0500 (0.0500)  grad_norm: 0.0000 (0.0000)
Epoch: [24]  [ 0/39]  eta: 0:09:47  lr: 0.000192  min_lr: 0.000192  loss: 81.7940 (81.7940)  weight_decay: 0.0500 (0.0500)  grad_norm: 0.0000 (0.0000)  time: 15.0560  data: 14.8267  max mem: 344
Epoch: [24]  [10/39]  eta: 0:00:45  lr: 0.000194  min_lr: 0.000194  loss: 85.9703 (86.0913)  weight_decay: 0.0500 (0.0500)  grad_norm: 0.0000 (0.0000)  time: 1.5847  data: 1.4411  max mem: 344
Epoch: [24]  [20/39]  eta: 0:00:16  lr: 0.000196  min_lr: 0.000196  loss: 85.7554 (85.6640)  weight_decay: 0.0500 (0.0500)  grad_norm: 0.0000 (0.0000)  time: 0.1760  data: 0.0514  max mem: 344
Epoch: [24]  [30/39]  eta: 0:00:05  lr: 0.000198  min_lr: 0.000198  loss: 85.1520 (85.7379)  weight_decay: 0.0500 (0.0500)  grad_norm: 0.0000 (0.0000)  time: 0.1158  data: 0.0002  max mem: 344
Epoch: [24]  [38/39]  eta: 0:00:00  lr: 0.000200  min_lr: 0.000200  loss: 85.4770 (85.8954)  weight_decay: 0.0500 (0.0500)  grad_norm: 0.0000 (0.0000)  time: 0.1237  data: 0.0001  max mem: 344
Epoch: [24] Total time: 0:00:21 (0.5405 s / it)
Averaged stats: lr: 0.000200  min_lr: 0.000200  loss: 85.4770 (85.5628)  weight_decay: 0.0500 (0.0500)  grad_norm: 0.0000 (0.0000)
Epoch: [25]  [ 0/39]  eta: 0:08:46  lr: 0.000200  min_lr: 0.000200  loss: 89.2195 (89.2195)  weight_decay: 0.0500 (0.0500)  grad_norm: 0.0000 (0.0000)  time: 13.4912  data: 13.1492  max mem: 344
Epoch: [25]  [10/39]  eta: 0:00:44  lr: 0.000202  min_lr: 0.000202  loss: 83.5883 (85.0075)  weight_decay: 0.0500 (0.0500)  grad_norm: 0.0000 (0.0000)  time: 1.5230  data: 1.3620  max mem: 344
Epoch: [25]  [20/39]  eta: 0:00:16  lr: 0.000204  min_lr: 0.000204  loss: 84.7017 (85.8969)  weight_decay: 0.0500 (0.0500)  grad_norm: 0.0000 (0.0000)  time: 0.2445  data: 0.1117  max mem: 344
Epoch: [25]  [30/39]  eta: 0:00:05  lr: 0.000206  min_lr: 0.000206  loss: 86.4841 (85.9062)  weight_decay: 0.0500 (0.0500)  grad_norm: 0.0000 (0.0000)  time: 0.1359  data: 0.0201  max mem: 344
Epoch: [25]  [38/39]  eta: 0:00:00  lr: 0.000208  min_lr: 0.000208  loss: 86.6780 (86.0238)  weight_decay: 0.0500 (0.0500)  grad_norm: 0.0000 (0.0000)  time: 0.1239  data: 0.0078  max mem: 344
Epoch: [25] Total time: 0:00:20 (0.5299 s / it)
Averaged stats: lr: 0.000208  min_lr: 0.000208  loss: 86.6780 (85.9027)  weight_decay: 0.0500 (0.0500)  grad_norm: 0.0000 (0.0000)
[Eval]   [0/1]  eta: 0:00:02  loss: 82.0057 (82.0057)  time: 2.8455  data: 2.8400  max mem: 344
[Eval]  Total time: 0:00:03 (3.0126 s / it)
Eval averaged stats: loss: 82.0057 (87.0818)
Epoch: [26]  [ 0/39]  eta: 0:09:22  lr: 0.000208  min_lr: 0.000208  loss: 86.8922 (86.8922)  weight_decay: 0.0500 (0.0500)  grad_norm: 0.0000 (0.0000)  time: 14.4347  data: 13.9922  max mem: 344
Epoch: [26]  [10/39]  eta: 0:00:43  lr: 0.000210  min_lr: 0.000210  loss: 85.8536 (85.8575)  weight_decay: 0.0500 (0.0500)  grad_norm: 0.0000 (0.0000)  time: 1.5031  data: 1.3428  max mem: 344
Epoch: [26]  [20/39]  eta: 0:00:16  lr: 0.000212  min_lr: 0.000212  loss: 85.3356 (85.3788)  weight_decay: 0.0500 (0.0500)  grad_norm: 0.0000 (0.0000)  time: 0.1700  data: 0.0472  max mem: 344
Epoch: [26]  [30/39]  eta: 0:00:05  lr: 0.000214  min_lr: 0.000214  loss: 84.1788 (85.4483)  weight_decay: 0.0500 (0.0500)  grad_norm: 0.0000 (0.0000)  time: 0.1207  data: 0.0084  max mem: 344
Epoch: [26]  [38/39]  eta: 0:00:00  lr: 0.000216  min_lr: 0.000216  loss: 85.3356 (85.5958)  weight_decay: 0.0500 (0.0500)  grad_norm: 0.0000 (0.0000)  time: 0.1238  data: 0.0084  max mem: 344
Epoch: [26] Total time: 0:00:20 (0.5182 s / it)
Averaged stats: lr: 0.000216  min_lr: 0.000216  loss: 85.3356 (85.7144)  weight_decay: 0.0500 (0.0500)  grad_norm: 0.0000 (0.0000)
Epoch: [27]  [ 0/39]  eta: 0:10:06  lr: 0.000216  min_lr: 0.000216  loss: 85.3679 (85.3679)  weight_decay: 0.0500 (0.0500)  grad_norm: 0.0000 (0.0000)  time: 15.5443  data: 15.3256  max mem: 344
Epoch: [27]  [10/39]  eta: 0:00:45  lr: 0.000218  min_lr: 0.000218  loss: 82.4240 (83.5908)  weight_decay: 0.0500 (0.0500)  grad_norm: 0.0000 (0.0000)  time: 1.5843  data: 1.4116  max mem: 344
Epoch: [27]  [20/39]  eta: 0:00:17  lr: 0.000220  min_lr: 0.000220  loss: 85.3679 (84.7890)  weight_decay: 0.0500 (0.0500)  grad_norm: 0.0000 (0.0000)  time: 0.1636  data: 0.0201  max mem: 344
Epoch: [27]  [30/39]  eta: 0:00:05  lr: 0.000222  min_lr: 0.000222  loss: 85.7885 (85.3168)  weight_decay: 0.0500 (0.0500)  grad_norm: 0.0000 (0.0000)  time: 0.1276  data: 0.0101  max mem: 344
Epoch: [27]  [38/39]  eta: 0:00:00  lr: 0.000224  min_lr: 0.000224  loss: 86.0842 (85.7262)  weight_decay: 0.0500 (0.0500)  grad_norm: 0.0000 (0.0000)  time: 0.1287  data: 0.0052  max mem: 344
Epoch: [27] Total time: 0:00:21 (0.5449 s / it)
Averaged stats: lr: 0.000224  min_lr: 0.000224  loss: 86.0842 (85.5667)  weight_decay: 0.0500 (0.0500)  grad_norm: 0.0000 (0.0000)
Epoch: [28]  [ 0/39]  eta: 0:08:10  lr: 0.000224  min_lr: 0.000224  loss: 83.4497 (83.4497)  weight_decay: 0.0500 (0.0500)  grad_norm: 0.0000 (0.0000)  time: 12.5805  data: 12.2036  max mem: 344
Epoch: [28]  [10/39]  eta: 0:00:43  lr: 0.000226  min_lr: 0.000226  loss: 84.9395 (85.3489)  weight_decay: 0.0500 (0.0500)  grad_norm: 0.0000 (0.0000)  time: 1.5015  data: 1.2948  max mem: 344
Epoch: [28]  [20/39]  eta: 0:00:16  lr: 0.000228  min_lr: 0.000228  loss: 84.9395 (85.1700)  weight_decay: 0.0500 (0.0500)  grad_norm: 0.0000 (0.0000)  time: 0.2834  data: 0.1296  max mem: 344
Epoch: [28]  [30/39]  eta: 0:00:05  lr: 0.000230  min_lr: 0.000230  loss: 84.0388 (85.2356)  weight_decay: 0.0500 (0.0500)  grad_norm: 0.0000 (0.0000)  time: 0.1467  data: 0.0277  max mem: 344
Epoch: [28]  [38/39]  eta: 0:00:00  lr: 0.000232  min_lr: 0.000232  loss: 85.4047 (85.5098)  weight_decay: 0.0500 (0.0500)  grad_norm: 0.0000 (0.0000)  time: 0.1257  data: 0.0047  max mem: 344
Epoch: [28] Total time: 0:00:20 (0.5309 s / it)
Averaged stats: lr: 0.000232  min_lr: 0.000232  loss: 85.4047 (85.7240)  weight_decay: 0.0500 (0.0500)  grad_norm: 0.0000 (0.0000)
Epoch: [29]  [ 0/39]  eta: 0:09:38  lr: 0.000232  min_lr: 0.000232  loss: 83.7396 (83.7396)  weight_decay: 0.0500 (0.0500)  grad_norm: 0.0000 (0.0000)  time: 14.8246  data: 14.5399  max mem: 344
Epoch: [29]  [10/39]  eta: 0:00:45  lr: 0.000234  min_lr: 0.000234  loss: 86.9676 (85.6750)  weight_decay: 0.0500 (0.0500)  grad_norm: 0.0000 (0.0000)  time: 1.5536  data: 1.4203  max mem: 344
Epoch: [29]  [20/39]  eta: 0:00:16  lr: 0.000236  min_lr: 0.000236  loss: 84.5661 (85.0520)  weight_decay: 0.0500 (0.0500)  grad_norm: 0.0000 (0.0000)  time: 0.1685  data: 0.0543  max mem: 344
Epoch: [29]  [30/39]  eta: 0:00:05  lr: 0.000238  min_lr: 0.000238  loss: 84.9851 (85.4026)  weight_decay: 0.0500 (0.0500)  grad_norm: 0.0000 (0.0000)  time: 0.1099  data: 0.0001  max mem: 344
Epoch: [29]  [38/39]  eta: 0:00:00  lr: 0.000240  min_lr: 0.000240  loss: 85.5737 (85.3460)  weight_decay: 0.0500 (0.0500)  grad_norm: 0.0000 (0.0000)  time: 0.1180  data: 0.0001  max mem: 344
Epoch: [29] Total time: 0:00:20 (0.5296 s / it)
Averaged stats: lr: 0.000240  min_lr: 0.000240  loss: 85.5737 (86.0275)  weight_decay: 0.0500 (0.0500)  grad_norm: 0.0000 (0.0000)
Epoch: [30]  [ 0/39]  eta: 0:09:49  lr: 0.000240  min_lr: 0.000240  loss: 84.2145 (84.2145)  weight_decay: 0.0500 (0.0500)  grad_norm: 0.0000 (0.0000)  time: 15.1169  data: 14.7624  max mem: 344
Epoch: [30]  [10/39]  eta: 0:00:45  lr: 0.000242  min_lr: 0.000242  loss: 86.3623 (85.9346)  weight_decay: 0.0500 (0.0500)  grad_norm: 0.0000 (0.0000)  time: 1.5624  data: 1.4149  max mem: 344
Epoch: [30]  [20/39]  eta: 0:00:16  lr: 0.000244  min_lr: 0.000244  loss: 85.8998 (85.7529)  weight_decay: 0.0500 (0.0500)  grad_norm: 0.0000 (0.0000)  time: 0.1623  data: 0.0402  max mem: 344
Epoch: [30]  [30/39]  eta: 0:00:05  lr: 0.000246  min_lr: 0.000246  loss: 85.9956 (85.5524)  weight_decay: 0.0500 (0.0500)  grad_norm: 0.0000 (0.0000)  time: 0.1197  data: 0.0002  max mem: 344
Epoch: [30]  [38/39]  eta: 0:00:00  lr: 0.000248  min_lr: 0.000248  loss: 86.1031 (86.0550)  weight_decay: 0.0500 (0.0500)  grad_norm: 0.0000 (0.0000)  time: 0.1280  data: 0.0002  max mem: 344
Epoch: [30] Total time: 0:00:20 (0.5347 s / it)
Averaged stats: lr: 0.000248  min_lr: 0.000248  loss: 86.1031 (85.6864)  weight_decay: 0.0500 (0.0500)  grad_norm: 0.0000 (0.0000)
Epoch: [31]  [ 0/39]  eta: 0:25:25  lr: 0.000248  min_lr: 0.000248  loss: 88.5963 (88.5963)  weight_decay: 0.0500 (0.0500)  grad_norm: 0.0000 (0.0000)  time: 39.1256  data: 38.9430  max mem: 344
Epoch: [31]  [10/39]  eta: 0:02:22  lr: 0.000250  min_lr: 0.000250  loss: 85.6448 (85.6660)  weight_decay: 0.0500 (0.0500)  grad_norm: 0.0000 (0.0000)  time: 4.9005  data: 4.7569  max mem: 344
Epoch: [31]  [20/39]  eta: 0:00:49  lr: 0.000252  min_lr: 0.000252  loss: 85.3155 (85.5062)  weight_decay: 0.0500 (0.0500)  grad_norm: 0.0000 (0.0000)  time: 0.8067  data: 0.6692  max mem: 344
Epoch: [31]  [30/39]  eta: 0:00:16  lr: 0.000254  min_lr: 0.000254  loss: 84.9494 (85.4421)  weight_decay: 0.0500 (0.0500)  grad_norm: 0.0000 (0.0000)  time: 0.1243  data: 0.0001  max mem: 344
Epoch: [31]  [38/39]  eta: 0:00:01  lr: 0.000256  min_lr: 0.000256  loss: 85.7633 (85.7603)  weight_decay: 0.0500 (0.0500)  grad_norm: 0.0000 (0.0000)  time: 0.1218  data: 0.0001  max mem: 344
Epoch: [31] Total time: 0:00:57 (1.4766 s / it)
Averaged stats: lr: 0.000256  min_lr: 0.000256  loss: 85.7633 (85.7474)  weight_decay: 0.0500 (0.0500)  grad_norm: 0.0000 (0.0000)
Epoch: [32]  [ 0/39]  eta: 0:10:00  lr: 0.000256  min_lr: 0.000256  loss: 85.3306 (85.3306)  weight_decay: 0.0500 (0.0500)  grad_norm: 0.0000 (0.0000)  time: 15.3975  data: 15.2120  max mem: 344
Epoch: [32]  [10/39]  eta: 0:00:45  lr: 0.000258  min_lr: 0.000258  loss: 87.4873 (87.0998)  weight_decay: 0.0500 (0.0500)  grad_norm: 0.0000 (0.0000)  time: 1.5813  data: 1.4548  max mem: 344
Epoch: [32]  [20/39]  eta: 0:00:16  lr: 0.000260  min_lr: 0.000260  loss: 86.5464 (86.0919)  weight_decay: 0.0500 (0.0500)  grad_norm: 0.0000 (0.0000)  time: 0.1584  data: 0.0396  max mem: 344
Epoch: [32]  [30/39]  eta: 0:00:05  lr: 0.000262  min_lr: 0.000262  loss: 85.6210 (86.1821)  weight_decay: 0.0500 (0.0500)  grad_norm: 0.0000 (0.0000)  time: 0.1179  data: 0.0001  max mem: 344
Epoch: [32]  [38/39]  eta: 0:00:00  lr: 0.000264  min_lr: 0.000264  loss: 85.6210 (86.1187)  weight_decay: 0.0500 (0.0500)  grad_norm: 0.0000 (0.0000)  time: 0.1227  data: 0.0001  max mem: 344
Epoch: [32] Total time: 0:00:20 (0.5380 s / it)
Averaged stats: lr: 0.000264  min_lr: 0.000264  loss: 85.6210 (85.8294)  weight_decay: 0.0500 (0.0500)  grad_norm: 0.0000 (0.0000)
Epoch: [33]  [ 0/39]  eta: 0:09:55  lr: 0.000264  min_lr: 0.000264  loss: 88.0611 (88.0611)  weight_decay: 0.0500 (0.0500)  grad_norm: 0.0000 (0.0000)  time: 15.2591  data: 15.0605  max mem: 344
Epoch: [33]  [10/39]  eta: 0:00:45  lr: 0.000266  min_lr: 0.000266  loss: 86.1685 (86.6641)  weight_decay: 0.0500 (0.0500)  grad_norm: 0.0000 (0.0000)  time: 1.5711  data: 1.4422  max mem: 344
Epoch: [33]  [20/39]  eta: 0:00:16  lr: 0.000268  min_lr: 0.000268  loss: 86.0853 (86.1504)  weight_decay: 0.0500 (0.0500)  grad_norm: 0.0000 (0.0000)  time: 0.1587  data: 0.0403  max mem: 344
Epoch: [33]  [30/39]  eta: 0:00:05  lr: 0.000270  min_lr: 0.000270  loss: 85.2563 (85.8603)  weight_decay: 0.0500 (0.0500)  grad_norm: 0.0000 (0.0000)  time: 0.1149  data: 0.0002  max mem: 344
Epoch: [33]  [38/39]  eta: 0:00:00  lr: 0.000272  min_lr: 0.000272  loss: 84.5541 (85.6735)  weight_decay: 0.0500 (0.0500)  grad_norm: 0.0000 (0.0000)  time: 0.1197  data: 0.0002  max mem: 344
Epoch: [33] Total time: 0:00:20 (0.5324 s / it)
Averaged stats: lr: 0.000272  min_lr: 0.000272  loss: 84.5541 (85.7530)  weight_decay: 0.0500 (0.0500)  grad_norm: 0.0000 (0.0000)
Epoch: [34]  [ 0/39]  eta: 0:10:16  lr: 0.000272  min_lr: 0.000272  loss: 90.2451 (90.2451)  weight_decay: 0.0500 (0.0500)  grad_norm: 0.0000 (0.0000)  time: 15.8099  data: 15.6098  max mem: 344
Epoch: [34]  [10/39]  eta: 0:00:46  lr: 0.000274  min_lr: 0.000274  loss: 85.7271 (86.0002)  weight_decay: 0.0500 (0.0500)  grad_norm: 0.0000 (0.0000)  time: 1.5888  data: 1.4493  max mem: 344
Epoch: [34]  [20/39]  eta: 0:00:17  lr: 0.000276  min_lr: 0.000276  loss: 85.3208 (86.0105)  weight_decay: 0.0500 (0.0500)  grad_norm: 0.0000 (0.0000)  time: 0.1559  data: 0.0168  max mem: 344
Epoch: [34]  [30/39]  eta: 0:00:05  lr: 0.000278  min_lr: 0.000278  loss: 85.1459 (85.7674)  weight_decay: 0.0500 (0.0500)  grad_norm: 0.0000 (0.0000)  time: 0.1437  data: 0.0002  max mem: 344
Epoch: [34]  [38/39]  eta: 0:00:00  lr: 0.000280  min_lr: 0.000280  loss: 85.3208 (85.7556)  weight_decay: 0.0500 (0.0500)  grad_norm: 0.0000 (0.0000)  time: 0.1406  data: 0.0002  max mem: 344
Epoch: [34] Total time: 0:00:21 (0.5566 s / it)
Averaged stats: lr: 0.000280  min_lr: 0.000280  loss: 85.3208 (85.6181)  weight_decay: 0.0500 (0.0500)  grad_norm: 0.0000 (0.0000)
Epoch: [35]  [ 0/39]  eta: 0:10:01  lr: 0.000280  min_lr: 0.000280  loss: 84.9524 (84.9524)  weight_decay: 0.0500 (0.0500)  grad_norm: 0.0000 (0.0000)  time: 15.4273  data: 15.2312  max mem: 344
Epoch: [35]  [10/39]  eta: 0:00:44  lr: 0.000282  min_lr: 0.000282  loss: 84.9524 (84.9176)  weight_decay: 0.0500 (0.0500)  grad_norm: 0.0000 (0.0000)  time: 1.5346  data: 1.3848  max mem: 344
Epoch: [35]  [20/39]  eta: 0:00:16  lr: 0.000284  min_lr: 0.000284  loss: 85.8456 (85.1729)  weight_decay: 0.0500 (0.0500)  grad_norm: 0.0000 (0.0000)  time: 0.1498  data: 0.0002  max mem: 344
Epoch: [35]  [30/39]  eta: 0:00:05  lr: 0.000286  min_lr: 0.000286  loss: 86.6799 (85.5916)  weight_decay: 0.0500 (0.0500)  grad_norm: 0.0000 (0.0000)  time: 0.1332  data: 0.0002  max mem: 344
Epoch: [35]  [38/39]  eta: 0:00:00  lr: 0.000288  min_lr: 0.000288  loss: 85.9223 (85.6464)  weight_decay: 0.0500 (0.0500)  grad_norm: 0.0000 (0.0000)  time: 0.1448  data: 0.0002  max mem: 344
Epoch: [35] Total time: 0:00:21 (0.5472 s / it)
Averaged stats: lr: 0.000288  min_lr: 0.000288  loss: 85.9223 (85.8370)  weight_decay: 0.0500 (0.0500)  grad_norm: 0.0000 (0.0000)
Epoch: [36]  [ 0/39]  eta: 0:10:18  lr: 0.000288  min_lr: 0.000288  loss: 89.4260 (89.4260)  weight_decay: 0.0500 (0.0500)  grad_norm: 0.0000 (0.0000)  time: 15.8693  data: 15.6253  max mem: 344
Epoch: [36]  [10/39]  eta: 0:00:45  lr: 0.000290  min_lr: 0.000290  loss: 85.6603 (85.6802)  weight_decay: 0.0500 (0.0500)  grad_norm: 0.0000 (0.0000)  time: 1.5733  data: 1.4246  max mem: 344
Epoch: [36]  [20/39]  eta: 0:00:17  lr: 0.000292  min_lr: 0.000292  loss: 85.4374 (85.5756)  weight_decay: 0.0500 (0.0500)  grad_norm: 0.0000 (0.0000)  time: 0.1494  data: 0.0131  max mem: 344
Epoch: [36]  [30/39]  eta: 0:00:05  lr: 0.000294  min_lr: 0.000294  loss: 85.6318 (85.7855)  weight_decay: 0.0500 (0.0500)  grad_norm: 0.0000 (0.0000)  time: 0.1500  data: 0.0109  max mem: 344
Epoch: [36]  [38/39]  eta: 0:00:00  lr: 0.000296  min_lr: 0.000296  loss: 84.5019 (85.6152)  weight_decay: 0.0500 (0.0500)  grad_norm: 0.0000 (0.0000)  time: 0.1413  data: 0.0028  max mem: 344
Epoch: [36] Total time: 0:00:21 (0.5529 s / it)
Averaged stats: lr: 0.000296  min_lr: 0.000296  loss: 84.5019 (85.8489)  weight_decay: 0.0500 (0.0500)  grad_norm: 0.0000 (0.0000)
Epoch: [37]  [ 0/39]  eta: 0:08:43  lr: 0.000296  min_lr: 0.000296  loss: 86.0805 (86.0805)  weight_decay: 0.0500 (0.0500)  grad_norm: 0.0000 (0.0000)  time: 13.4341  data: 13.1204  max mem: 344
Epoch: [37]  [10/39]  eta: 0:00:45  lr: 0.000298  min_lr: 0.000298  loss: 86.8831 (86.7909)  weight_decay: 0.0500 (0.0500)  grad_norm: 0.0000 (0.0000)  time: 1.5599  data: 1.3764  max mem: 344
Epoch: [37]  [20/39]  eta: 0:00:16  lr: 0.000300  min_lr: 0.000300  loss: 86.8831 (86.6513)  weight_decay: 0.0500 (0.0500)  grad_norm: 0.0000 (0.0000)  time: 0.2467  data: 0.1011  max mem: 344
Epoch: [37]  [30/39]  eta: 0:00:05  lr: 0.000302  min_lr: 0.000302  loss: 84.8949 (86.2129)  weight_decay: 0.0500 (0.0500)  grad_norm: 0.0000 (0.0000)  time: 0.1171  data: 0.0002  max mem: 344
Epoch: [37]  [38/39]  eta: 0:00:00  lr: 0.000304  min_lr: 0.000304  loss: 85.4679 (86.0219)  weight_decay: 0.0500 (0.0500)  grad_norm: 0.0000 (0.0000)  time: 0.1380  data: 0.0002  max mem: 344
Epoch: [37] Total time: 0:00:21 (0.5428 s / it)
Averaged stats: lr: 0.000304  min_lr: 0.000304  loss: 85.4679 (86.0592)  weight_decay: 0.0500 (0.0500)  grad_norm: 0.0000 (0.0000)
Epoch: [38]  [ 0/39]  eta: 0:10:22  lr: 0.000304  min_lr: 0.000304  loss: 88.6928 (88.6928)  weight_decay: 0.0500 (0.0500)  grad_norm: 0.0000 (0.0000)  time: 15.9680  data: 15.7810  max mem: 344
Epoch: [38]  [10/39]  eta: 0:00:45  lr: 0.000306  min_lr: 0.000306  loss: 86.2369 (86.2181)  weight_decay: 0.0500 (0.0500)  grad_norm: 0.0000 (0.0000)  time: 1.5732  data: 1.4349  max mem: 344
Epoch: [38]  [20/39]  eta: 0:00:16  lr: 0.000308  min_lr: 0.000308  loss: 85.2160 (86.2278)  weight_decay: 0.0500 (0.0500)  grad_norm: 0.0000 (0.0000)  time: 0.1226  data: 0.0002  max mem: 344
Epoch: [38]  [30/39]  eta: 0:00:05  lr: 0.000310  min_lr: 0.000310  loss: 85.5521 (86.3593)  weight_decay: 0.0500 (0.0500)  grad_norm: 0.0000 (0.0000)  time: 0.1165  data: 0.0002  max mem: 344
Epoch: [38]  [38/39]  eta: 0:00:00  lr: 0.000312  min_lr: 0.000312  loss: 85.8701 (86.7920)  weight_decay: 0.0500 (0.0500)  grad_norm: 0.0000 (0.0000)  time: 0.1231  data: 0.0002  max mem: 344
Epoch: [38] Total time: 0:00:20 (0.5360 s / it)
Averaged stats: lr: 0.000312  min_lr: 0.000312  loss: 85.8701 (85.8351)  weight_decay: 0.0500 (0.0500)  grad_norm: 0.0000 (0.0000)
Epoch: [39]  [ 0/39]  eta: 0:09:23  lr: 0.000312  min_lr: 0.000312  loss: 84.9030 (84.9030)  weight_decay: 0.0500 (0.0500)  grad_norm: 0.0000 (0.0000)  time: 14.4518  data: 14.0665  max mem: 344
Epoch: [39]  [10/39]  eta: 0:00:45  lr: 0.000314  min_lr: 0.000314  loss: 84.9030 (84.5532)  weight_decay: 0.0500 (0.0500)  grad_norm: 0.0000 (0.0000)  time: 1.5785  data: 1.4106  max mem: 344
Epoch: [39]  [20/39]  eta: 0:00:16  lr: 0.000316  min_lr: 0.000316  loss: 85.1980 (85.4303)  weight_decay: 0.0500 (0.0500)  grad_norm: 0.0000 (0.0000)  time: 0.2028  data: 0.0726  max mem: 344
Epoch: [39]  [30/39]  eta: 0:00:05  lr: 0.000318  min_lr: 0.000318  loss: 86.5370 (85.5518)  weight_decay: 0.0500 (0.0500)  grad_norm: 0.0000 (0.0000)  time: 0.1155  data: 0.0001  max mem: 344
Epoch: [39]  [38/39]  eta: 0:00:00  lr: 0.000320  min_lr: 0.000320  loss: 85.9540 (85.4701)  weight_decay: 0.0500 (0.0500)  grad_norm: 0.0000 (0.0000)  time: 0.1223  data: 0.0001  max mem: 344
Epoch: [39] Total time: 0:00:20 (0.5365 s / it)
Averaged stats: lr: 0.000320  min_lr: 0.000320  loss: 85.9540 (85.5806)  weight_decay: 0.0500 (0.0500)  grad_norm: 0.0000 (0.0000)
Epoch: [40]  [ 0/39]  eta: 0:09:06  lr: 0.000320  min_lr: 0.000320  loss: 84.9264 (84.9264)  weight_decay: 0.0500 (0.0500)  grad_norm: 0.0000 (0.0000)  time: 14.0019  data: 13.6725  max mem: 344
Epoch: [40]  [10/39]  eta: 0:00:45  lr: 0.000322  min_lr: 0.000322  loss: 85.6926 (85.5524)  weight_decay: 0.0500 (0.0500)  grad_norm: 0.0000 (0.0000)  time: 1.5760  data: 1.4263  max mem: 344
Epoch: [40]  [20/39]  eta: 0:00:16  lr: 0.000324  min_lr: 0.000324  loss: 85.6754 (85.7031)  weight_decay: 0.0500 (0.0500)  grad_norm: 0.0000 (0.0000)  time: 0.2244  data: 0.1009  max mem: 344
Epoch: [40]  [30/39]  eta: 0:00:05  lr: 0.000326  min_lr: 0.000326  loss: 85.6754 (85.9705)  weight_decay: 0.0500 (0.0500)  grad_norm: 0.0000 (0.0000)  time: 0.1161  data: 0.0002  max mem: 344
Epoch: [40]  [38/39]  eta: 0:00:00  lr: 0.000328  min_lr: 0.000328  loss: 86.7286 (86.4605)  weight_decay: 0.0500 (0.0500)  grad_norm: 0.0000 (0.0000)  time: 0.1371  data: 0.0002  max mem: 344
Epoch: [40] Total time: 0:00:21 (0.5444 s / it)
Averaged stats: lr: 0.000328  min_lr: 0.000328  loss: 86.7286 (85.9077)  weight_decay: 0.0500 (0.0500)  grad_norm: 0.0000 (0.0000)
Epoch: [41]  [ 0/39]  eta: 0:09:47  lr: 0.000328  min_lr: 0.000328  loss: 87.6423 (87.6423)  weight_decay: 0.0500 (0.0500)  grad_norm: 0.0000 (0.0000)  time: 15.0606  data: 14.7514  max mem: 344
Epoch: [41]  [10/39]  eta: 0:00:44  lr: 0.000330  min_lr: 0.000330  loss: 86.0178 (85.8222)  weight_decay: 0.0500 (0.0500)  grad_norm: 0.0000 (0.0000)  time: 1.5508  data: 1.4015  max mem: 344
Epoch: [41]  [20/39]  eta: 0:00:17  lr: 0.000332  min_lr: 0.000332  loss: 84.2648 (85.1158)  weight_decay: 0.0500 (0.0500)  grad_norm: 0.0000 (0.0000)  time: 0.1899  data: 0.0560  max mem: 344
Epoch: [41]  [30/39]  eta: 0:00:05  lr: 0.000334  min_lr: 0.000334  loss: 84.2648 (84.8054)  weight_decay: 0.0500 (0.0500)  grad_norm: 0.0000 (0.0000)  time: 0.1504  data: 0.0228  max mem: 344
Epoch: [41]  [38/39]  eta: 0:00:00  lr: 0.000336  min_lr: 0.000336  loss: 84.7587 (84.9038)  weight_decay: 0.0500 (0.0500)  grad_norm: 0.0000 (0.0000)  time: 0.1321  data: 0.0059  max mem: 344
Epoch: [41] Total time: 0:00:21 (0.5468 s / it)
Averaged stats: lr: 0.000336  min_lr: 0.000336  loss: 84.7587 (85.3534)  weight_decay: 0.0500 (0.0500)  grad_norm: 0.0000 (0.0000)
Epoch: [42]  [ 0/39]  eta: 0:10:09  lr: 0.000336  min_lr: 0.000336  loss: 83.0335 (83.0335)  weight_decay: 0.0500 (0.0500)  grad_norm: 0.0000 (0.0000)  time: 15.6348  data: 15.4162  max mem: 344
Epoch: [42]  [10/39]  eta: 0:00:46  lr: 0.000338  min_lr: 0.000338  loss: 86.4225 (86.3056)  weight_decay: 0.0500 (0.0500)  grad_norm: 0.0000 (0.0000)  time: 1.6072  data: 1.4786  max mem: 344
Epoch: [42]  [20/39]  eta: 0:00:17  lr: 0.000340  min_lr: 0.000340  loss: 86.5197 (86.5218)  weight_decay: 0.0500 (0.0500)  grad_norm: 0.0000 (0.0000)  time: 0.1619  data: 0.0454  max mem: 344
Epoch: [42]  [30/39]  eta: 0:00:05  lr: 0.000342  min_lr: 0.000342  loss: 86.4023 (86.2774)  weight_decay: 0.0500 (0.0500)  grad_norm: 0.0000 (0.0000)  time: 0.1310  data: 0.0030  max mem: 344
Epoch: [42]  [38/39]  eta: 0:00:00  lr: 0.000344  min_lr: 0.000344  loss: 87.5101 (86.5822)  weight_decay: 0.0500 (0.0500)  grad_norm: 0.0000 (0.0000)  time: 0.1707  data: 0.0030  max mem: 344
Epoch: [42] Total time: 0:00:22 (0.5706 s / it)
Averaged stats: lr: 0.000344  min_lr: 0.000344  loss: 87.5101 (85.5676)  weight_decay: 0.0500 (0.0500)  grad_norm: 0.0000 (0.0000)
Epoch: [43]  [ 0/39]  eta: 0:10:20  lr: 0.000344  min_lr: 0.000344  loss: 87.0772 (87.0772)  weight_decay: 0.0500 (0.0500)  grad_norm: 0.0000 (0.0000)  time: 15.9177  data: 15.7163  max mem: 344
Epoch: [43]  [10/39]  eta: 0:00:47  lr: 0.000346  min_lr: 0.000346  loss: 85.9100 (86.4153)  weight_decay: 0.0500 (0.0500)  grad_norm: 0.0000 (0.0000)  time: 1.6223  data: 1.4762  max mem: 344
Epoch: [43]  [20/39]  eta: 0:00:17  lr: 0.000348  min_lr: 0.000348  loss: 84.7798 (85.6813)  weight_decay: 0.0500 (0.0500)  grad_norm: 0.0000 (0.0000)  time: 0.1676  data: 0.0262  max mem: 344
Epoch: [43]  [30/39]  eta: 0:00:06  lr: 0.000350  min_lr: 0.000350  loss: 83.4749 (85.5024)  weight_decay: 0.0500 (0.0500)  grad_norm: 0.0000 (0.0000)  time: 0.1446  data: 0.0002  max mem: 344
Epoch: [43]  [38/39]  eta: 0:00:00  lr: 0.000352  min_lr: 0.000352  loss: 83.4749 (85.1762)  weight_decay: 0.0500 (0.0500)  grad_norm: 0.0000 (0.0000)  time: 0.1363  data: 0.0001  max mem: 344
Epoch: [43] Total time: 0:00:21 (0.5621 s / it)
Averaged stats: lr: 0.000352  min_lr: 0.000352  loss: 83.4749 (85.6211)  weight_decay: 0.0500 (0.0500)  grad_norm: 0.0000 (0.0000)
Epoch: [44]  [ 0/39]  eta: 0:09:15  lr: 0.000352  min_lr: 0.000352  loss: 86.3831 (86.3831)  weight_decay: 0.0500 (0.0500)  grad_norm: 0.0000 (0.0000)  time: 14.2312  data: 13.8801  max mem: 344
Epoch: [44]  [10/39]  eta: 0:00:46  lr: 0.000354  min_lr: 0.000354  loss: 86.3831 (86.3631)  weight_decay: 0.0500 (0.0500)  grad_norm: 0.0000 (0.0000)  time: 1.6057  data: 1.4550  max mem: 344
Epoch: [44]  [20/39]  eta: 0:00:17  lr: 0.000356  min_lr: 0.000356  loss: 85.4553 (85.8970)  weight_decay: 0.0500 (0.0500)  grad_norm: 0.0000 (0.0000)  time: 0.2281  data: 0.1063  max mem: 344
Epoch: [44]  [30/39]  eta: 0:00:05  lr: 0.000358  min_lr: 0.000358  loss: 84.8952 (85.2303)  weight_decay: 0.0500 (0.0500)  grad_norm: 0.0000 (0.0000)  time: 0.1195  data: 0.0002  max mem: 344
Epoch: [44]  [38/39]  eta: 0:00:00  lr: 0.000360  min_lr: 0.000360  loss: 85.0856 (85.3559)  weight_decay: 0.0500 (0.0500)  grad_norm: 0.0000 (0.0000)  time: 0.1197  data: 0.0001  max mem: 344
Epoch: [44] Total time: 0:00:21 (0.5415 s / it)
Averaged stats: lr: 0.000360  min_lr: 0.000360  loss: 85.0856 (85.6280)  weight_decay: 0.0500 (0.0500)  grad_norm: 0.0000 (0.0000)
Epoch: [45]  [ 0/39]  eta: 0:09:27  lr: 0.000360  min_lr: 0.000360  loss: 83.5573 (83.5573)  weight_decay: 0.0500 (0.0500)  grad_norm: 0.0000 (0.0000)  time: 14.5614  data: 14.2064  max mem: 344
Epoch: [45]  [10/39]  eta: 0:00:43  lr: 0.000362  min_lr: 0.000362  loss: 84.5499 (85.3277)  weight_decay: 0.0500 (0.0500)  grad_norm: 0.0000 (0.0000)  time: 1.5091  data: 1.3576  max mem: 344
Epoch: [45]  [20/39]  eta: 0:00:16  lr: 0.000364  min_lr: 0.000364  loss: 85.9593 (85.6214)  weight_decay: 0.0500 (0.0500)  grad_norm: 0.0000 (0.0000)  time: 0.1751  data: 0.0497  max mem: 344
Epoch: [45]  [30/39]  eta: 0:00:05  lr: 0.000366  min_lr: 0.000366  loss: 87.0987 (86.0048)  weight_decay: 0.0500 (0.0500)  grad_norm: 0.0000 (0.0000)  time: 0.1268  data: 0.0134  max mem: 344
Epoch: [45]  [38/39]  eta: 0:00:00  lr: 0.000368  min_lr: 0.000368  loss: 86.8000 (85.9217)  weight_decay: 0.0500 (0.0500)  grad_norm: 0.0000 (0.0000)  time: 0.1148  data: 0.0010  max mem: 344
Epoch: [45] Total time: 0:00:20 (0.5220 s / it)
Averaged stats: lr: 0.000368  min_lr: 0.000368  loss: 86.8000 (85.7732)  weight_decay: 0.0500 (0.0500)  grad_norm: 0.0000 (0.0000)
Epoch: [46]  [ 0/39]  eta: 0:09:01  lr: 0.000368  min_lr: 0.000368  loss: 85.6615 (85.6615)  weight_decay: 0.0500 (0.0500)  grad_norm: 0.0000 (0.0000)  time: 13.8737  data: 13.5050  max mem: 344
Epoch: [46]  [10/39]  eta: 0:00:43  lr: 0.000370  min_lr: 0.000370  loss: 85.6615 (85.8559)  weight_decay: 0.0500 (0.0500)  grad_norm: 0.0000 (0.0000)  time: 1.5091  data: 1.3572  max mem: 344
Epoch: [46]  [20/39]  eta: 0:00:16  lr: 0.000372  min_lr: 0.000372  loss: 85.4534 (85.6572)  weight_decay: 0.0500 (0.0500)  grad_norm: 0.0000 (0.0000)  time: 0.2177  data: 0.0824  max mem: 344
Epoch: [46]  [30/39]  eta: 0:00:05  lr: 0.000374  min_lr: 0.000374  loss: 85.0781 (85.2323)  weight_decay: 0.0500 (0.0500)  grad_norm: 0.0000 (0.0000)  time: 0.1471  data: 0.0113  max mem: 344
Epoch: [46]  [38/39]  eta: 0:00:00  lr: 0.000376  min_lr: 0.000376  loss: 84.5915 (84.8658)  weight_decay: 0.0500 (0.0500)  grad_norm: 0.0000 (0.0000)  time: 0.1428  data: 0.0113  max mem: 344
Epoch: [46] Total time: 0:00:20 (0.5343 s / it)
Averaged stats: lr: 0.000376  min_lr: 0.000376  loss: 84.5915 (85.3597)  weight_decay: 0.0500 (0.0500)  grad_norm: 0.0000 (0.0000)
Epoch: [47]  [ 0/39]  eta: 0:10:14  lr: 0.000376  min_lr: 0.000376  loss: 83.9420 (83.9420)  weight_decay: 0.0500 (0.0500)  grad_norm: 0.0000 (0.0000)  time: 15.7623  data: 15.5341  max mem: 344
Epoch: [47]  [10/39]  eta: 0:00:45  lr: 0.000378  min_lr: 0.000378  loss: 86.9288 (86.7638)  weight_decay: 0.0500 (0.0500)  grad_norm: 0.0000 (0.0000)  time: 1.5746  data: 1.4304  max mem: 344
Epoch: [47]  [20/39]  eta: 0:00:16  lr: 0.000380  min_lr: 0.000380  loss: 86.9288 (86.6305)  weight_decay: 0.0500 (0.0500)  grad_norm: 0.0000 (0.0000)  time: 0.1465  data: 0.0101  max mem: 344
Epoch: [47]  [30/39]  eta: 0:00:05  lr: 0.000382  min_lr: 0.000382  loss: 84.7116 (86.2487)  weight_decay: 0.0500 (0.0500)  grad_norm: 0.0000 (0.0000)  time: 0.1392  data: 0.0002  max mem: 344
Epoch: [47]  [38/39]  eta: 0:00:00  lr: 0.000384  min_lr: 0.000384  loss: 84.7116 (86.2635)  weight_decay: 0.0500 (0.0500)  grad_norm: 0.0000 (0.0000)  time: 0.1366  data: 0.0002  max mem: 344
Epoch: [47] Total time: 0:00:21 (0.5477 s / it)
Averaged stats: lr: 0.000384  min_lr: 0.000384  loss: 84.7116 (85.8154)  weight_decay: 0.0500 (0.0500)  grad_norm: 0.0000 (0.0000)
Epoch: [48]  [ 0/39]  eta: 0:09:35  lr: 0.000384  min_lr: 0.000384  loss: 88.3897 (88.3897)  weight_decay: 0.0500 (0.0500)  grad_norm: 0.0000 (0.0000)  time: 14.7527  data: 14.3193  max mem: 344
Epoch: [48]  [10/39]  eta: 0:00:46  lr: 0.000386  min_lr: 0.000386  loss: 86.1515 (86.2374)  weight_decay: 0.0500 (0.0500)  grad_norm: 0.0000 (0.0000)  time: 1.6080  data: 1.4460  max mem: 344
Epoch: [48]  [20/39]  eta: 0:00:17  lr: 0.000388  min_lr: 0.000388  loss: 87.4832 (86.7721)  weight_decay: 0.0500 (0.0500)  grad_norm: 0.0000 (0.0000)  time: 0.2062  data: 0.0794  max mem: 344
Epoch: [48]  [30/39]  eta: 0:00:05  lr: 0.000390  min_lr: 0.000390  loss: 86.5971 (86.5945)  weight_decay: 0.0500 (0.0500)  grad_norm: 0.0000 (0.0000)  time: 0.1388  data: 0.0002  max mem: 344
Epoch: [48]  [38/39]  eta: 0:00:00  lr: 0.000392  min_lr: 0.000392  loss: 85.5911 (86.2520)  weight_decay: 0.0500 (0.0500)  grad_norm: 0.0000 (0.0000)  time: 0.2334  data: 0.0003  max mem: 344
Epoch: [48] Total time: 0:00:23 (0.6030 s / it)
Averaged stats: lr: 0.000392  min_lr: 0.000392  loss: 85.5911 (85.4274)  weight_decay: 0.0500 (0.0500)  grad_norm: 0.0000 (0.0000)
Epoch: [49]  [ 0/39]  eta: 0:09:26  lr: 0.000392  min_lr: 0.000392  loss: 87.7697 (87.7697)  weight_decay: 0.0500 (0.0500)  grad_norm: 0.0000 (0.0000)  time: 14.5222  data: 14.3163  max mem: 344
Epoch: [49]  [10/39]  eta: 0:00:45  lr: 0.000394  min_lr: 0.000394  loss: 87.5298 (86.8745)  weight_decay: 0.0500 (0.0500)  grad_norm: 0.0000 (0.0000)  time: 1.5542  data: 1.4201  max mem: 344
Epoch: [49]  [20/39]  eta: 0:00:16  lr: 0.000396  min_lr: 0.000396  loss: 86.2548 (86.4825)  weight_decay: 0.0500 (0.0500)  grad_norm: 0.0000 (0.0000)  time: 0.1851  data: 0.0653  max mem: 344
Epoch: [49]  [30/39]  eta: 0:00:05  lr: 0.000398  min_lr: 0.000398  loss: 86.2548 (86.4622)  weight_decay: 0.0500 (0.0500)  grad_norm: 0.0000 (0.0000)  time: 0.1191  data: 0.0002  max mem: 344
Epoch: [49]  [38/39]  eta: 0:00:00  lr: 0.000400  min_lr: 0.000400  loss: 86.2000 (85.9499)  weight_decay: 0.0500 (0.0500)  grad_norm: 0.0000 (0.0000)  time: 0.1202  data: 0.0002  max mem: 344
Epoch: [49] Total time: 0:00:20 (0.5295 s / it)
Averaged stats: lr: 0.000400  min_lr: 0.000400  loss: 86.2000 (85.3680)  weight_decay: 0.0500 (0.0500)  grad_norm: 0.0000 (0.0000)
Epoch: [50]  [ 0/39]  eta: 0:10:07  lr: 0.000400  min_lr: 0.000400  loss: 82.8982 (82.8982)  weight_decay: 0.0500 (0.0500)  grad_norm: 0.0000 (0.0000)  time: 15.5790  data: 15.3829  max mem: 344
Epoch: [50]  [10/39]  eta: 0:00:46  lr: 0.000400  min_lr: 0.000400  loss: 85.1149 (85.7877)  weight_decay: 0.0500 (0.0500)  grad_norm: 0.0000 (0.0000)  time: 1.5906  data: 1.4522  max mem: 344
Epoch: [50]  [20/39]  eta: 0:00:16  lr: 0.000400  min_lr: 0.000400  loss: 84.9920 (85.5822)  weight_decay: 0.0500 (0.0500)  grad_norm: 0.0000 (0.0000)  time: 0.1533  data: 0.0296  max mem: 344
Epoch: [50]  [30/39]  eta: 0:00:05  lr: 0.000400  min_lr: 0.000400  loss: 85.7841 (86.0157)  weight_decay: 0.0500 (0.0500)  grad_norm: 0.0000 (0.0000)  time: 0.1154  data: 0.0002  max mem: 344
Epoch: [50]  [38/39]  eta: 0:00:00  lr: 0.000400  min_lr: 0.000400  loss: 85.7669 (85.6335)  weight_decay: 0.0500 (0.0500)  grad_norm: 0.0000 (0.0000)  time: 0.1203  data: 0.0002  max mem: 344
Epoch: [50] Total time: 0:00:21 (0.5388 s / it)
Averaged stats: lr: 0.000400  min_lr: 0.000400  loss: 85.7669 (85.5977)  weight_decay: 0.0500 (0.0500)  grad_norm: 0.0000 (0.0000)
[Eval]   [0/1]  eta: 0:00:03  loss: 90.0251 (90.0251)  time: 3.0043  data: 2.9962  max mem: 344
[Eval]  Total time: 0:00:03 (3.1843 s / it)
Eval averaged stats: loss: 90.0251 (84.1003)
Epoch: [51]  [ 0/39]  eta: 0:09:59  lr: 0.000400  min_lr: 0.000400  loss: 84.4700 (84.4700)  weight_decay: 0.0500 (0.0500)  grad_norm: 0.0000 (0.0000)  time: 15.3698  data: 15.1860  max mem: 344
Epoch: [51]  [10/39]  eta: 0:00:45  lr: 0.000400  min_lr: 0.000400  loss: 86.3569 (86.2655)  weight_decay: 0.0500 (0.0500)  grad_norm: 0.0000 (0.0000)  time: 1.5805  data: 1.4550  max mem: 344
Epoch: [51]  [20/39]  eta: 0:00:16  lr: 0.000400  min_lr: 0.000400  loss: 86.2332 (85.8909)  weight_decay: 0.0500 (0.0500)  grad_norm: 0.0000 (0.0000)  time: 0.1569  data: 0.0411  max mem: 344
Epoch: [51]  [30/39]  eta: 0:00:05  lr: 0.000400  min_lr: 0.000400  loss: 86.0456 (85.9420)  weight_decay: 0.0500 (0.0500)  grad_norm: 0.0000 (0.0000)  time: 0.1155  data: 0.0002  max mem: 344
Epoch: [51]  [38/39]  eta: 0:00:00  lr: 0.000400  min_lr: 0.000400  loss: 85.0450 (85.5305)  weight_decay: 0.0500 (0.0500)  grad_norm: 0.0000 (0.0000)  time: 0.1256  data: 0.0002  max mem: 344
Epoch: [51] Total time: 0:00:21 (0.5386 s / it)
Averaged stats: lr: 0.000400  min_lr: 0.000400  loss: 85.0450 (85.6650)  weight_decay: 0.0500 (0.0500)  grad_norm: 0.0000 (0.0000)
Epoch: [52]  [ 0/39]  eta: 0:09:53  lr: 0.000400  min_lr: 0.000400  loss: 87.9389 (87.9389)  weight_decay: 0.0500 (0.0500)  grad_norm: 0.0000 (0.0000)  time: 15.2277  data: 15.0524  max mem: 344
Epoch: [52]  [10/39]  eta: 0:00:44  lr: 0.000400  min_lr: 0.000400  loss: 85.3273 (85.9890)  weight_decay: 0.0500 (0.0500)  grad_norm: 0.0000 (0.0000)  time: 1.5513  data: 1.4172  max mem: 344
Epoch: [52]  [20/39]  eta: 0:00:16  lr: 0.000400  min_lr: 0.000400  loss: 85.8302 (86.7381)  weight_decay: 0.0500 (0.0500)  grad_norm: 0.0000 (0.0000)  time: 0.1477  data: 0.0269  max mem: 344
Epoch: [52]  [30/39]  eta: 0:00:05  lr: 0.000400  min_lr: 0.000400  loss: 86.8201 (86.6723)  weight_decay: 0.0500 (0.0500)  grad_norm: 0.0000 (0.0000)  time: 0.1128  data: 0.0002  max mem: 344
Epoch: [52]  [38/39]  eta: 0:00:00  lr: 0.000400  min_lr: 0.000400  loss: 86.7719 (86.5907)  weight_decay: 0.0500 (0.0500)  grad_norm: 0.0000 (0.0000)  time: 0.1152  data: 0.0001  max mem: 344
Epoch: [52] Total time: 0:00:20 (0.5281 s / it)
Averaged stats: lr: 0.000400  min_lr: 0.000400  loss: 86.7719 (85.6009)  weight_decay: 0.0500 (0.0500)  grad_norm: 0.0000 (0.0000)
Epoch: [53]  [ 0/39]  eta: 0:10:18  lr: 0.000400  min_lr: 0.000400  loss: 85.9953 (85.9953)  weight_decay: 0.0500 (0.0500)  grad_norm: 0.0000 (0.0000)  time: 15.8643  data: 15.6669  max mem: 344
Epoch: [53]  [10/39]  eta: 0:00:47  lr: 0.000400  min_lr: 0.000400  loss: 85.4715 (85.3265)  weight_decay: 0.0500 (0.0500)  grad_norm: 0.0000 (0.0000)  time: 1.6214  data: 1.4911  max mem: 344
Epoch: [53]  [20/39]  eta: 0:00:17  lr: 0.000400  min_lr: 0.000400  loss: 85.7664 (86.2252)  weight_decay: 0.0500 (0.0500)  grad_norm: 0.0000 (0.0000)  time: 0.1558  data: 0.0369  max mem: 344
Epoch: [53]  [30/39]  eta: 0:00:05  lr: 0.000400  min_lr: 0.000400  loss: 87.2967 (86.5817)  weight_decay: 0.0500 (0.0500)  grad_norm: 0.0000 (0.0000)  time: 0.1252  data: 0.0002  max mem: 344
Epoch: [53]  [38/39]  eta: 0:00:00  lr: 0.000400  min_lr: 0.000400  loss: 85.7405 (86.1518)  weight_decay: 0.0500 (0.0500)  grad_norm: 0.0000 (0.0000)  time: 0.1273  data: 0.0002  max mem: 344
Epoch: [53] Total time: 0:00:21 (0.5505 s / it)
Averaged stats: lr: 0.000400  min_lr: 0.000400  loss: 85.7405 (85.9500)  weight_decay: 0.0500 (0.0500)  grad_norm: 0.0000 (0.0000)
Epoch: [54]  [ 0/39]  eta: 0:04:48  lr: 0.000400  min_lr: 0.000400  loss: 81.3411 (81.3411)  weight_decay: 0.0500 (0.0500)  grad_norm: 0.0000 (0.0000)  time: 7.3972  data: 7.1322  max mem: 344
Epoch: [54]  [10/39]  eta: 0:00:43  lr: 0.000400  min_lr: 0.000400  loss: 84.4689 (84.8058)  weight_decay: 0.0500 (0.0500)  grad_norm: 0.0000 (0.0000)  time: 1.5063  data: 1.3584  max mem: 344
Epoch: [54]  [20/39]  eta: 0:00:16  lr: 0.000400  min_lr: 0.000400  loss: 85.6692 (85.5235)  weight_decay: 0.0500 (0.0500)  grad_norm: 0.0000 (0.0000)  time: 0.5154  data: 0.3906  max mem: 344
Epoch: [54]  [30/39]  eta: 0:00:05  lr: 0.000400  min_lr: 0.000400  loss: 85.6086 (85.2502)  weight_decay: 0.0500 (0.0500)  grad_norm: 0.0000 (0.0000)  time: 0.1115  data: 0.0002  max mem: 344
Epoch: [54]  [38/39]  eta: 0:00:00  lr: 0.000400  min_lr: 0.000400  loss: 85.6086 (85.8077)  weight_decay: 0.0500 (0.0500)  grad_norm: 0.0000 (0.0000)  time: 0.1167  data: 0.0002  max mem: 344
Epoch: [54] Total time: 0:00:19 (0.5128 s / it)
Averaged stats: lr: 0.000400  min_lr: 0.000400  loss: 85.6086 (85.7331)  weight_decay: 0.0500 (0.0500)  grad_norm: 0.0000 (0.0000)
Epoch: [55]  [ 0/39]  eta: 0:10:27  lr: 0.000400  min_lr: 0.000400  loss: 84.1310 (84.1310)  weight_decay: 0.0500 (0.0500)  grad_norm: 0.0000 (0.0000)  time: 16.1020  data: 15.9177  max mem: 344
Epoch: [55]  [10/39]  eta: 0:00:45  lr: 0.000400  min_lr: 0.000400  loss: 85.8719 (85.1928)  weight_decay: 0.0500 (0.0500)  grad_norm: 0.0000 (0.0000)  time: 1.5732  data: 1.4472  max mem: 344
Epoch: [55]  [20/39]  eta: 0:00:16  lr: 0.000400  min_lr: 0.000400  loss: 85.7842 (85.2487)  weight_decay: 0.0500 (0.0500)  grad_norm: 0.0000 (0.0000)  time: 0.1164  data: 0.0002  max mem: 344
Epoch: [55]  [30/39]  eta: 0:00:05  lr: 0.000400  min_lr: 0.000400  loss: 85.0811 (85.1968)  weight_decay: 0.0500 (0.0500)  grad_norm: 0.0000 (0.0000)  time: 0.1130  data: 0.0002  max mem: 344
Epoch: [55]  [38/39]  eta: 0:00:00  lr: 0.000400  min_lr: 0.000400  loss: 83.6249 (85.0333)  weight_decay: 0.0500 (0.0500)  grad_norm: 0.0000 (0.0000)  time: 0.1194  data: 0.0001  max mem: 344
Epoch: [55] Total time: 0:00:20 (0.5329 s / it)
Averaged stats: lr: 0.000400  min_lr: 0.000400  loss: 83.6249 (85.9188)  weight_decay: 0.0500 (0.0500)  grad_norm: 0.0000 (0.0000)
Epoch: [56]  [ 0/39]  eta: 0:10:18  lr: 0.000400  min_lr: 0.000400  loss: 81.4771 (81.4771)  weight_decay: 0.0500 (0.0500)  grad_norm: 0.0000 (0.0000)  time: 15.8573  data: 15.6567  max mem: 344
Epoch: [56]  [10/39]  eta: 0:00:45  lr: 0.000400  min_lr: 0.000400  loss: 83.9251 (84.5216)  weight_decay: 0.0500 (0.0500)  grad_norm: 0.0000 (0.0000)  time: 1.5810  data: 1.4297  max mem: 344
Epoch: [56]  [20/39]  eta: 0:00:16  lr: 0.000400  min_lr: 0.000400  loss: 84.5855 (84.6909)  weight_decay: 0.0500 (0.0500)  grad_norm: 0.0000 (0.0000)  time: 0.1367  data: 0.0036  max mem: 344
Epoch: [56]  [30/39]  eta: 0:00:05  lr: 0.000400  min_lr: 0.000400  loss: 84.9894 (84.9925)  weight_decay: 0.0500 (0.0500)  grad_norm: 0.0000 (0.0000)  time: 0.1185  data: 0.0002  max mem: 344
Epoch: [56]  [38/39]  eta: 0:00:00  lr: 0.000400  min_lr: 0.000400  loss: 85.6733 (85.2694)  weight_decay: 0.0500 (0.0500)  grad_norm: 0.0000 (0.0000)  time: 0.1215  data: 0.0001  max mem: 344
Epoch: [56] Total time: 0:00:21 (0.5388 s / it)
Averaged stats: lr: 0.000400  min_lr: 0.000400  loss: 85.6733 (85.8909)  weight_decay: 0.0500 (0.0500)  grad_norm: 0.0000 (0.0000)
Epoch: [57]  [ 0/39]  eta: 0:08:37  lr: 0.000400  min_lr: 0.000400  loss: 84.8146 (84.8146)  weight_decay: 0.0500 (0.0500)  grad_norm: 0.0000 (0.0000)  time: 13.2581  data: 12.9105  max mem: 344
Epoch: [57]  [10/39]  eta: 0:00:45  lr: 0.000400  min_lr: 0.000400  loss: 84.8146 (85.4241)  weight_decay: 0.0500 (0.0500)  grad_norm: 0.0000 (0.0000)  time: 1.5633  data: 1.4068  max mem: 344
Epoch: [57]  [20/39]  eta: 0:00:16  lr: 0.000400  min_lr: 0.000400  loss: 86.1696 (85.7552)  weight_decay: 0.0500 (0.0500)  grad_norm: 0.0000 (0.0000)  time: 0.2576  data: 0.1283  max mem: 344
Epoch: [57]  [30/39]  eta: 0:00:05  lr: 0.000400  min_lr: 0.000400  loss: 85.0620 (85.4900)  weight_decay: 0.0500 (0.0500)  grad_norm: 0.0000 (0.0000)  time: 0.1275  data: 0.0095  max mem: 344
Epoch: [57]  [38/39]  eta: 0:00:00  lr: 0.000400  min_lr: 0.000400  loss: 86.0693 (85.9340)  weight_decay: 0.0500 (0.0500)  grad_norm: 0.0000 (0.0000)  time: 0.1295  data: 0.0095  max mem: 344
Epoch: [57] Total time: 0:00:21 (0.5402 s / it)
Averaged stats: lr: 0.000400  min_lr: 0.000400  loss: 86.0693 (85.4826)  weight_decay: 0.0500 (0.0500)  grad_norm: 0.0000 (0.0000)
Epoch: [58]  [ 0/39]  eta: 0:10:20  lr: 0.000400  min_lr: 0.000400  loss: 90.4422 (90.4422)  weight_decay: 0.0500 (0.0500)  grad_norm: 0.0000 (0.0000)  time: 15.9191  data: 15.6557  max mem: 344
Epoch: [58]  [10/39]  eta: 0:00:47  lr: 0.000400  min_lr: 0.000400  loss: 86.3077 (86.2666)  weight_decay: 0.0500 (0.0500)  grad_norm: 0.0000 (0.0000)  time: 1.6544  data: 1.4558  max mem: 344
Epoch: [58]  [20/39]  eta: 0:00:17  lr: 0.000400  min_lr: 0.000400  loss: 86.3784 (86.7968)  weight_decay: 0.0500 (0.0500)  grad_norm: 0.0000 (0.0000)  time: 0.1790  data: 0.0181  max mem: 344
Epoch: [58]  [30/39]  eta: 0:00:06  lr: 0.000400  min_lr: 0.000400  loss: 86.6795 (86.3598)  weight_decay: 0.0500 (0.0500)  grad_norm: 0.0000 (0.0000)  time: 0.1275  data: 0.0004  max mem: 344
Epoch: [58]  [38/39]  eta: 0:00:00  lr: 0.000400  min_lr: 0.000400  loss: 86.4898 (86.2310)  weight_decay: 0.0500 (0.0500)  grad_norm: 0.0000 (0.0000)  time: 0.1264  data: 0.0002  max mem: 344
Epoch: [58] Total time: 0:00:22 (0.5653 s / it)
Averaged stats: lr: 0.000400  min_lr: 0.000400  loss: 86.4898 (85.8436)  weight_decay: 0.0500 (0.0500)  grad_norm: 0.0000 (0.0000)
Epoch: [59]  [ 0/39]  eta: 0:10:16  lr: 0.000400  min_lr: 0.000400  loss: 88.1092 (88.1092)  weight_decay: 0.0500 (0.0500)  grad_norm: 0.0000 (0.0000)  time: 15.8093  data: 15.6132  max mem: 344
Epoch: [59]  [10/39]  eta: 0:00:44  lr: 0.000400  min_lr: 0.000400  loss: 86.0493 (85.4286)  weight_decay: 0.0500 (0.0500)  grad_norm: 0.0000 (0.0000)  time: 1.5494  data: 1.4196  max mem: 344
Epoch: [59]  [20/39]  eta: 0:00:16  lr: 0.000400  min_lr: 0.000400  loss: 85.4992 (85.1233)  weight_decay: 0.0500 (0.0500)  grad_norm: 0.0000 (0.0000)  time: 0.1282  data: 0.0089  max mem: 344
Epoch: [59]  [30/39]  eta: 0:00:05  lr: 0.000400  min_lr: 0.000400  loss: 85.0845 (85.0325)  weight_decay: 0.0500 (0.0500)  grad_norm: 0.0000 (0.0000)  time: 0.1262  data: 0.0089  max mem: 344
Epoch: [59]  [38/39]  eta: 0:00:00  lr: 0.000400  min_lr: 0.000400  loss: 84.9587 (85.2424)  weight_decay: 0.0500 (0.0500)  grad_norm: 0.0000 (0.0000)  time: 0.1233  data: 0.0002  max mem: 344
Epoch: [59] Total time: 0:00:20 (0.5361 s / it)
Averaged stats: lr: 0.000400  min_lr: 0.000400  loss: 84.9587 (85.6957)  weight_decay: 0.0500 (0.0500)  grad_norm: 0.0000 (0.0000)
Epoch: [60]  [ 0/39]  eta: 0:10:28  lr: 0.000400  min_lr: 0.000400  loss: 84.5825 (84.5825)  weight_decay: 0.0500 (0.0500)  grad_norm: 0.0000 (0.0000)  time: 16.1139  data: 15.9056  max mem: 344
Epoch: [60]  [10/39]  eta: 0:00:47  lr: 0.000399  min_lr: 0.000399  loss: 86.3227 (86.2450)  weight_decay: 0.0500 (0.0500)  grad_norm: 0.0000 (0.0000)  time: 1.6331  data: 1.4462  max mem: 344
Epoch: [60]  [20/39]  eta: 0:00:17  lr: 0.000399  min_lr: 0.000399  loss: 84.9675 (85.5853)  weight_decay: 0.0500 (0.0500)  grad_norm: 0.0000 (0.0000)  time: 0.1873  data: 0.0002  max mem: 344
Epoch: [60]  [30/39]  eta: 0:00:06  lr: 0.000399  min_lr: 0.000399  loss: 84.6333 (85.5821)  weight_decay: 0.0500 (0.0500)  grad_norm: 0.0000 (0.0000)  time: 0.1866  data: 0.0002  max mem: 344
Epoch: [60]  [38/39]  eta: 0:00:00  lr: 0.000399  min_lr: 0.000399  loss: 84.7561 (85.5405)  weight_decay: 0.0500 (0.0500)  grad_norm: 0.0000 (0.0000)  time: 0.1613  data: 0.0002  max mem: 344
Epoch: [60] Total time: 0:00:22 (0.5875 s / it)
Averaged stats: lr: 0.000399  min_lr: 0.000399  loss: 84.7561 (85.8249)  weight_decay: 0.0500 (0.0500)  grad_norm: 0.0000 (0.0000)
Epoch: [61]  [ 0/39]  eta: 0:09:26  lr: 0.000399  min_lr: 0.000399  loss: 86.0876 (86.0876)  weight_decay: 0.0500 (0.0500)  grad_norm: 0.0000 (0.0000)  time: 14.5310  data: 14.1658  max mem: 344
Epoch: [61]  [10/39]  eta: 0:00:46  lr: 0.000399  min_lr: 0.000399  loss: 85.5270 (86.1762)  weight_decay: 0.0500 (0.0500)  grad_norm: 0.0000 (0.0000)  time: 1.5972  data: 1.4042  max mem: 344
Epoch: [61]  [20/39]  eta: 0:00:16  lr: 0.000399  min_lr: 0.000399  loss: 86.0876 (86.6901)  weight_decay: 0.0500 (0.0500)  grad_norm: 0.0000 (0.0000)  time: 0.2129  data: 0.0671  max mem: 344
Epoch: [61]  [30/39]  eta: 0:00:05  lr: 0.000399  min_lr: 0.000399  loss: 86.6583 (86.6615)  weight_decay: 0.0500 (0.0500)  grad_norm: 0.0000 (0.0000)  time: 0.1200  data: 0.0032  max mem: 344
Epoch: [61]  [38/39]  eta: 0:00:00  lr: 0.000399  min_lr: 0.000399  loss: 85.0387 (86.3724)  weight_decay: 0.0500 (0.0500)  grad_norm: 0.0000 (0.0000)  time: 0.1242  data: 0.0002  max mem: 344
Epoch: [61] Total time: 0:00:21 (0.5455 s / it)
Averaged stats: lr: 0.000399  min_lr: 0.000399  loss: 85.0387 (86.0106)  weight_decay: 0.0500 (0.0500)  grad_norm: 0.0000 (0.0000)
Epoch: [62]  [ 0/39]  eta: 0:10:02  lr: 0.000399  min_lr: 0.000399  loss: 88.3607 (88.3607)  weight_decay: 0.0500 (0.0500)  grad_norm: 0.0000 (0.0000)  time: 15.4388  data: 15.2246  max mem: 344
Epoch: [62]  [10/39]  eta: 0:00:44  lr: 0.000399  min_lr: 0.000399  loss: 85.8742 (86.2682)  weight_decay: 0.0500 (0.0500)  grad_norm: 0.0000 (0.0000)  time: 1.5420  data: 1.4086  max mem: 344
Epoch: [62]  [20/39]  eta: 0:00:16  lr: 0.000399  min_lr: 0.000399  loss: 85.8742 (86.1072)  weight_decay: 0.0500 (0.0500)  grad_norm: 0.0000 (0.0000)  time: 0.1492  data: 0.0246  max mem: 344
Epoch: [62]  [30/39]  eta: 0:00:05  lr: 0.000399  min_lr: 0.000399  loss: 86.7399 (86.2792)  weight_decay: 0.0500 (0.0500)  grad_norm: 0.0000 (0.0000)  time: 0.1345  data: 0.0112  max mem: 344
Epoch: [62]  [38/39]  eta: 0:00:00  lr: 0.000399  min_lr: 0.000399  loss: 86.6054 (86.1835)  weight_decay: 0.0500 (0.0500)  grad_norm: 0.0000 (0.0000)  time: 0.1293  data: 0.0002  max mem: 344
Epoch: [62] Total time: 0:00:20 (0.5382 s / it)
Averaged stats: lr: 0.000399  min_lr: 0.000399  loss: 86.6054 (85.9939)  weight_decay: 0.0500 (0.0500)  grad_norm: 0.0000 (0.0000)
Epoch: [63]  [ 0/39]  eta: 0:09:15  lr: 0.000399  min_lr: 0.000399  loss: 84.7476 (84.7476)  weight_decay: 0.0500 (0.0500)  grad_norm: 0.0000 (0.0000)  time: 14.2335  data: 13.8855  max mem: 344
Epoch: [63]  [10/39]  eta: 0:00:42  lr: 0.000399  min_lr: 0.000399  loss: 85.5265 (86.0273)  weight_decay: 0.0500 (0.0500)  grad_norm: 0.0000 (0.0000)  time: 1.4805  data: 1.3098  max mem: 344
Epoch: [63]  [20/39]  eta: 0:00:16  lr: 0.000399  min_lr: 0.000399  loss: 85.5265 (85.7740)  weight_decay: 0.0500 (0.0500)  grad_norm: 0.0000 (0.0000)  time: 0.1816  data: 0.0472  max mem: 344
Epoch: [63]  [30/39]  eta: 0:00:05  lr: 0.000399  min_lr: 0.000399  loss: 84.4230 (85.2243)  weight_decay: 0.0500 (0.0500)  grad_norm: 0.0000 (0.0000)  time: 0.1372  data: 0.0212  max mem: 344
Epoch: [63]  [38/39]  eta: 0:00:00  lr: 0.000399  min_lr: 0.000399  loss: 84.0008 (84.9687)  weight_decay: 0.0500 (0.0500)  grad_norm: 0.0000 (0.0000)  time: 0.1194  data: 0.0002  max mem: 344
Epoch: [63] Total time: 0:00:20 (0.5191 s / it)
Averaged stats: lr: 0.000399  min_lr: 0.000399  loss: 84.0008 (85.4885)  weight_decay: 0.0500 (0.0500)  grad_norm: 0.0000 (0.0000)
Epoch: [64]  [ 0/39]  eta: 0:09:03  lr: 0.000399  min_lr: 0.000399  loss: 88.4244 (88.4244)  weight_decay: 0.0500 (0.0500)  grad_norm: 0.0000 (0.0000)  time: 13.9243  data: 13.6399  max mem: 344
Epoch: [64]  [10/39]  eta: 0:00:46  lr: 0.000399  min_lr: 0.000399  loss: 86.7840 (87.8284)  weight_decay: 0.0500 (0.0500)  grad_norm: 0.0000 (0.0000)  time: 1.6086  data: 1.4198  max mem: 344
Epoch: [64]  [20/39]  eta: 0:00:17  lr: 0.000399  min_lr: 0.000399  loss: 86.1328 (86.5828)  weight_decay: 0.0500 (0.0500)  grad_norm: 0.0000 (0.0000)  time: 0.2469  data: 0.0990  max mem: 344
Epoch: [64]  [30/39]  eta: 0:00:05  lr: 0.000399  min_lr: 0.000399  loss: 85.1682 (86.1088)  weight_decay: 0.0500 (0.0500)  grad_norm: 0.0000 (0.0000)  time: 0.1159  data: 0.0002  max mem: 344
Epoch: [64]  [38/39]  eta: 0:00:00  lr: 0.000399  min_lr: 0.000399  loss: 84.7589 (85.9204)  weight_decay: 0.0500 (0.0500)  grad_norm: 0.0000 (0.0000)  time: 0.1220  data: 0.0002  max mem: 344
Epoch: [64] Total time: 0:00:21 (0.5484 s / it)
Averaged stats: lr: 0.000399  min_lr: 0.000399  loss: 84.7589 (85.6471)  weight_decay: 0.0500 (0.0500)  grad_norm: 0.0000 (0.0000)
Epoch: [65]  [ 0/39]  eta: 0:08:01  lr: 0.000399  min_lr: 0.000399  loss: 85.3159 (85.3159)  weight_decay: 0.0500 (0.0500)  grad_norm: 0.0000 (0.0000)  time: 12.3588  data: 12.0136  max mem: 344
Epoch: [65]  [10/39]  eta: 0:00:45  lr: 0.000399  min_lr: 0.000399  loss: 84.6063 (85.4717)  weight_decay: 0.0500 (0.0500)  grad_norm: 0.0000 (0.0000)  time: 1.5709  data: 1.4311  max mem: 344
Epoch: [65]  [20/39]  eta: 0:00:16  lr: 0.000399  min_lr: 0.000399  loss: 84.6063 (85.7813)  weight_decay: 0.0500 (0.0500)  grad_norm: 0.0000 (0.0000)  time: 0.3044  data: 0.1865  max mem: 344
Epoch: [65]  [30/39]  eta: 0:00:05  lr: 0.000399  min_lr: 0.000399  loss: 85.9368 (85.6230)  weight_decay: 0.0500 (0.0500)  grad_norm: 0.0000 (0.0000)  time: 0.1141  data: 0.0002  max mem: 344
Epoch: [65]  [38/39]  eta: 0:00:00  lr: 0.000399  min_lr: 0.000399  loss: 85.8624 (85.5089)  weight_decay: 0.0500 (0.0500)  grad_norm: 0.0000 (0.0000)  time: 0.1235  data: 0.0002  max mem: 344
Epoch: [65] Total time: 0:00:20 (0.5377 s / it)
Averaged stats: lr: 0.000399  min_lr: 0.000399  loss: 85.8624 (85.6659)  weight_decay: 0.0500 (0.0500)  grad_norm: 0.0000 (0.0000)
Epoch: [66]  [ 0/39]  eta: 0:08:39  lr: 0.000399  min_lr: 0.000399  loss: 80.0441 (80.0441)  weight_decay: 0.0500 (0.0500)  grad_norm: 0.0000 (0.0000)  time: 13.3139  data: 12.9953  max mem: 344
Epoch: [66]  [10/39]  eta: 0:00:43  lr: 0.000399  min_lr: 0.000399  loss: 84.7522 (84.4375)  weight_decay: 0.0500 (0.0500)  grad_norm: 0.0000 (0.0000)  time: 1.4973  data: 1.2757  max mem: 344
Epoch: [66]  [20/39]  eta: 0:00:16  lr: 0.000399  min_lr: 0.000399  loss: 84.7522 (84.9508)  weight_decay: 0.0500 (0.0500)  grad_norm: 0.0000 (0.0000)  time: 0.2441  data: 0.0664  max mem: 344
Epoch: [66]  [30/39]  eta: 0:00:05  lr: 0.000399  min_lr: 0.000399  loss: 84.2305 (84.7955)  weight_decay: 0.0500 (0.0500)  grad_norm: 0.0000 (0.0000)  time: 0.1602  data: 0.0205  max mem: 344
Epoch: [66]  [38/39]  eta: 0:00:00  lr: 0.000399  min_lr: 0.000399  loss: 84.4427 (84.8100)  weight_decay: 0.0500 (0.0500)  grad_norm: 0.0000 (0.0000)  time: 0.1408  data: 0.0061  max mem: 344
Epoch: [66] Total time: 0:00:20 (0.5373 s / it)
Averaged stats: lr: 0.000399  min_lr: 0.000399  loss: 84.4427 (85.6225)  weight_decay: 0.0500 (0.0500)  grad_norm: 0.0000 (0.0000)
Epoch: [67]  [ 0/39]  eta: 0:09:21  lr: 0.000399  min_lr: 0.000399  loss: 86.2399 (86.2399)  weight_decay: 0.0500 (0.0500)  grad_norm: 0.0000 (0.0000)  time: 14.4037  data: 14.0993  max mem: 344
Epoch: [67]  [10/39]  eta: 0:00:43  lr: 0.000399  min_lr: 0.000399  loss: 86.1060 (86.1598)  weight_decay: 0.0500 (0.0500)  grad_norm: 0.0000 (0.0000)  time: 1.4869  data: 1.3459  max mem: 344
Epoch: [67]  [20/39]  eta: 0:00:15  lr: 0.000399  min_lr: 0.000399  loss: 85.9745 (85.7948)  weight_decay: 0.0500 (0.0500)  grad_norm: 0.0000 (0.0000)  time: 0.1639  data: 0.0411  max mem: 344
Epoch: [67]  [30/39]  eta: 0:00:05  lr: 0.000398  min_lr: 0.000398  loss: 85.0384 (85.4083)  weight_decay: 0.0500 (0.0500)  grad_norm: 0.0000 (0.0000)  time: 0.1267  data: 0.0059  max mem: 344
Epoch: [67]  [38/39]  eta: 0:00:00  lr: 0.000398  min_lr: 0.000398  loss: 83.4634 (85.2483)  weight_decay: 0.0500 (0.0500)  grad_norm: 0.0000 (0.0000)  time: 0.1259  data: 0.0022  max mem: 344
Epoch: [67] Total time: 0:00:20 (0.5156 s / it)
Averaged stats: lr: 0.000398  min_lr: 0.000398  loss: 83.4634 (85.7918)  weight_decay: 0.0500 (0.0500)  grad_norm: 0.0000 (0.0000)
Epoch: [68]  [ 0/39]  eta: 0:10:15  lr: 0.000398  min_lr: 0.000398  loss: 87.5282 (87.5282)  weight_decay: 0.0500 (0.0500)  grad_norm: 0.0000 (0.0000)  time: 15.7780  data: 15.5378  max mem: 344
Epoch: [68]  [10/39]  eta: 0:00:45  lr: 0.000398  min_lr: 0.000398  loss: 85.8615 (86.4042)  weight_decay: 0.0500 (0.0500)  grad_norm: 0.0000 (0.0000)  time: 1.5762  data: 1.4178  max mem: 344
Epoch: [68]  [20/39]  eta: 0:00:16  lr: 0.000398  min_lr: 0.000398  loss: 86.8252 (86.7659)  weight_decay: 0.0500 (0.0500)  grad_norm: 0.0000 (0.0000)  time: 0.1425  data: 0.0030  max mem: 344
Epoch: [68]  [30/39]  eta: 0:00:05  lr: 0.000398  min_lr: 0.000398  loss: 85.3509 (85.8233)  weight_decay: 0.0500 (0.0500)  grad_norm: 0.0000 (0.0000)  time: 0.1355  data: 0.0014  max mem: 344
Epoch: [68]  [38/39]  eta: 0:00:00  lr: 0.000398  min_lr: 0.000398  loss: 85.3509 (85.8730)  weight_decay: 0.0500 (0.0500)  grad_norm: 0.0000 (0.0000)  time: 0.1535  data: 0.0013  max mem: 344
Epoch: [68] Total time: 0:00:21 (0.5561 s / it)
Averaged stats: lr: 0.000398  min_lr: 0.000398  loss: 85.3509 (85.9556)  weight_decay: 0.0500 (0.0500)  grad_norm: 0.0000 (0.0000)
Epoch: [69]  [ 0/39]  eta: 0:08:32  lr: 0.000398  min_lr: 0.000398  loss: 79.9444 (79.9444)  weight_decay: 0.0500 (0.0500)  grad_norm: 0.0000 (0.0000)  time: 13.1510  data: 12.7501  max mem: 344
Epoch: [69]  [10/39]  eta: 0:00:46  lr: 0.000398  min_lr: 0.000398  loss: 86.9408 (85.8212)  weight_decay: 0.0500 (0.0500)  grad_norm: 0.0000 (0.0000)  time: 1.6203  data: 1.4146  max mem: 344
Epoch: [69]  [20/39]  eta: 0:00:17  lr: 0.000398  min_lr: 0.000398  loss: 85.6422 (85.0198)  weight_decay: 0.0500 (0.0500)  grad_norm: 0.0000 (0.0000)  time: 0.2980  data: 0.1406  max mem: 344
Epoch: [69]  [30/39]  eta: 0:00:05  lr: 0.000398  min_lr: 0.000398  loss: 85.4788 (85.4932)  weight_decay: 0.0500 (0.0500)  grad_norm: 0.0000 (0.0000)  time: 0.1378  data: 0.0002  max mem: 344
Epoch: [69]  [38/39]  eta: 0:00:00  lr: 0.000398  min_lr: 0.000398  loss: 86.3777 (85.6996)  weight_decay: 0.0500 (0.0500)  grad_norm: 0.0000 (0.0000)  time: 0.1459  data: 0.0002  max mem: 344
Epoch: [69] Total time: 0:00:22 (0.5655 s / it)
Averaged stats: lr: 0.000398  min_lr: 0.000398  loss: 86.3777 (85.7027)  weight_decay: 0.0500 (0.0500)  grad_norm: 0.0000 (0.0000)
Epoch: [70]  [ 0/39]  eta: 0:08:14  lr: 0.000398  min_lr: 0.000398  loss: 88.8209 (88.8209)  weight_decay: 0.0500 (0.0500)  grad_norm: 0.0000 (0.0000)  time: 12.6880  data: 12.3968  max mem: 344
Epoch: [70]  [10/39]  eta: 0:00:44  lr: 0.000398  min_lr: 0.000398  loss: 86.1755 (85.9686)  weight_decay: 0.0500 (0.0500)  grad_norm: 0.0000 (0.0000)  time: 1.5323  data: 1.3601  max mem: 344
Epoch: [70]  [20/39]  eta: 0:00:16  lr: 0.000398  min_lr: 0.000398  loss: 85.8007 (85.8504)  weight_decay: 0.0500 (0.0500)  grad_norm: 0.0000 (0.0000)  time: 0.2743  data: 0.1283  max mem: 344
Epoch: [70]  [30/39]  eta: 0:00:05  lr: 0.000398  min_lr: 0.000398  loss: 85.6264 (85.8111)  weight_decay: 0.0500 (0.0500)  grad_norm: 0.0000 (0.0000)  time: 0.1307  data: 0.0002  max mem: 344
Epoch: [70]  [38/39]  eta: 0:00:00  lr: 0.000398  min_lr: 0.000398  loss: 84.9801 (85.8376)  weight_decay: 0.0500 (0.0500)  grad_norm: 0.0000 (0.0000)  time: 0.1353  data: 0.0002  max mem: 344
Epoch: [70] Total time: 0:00:20 (0.5338 s / it)
Averaged stats: lr: 0.000398  min_lr: 0.000398  loss: 84.9801 (85.5354)  weight_decay: 0.0500 (0.0500)  grad_norm: 0.0000 (0.0000)
Epoch: [71]  [ 0/39]  eta: 0:09:42  lr: 0.000398  min_lr: 0.000398  loss: 84.0780 (84.0780)  weight_decay: 0.0500 (0.0500)  grad_norm: 0.0000 (0.0000)  time: 14.9335  data: 14.7346  max mem: 344
Epoch: [71]  [10/39]  eta: 0:00:45  lr: 0.000398  min_lr: 0.000398  loss: 87.6343 (87.6544)  weight_decay: 0.0500 (0.0500)  grad_norm: 0.0000 (0.0000)  time: 1.5788  data: 1.4420  max mem: 344
Epoch: [71]  [20/39]  eta: 0:00:16  lr: 0.000398  min_lr: 0.000398  loss: 85.6087 (86.3259)  weight_decay: 0.0500 (0.0500)  grad_norm: 0.0000 (0.0000)  time: 0.1858  data: 0.0565  max mem: 344
Epoch: [71]  [30/39]  eta: 0:00:05  lr: 0.000398  min_lr: 0.000398  loss: 84.7986 (86.0002)  weight_decay: 0.0500 (0.0500)  grad_norm: 0.0000 (0.0000)  time: 0.1305  data: 0.0002  max mem: 344
Epoch: [71]  [38/39]  eta: 0:00:00  lr: 0.000398  min_lr: 0.000398  loss: 85.5354 (86.1029)  weight_decay: 0.0500 (0.0500)  grad_norm: 0.0000 (0.0000)  time: 0.1358  data: 0.0002  max mem: 344
Epoch: [71] Total time: 0:00:21 (0.5453 s / it)
Averaged stats: lr: 0.000398  min_lr: 0.000398  loss: 85.5354 (85.9372)  weight_decay: 0.0500 (0.0500)  grad_norm: 0.0000 (0.0000)
Epoch: [72]  [ 0/39]  eta: 0:09:03  lr: 0.000398  min_lr: 0.000398  loss: 85.3128 (85.3128)  weight_decay: 0.0500 (0.0500)  grad_norm: 0.0000 (0.0000)  time: 13.9302  data: 13.4551  max mem: 344
Epoch: [72]  [10/39]  eta: 0:00:46  lr: 0.000398  min_lr: 0.000398  loss: 85.3128 (85.3327)  weight_decay: 0.0500 (0.0500)  grad_norm: 0.0000 (0.0000)  time: 1.6128  data: 1.4384  max mem: 344
Epoch: [72]  [20/39]  eta: 0:00:17  lr: 0.000398  min_lr: 0.000398  loss: 86.6061 (85.8720)  weight_decay: 0.0500 (0.0500)  grad_norm: 0.0000 (0.0000)  time: 0.2569  data: 0.1185  max mem: 344
Epoch: [72]  [30/39]  eta: 0:00:05  lr: 0.000397  min_lr: 0.000397  loss: 86.4829 (85.8831)  weight_decay: 0.0500 (0.0500)  grad_norm: 0.0000 (0.0000)  time: 0.1346  data: 0.0002  max mem: 344
Epoch: [72]  [38/39]  eta: 0:00:00  lr: 0.000397  min_lr: 0.000397  loss: 85.4692 (85.9111)  weight_decay: 0.0500 (0.0500)  grad_norm: 0.0000 (0.0000)  time: 0.1353  data: 0.0002  max mem: 344
Epoch: [72] Total time: 0:00:21 (0.5574 s / it)
Averaged stats: lr: 0.000397  min_lr: 0.000397  loss: 85.4692 (86.1257)  weight_decay: 0.0500 (0.0500)  grad_norm: 0.0000 (0.0000)
Epoch: [73]  [ 0/39]  eta: 0:09:57  lr: 0.000397  min_lr: 0.000397  loss: 87.7612 (87.7612)  weight_decay: 0.0500 (0.0500)  grad_norm: 0.0000 (0.0000)  time: 15.3234  data: 15.1115  max mem: 344
Epoch: [73]  [10/39]  eta: 0:00:46  lr: 0.000397  min_lr: 0.000397  loss: 85.5792 (84.9155)  weight_decay: 0.0500 (0.0500)  grad_norm: 0.0000 (0.0000)  time: 1.6033  data: 1.4459  max mem: 344
Epoch: [73]  [20/39]  eta: 0:00:17  lr: 0.000397  min_lr: 0.000397  loss: 85.5792 (85.4359)  weight_decay: 0.0500 (0.0500)  grad_norm: 0.0000 (0.0000)  time: 0.1836  data: 0.0398  max mem: 344
Epoch: [73]  [30/39]  eta: 0:00:05  lr: 0.000397  min_lr: 0.000397  loss: 85.8003 (85.5684)  weight_decay: 0.0500 (0.0500)  grad_norm: 0.0000 (0.0000)  time: 0.1387  data: 0.0002  max mem: 344
Epoch: [73]  [38/39]  eta: 0:00:00  lr: 0.000397  min_lr: 0.000397  loss: 86.6756 (86.0323)  weight_decay: 0.0500 (0.0500)  grad_norm: 0.0000 (0.0000)  time: 0.1431  data: 0.0002  max mem: 344
Epoch: [73] Total time: 0:00:21 (0.5596 s / it)
Averaged stats: lr: 0.000397  min_lr: 0.000397  loss: 86.6756 (85.7625)  weight_decay: 0.0500 (0.0500)  grad_norm: 0.0000 (0.0000)
Epoch: [74]  [ 0/39]  eta: 0:08:39  lr: 0.000397  min_lr: 0.000397  loss: 85.7156 (85.7156)  weight_decay: 0.0500 (0.0500)  grad_norm: 0.0000 (0.0000)  time: 13.3303  data: 13.0397  max mem: 344
Epoch: [74]  [10/39]  eta: 0:00:46  lr: 0.000397  min_lr: 0.000397  loss: 85.7015 (84.8995)  weight_decay: 0.0500 (0.0500)  grad_norm: 0.0000 (0.0000)  time: 1.6128  data: 1.4404  max mem: 344
Epoch: [74]  [20/39]  eta: 0:00:17  lr: 0.000397  min_lr: 0.000397  loss: 85.7156 (85.7633)  weight_decay: 0.0500 (0.0500)  grad_norm: 0.0000 (0.0000)  time: 0.2863  data: 0.1403  max mem: 344
Epoch: [74]  [30/39]  eta: 0:00:05  lr: 0.000397  min_lr: 0.000397  loss: 84.9611 (85.5836)  weight_decay: 0.0500 (0.0500)  grad_norm: 0.0000 (0.0000)  time: 0.1336  data: 0.0002  max mem: 344
Epoch: [74]  [38/39]  eta: 0:00:00  lr: 0.000397  min_lr: 0.000397  loss: 84.1796 (85.3697)  weight_decay: 0.0500 (0.0500)  grad_norm: 0.0000 (0.0000)  time: 0.1440  data: 0.0002  max mem: 344
Epoch: [74] Total time: 0:00:21 (0.5607 s / it)
Averaged stats: lr: 0.000397  min_lr: 0.000397  loss: 84.1796 (85.3852)  weight_decay: 0.0500 (0.0500)  grad_norm: 0.0000 (0.0000)
Epoch: [75]  [ 0/39]  eta: 0:09:42  lr: 0.000397  min_lr: 0.000397  loss: 82.5129 (82.5129)  weight_decay: 0.0500 (0.0500)  grad_norm: 0.0000 (0.0000)  time: 14.9286  data: 14.6751  max mem: 344
Epoch: [75]  [10/39]  eta: 0:00:46  lr: 0.000397  min_lr: 0.000397  loss: 86.4410 (84.8557)  weight_decay: 0.0500 (0.0500)  grad_norm: 0.0000 (0.0000)  time: 1.5904  data: 1.4256  max mem: 344
Epoch: [75]  [20/39]  eta: 0:00:18  lr: 0.000397  min_lr: 0.000397  loss: 85.6542 (84.8190)  weight_decay: 0.0500 (0.0500)  grad_norm: 0.0000 (0.0000)  time: 0.2500  data: 0.0505  max mem: 344
Epoch: [75]  [30/39]  eta: 0:00:06  lr: 0.000397  min_lr: 0.000397  loss: 84.6353 (84.6369)  weight_decay: 0.0500 (0.0500)  grad_norm: 0.0000 (0.0000)  time: 0.2032  data: 0.0029  max mem: 344
