Running "module reset". Resetting modules to system default. The following $MODULEPATH directories have been removed: None

Currently Loaded Modules:
  1) gcc/11.4.0      3) cuda/11.8.0         5) slurm-env/0.1
  2) openmpi/4.1.6   4) cue-login-env/1.1   6) default-s11

 

You are using the default legacy behaviour of the <class 'transformers.models.t5.tokenization_t5.T5Tokenizer'>. This is expected, and simply means that the `legacy` (previous) behavior will be used so nothing changes for you. If you want to use the new behaviour, set `legacy=False`. This should only be set if you understand what it means, and thoroughly read the reason why this was added as explained in https://github.com/huggingface/transformers/pull/24565
You are using the default legacy behaviour of the <class 'transformers.models.t5.tokenization_t5.T5Tokenizer'>. This is expected, and simply means that the `legacy` (previous) behavior will be used so nothing changes for you. If you want to use the new behaviour, set `legacy=False`. This should only be set if you understand what it means, and thoroughly read the reason why this was added as explained in https://github.com/huggingface/transformers/pull/24565
You are using the default legacy behaviour of the <class 'transformers.models.t5.tokenization_t5.T5Tokenizer'>. This is expected, and simply means that the `legacy` (previous) behavior will be used so nothing changes for you. If you want to use the new behaviour, set `legacy=False`. This should only be set if you understand what it means, and thoroughly read the reason why this was added as explained in https://github.com/huggingface/transformers/pull/24565
You are using the default legacy behaviour of the <class 'transformers.models.t5.tokenization_t5.T5Tokenizer'>. This is expected, and simply means that the `legacy` (previous) behavior will be used so nothing changes for you. If you want to use the new behaviour, set `legacy=False`. This should only be set if you understand what it means, and thoroughly read the reason why this was added as explained in https://github.com/huggingface/transformers/pull/24565
You are using the default legacy behaviour of the <class 'transformers.models.t5.tokenization_t5.T5Tokenizer'>. This is expected, and simply means that the `legacy` (previous) behavior will be used so nothing changes for you. If you want to use the new behaviour, set `legacy=False`. This should only be set if you understand what it means, and thoroughly read the reason why this was added as explained in https://github.com/huggingface/transformers/pull/24565
You are using the default legacy behaviour of the <class 'transformers.models.t5.tokenization_t5.T5Tokenizer'>. This is expected, and simply means that the `legacy` (previous) behavior will be used so nothing changes for you. If you want to use the new behaviour, set `legacy=False`. This should only be set if you understand what it means, and thoroughly read the reason why this was added as explained in https://github.com/huggingface/transformers/pull/24565
You are using the default legacy behaviour of the <class 'transformers.models.t5.tokenization_t5.T5Tokenizer'>. This is expected, and simply means that the `legacy` (previous) behavior will be used so nothing changes for you. If you want to use the new behaviour, set `legacy=False`. This should only be set if you understand what it means, and thoroughly read the reason why this was added as explained in https://github.com/huggingface/transformers/pull/24565
You are using the default legacy behaviour of the <class 'transformers.models.t5.tokenization_t5.T5Tokenizer'>. This is expected, and simply means that the `legacy` (previous) behavior will be used so nothing changes for you. If you want to use the new behaviour, set `legacy=False`. This should only be set if you understand what it means, and thoroughly read the reason why this was added as explained in https://github.com/huggingface/transformers/pull/24565
/u/cohanlon/sarformer/run_training_sarformer.py:684: FutureWarning: You are using `torch.load` with `weights_only=False` (the current default value), which uses the default pickle module implicitly. It is possible to construct malicious pickle data which will execute arbitrary code during unpickling (See https://github.com/pytorch/pytorch/blob/main/SECURITY.md#untrusted-models for more details). In a future release, the default value for `weights_only` will be flipped to `True`. This limits the functions that could be executed during unpickling. Arbitrary objects will no longer be allowed to be loaded via this mode unless they are explicitly allowlisted by the user via `torch.serialization.add_safe_globals`. We recommend you start setting `weights_only=True` for any use case where you don't have full control of the loaded file. Please open an issue on GitHub for any issues related to this experimental feature.
  checkpoint = torch.load(args.finetune, map_location="cpu")
/u/cohanlon/sarformer/run_training_sarformer.py:684: FutureWarning: You are using `torch.load` with `weights_only=False` (the current default value), which uses the default pickle module implicitly. It is possible to construct malicious pickle data which will execute arbitrary code during unpickling (See https://github.com/pytorch/pytorch/blob/main/SECURITY.md#untrusted-models for more details). In a future release, the default value for `weights_only` will be flipped to `True`. This limits the functions that could be executed during unpickling. Arbitrary objects will no longer be allowed to be loaded via this mode unless they are explicitly allowlisted by the user via `torch.serialization.add_safe_globals`. We recommend you start setting `weights_only=True` for any use case where you don't have full control of the loaded file. Please open an issue on GitHub for any issues related to this experimental feature.
  checkpoint = torch.load(args.finetune, map_location="cpu")
/u/cohanlon/sarformer/run_training_sarformer.py:684: FutureWarning: You are using `torch.load` with `weights_only=False` (the current default value), which uses the default pickle module implicitly. It is possible to construct malicious pickle data which will execute arbitrary code during unpickling (See https://github.com/pytorch/pytorch/blob/main/SECURITY.md#untrusted-models for more details). In a future release, the default value for `weights_only` will be flipped to `True`. This limits the functions that could be executed during unpickling. Arbitrary objects will no longer be allowed to be loaded via this mode unless they are explicitly allowlisted by the user via `torch.serialization.add_safe_globals`. We recommend you start setting `weights_only=True` for any use case where you don't have full control of the loaded file. Please open an issue on GitHub for any issues related to this experimental feature.
  checkpoint = torch.load(args.finetune, map_location="cpu")
/u/cohanlon/sarformer/run_training_sarformer.py:684: FutureWarning: You are using `torch.load` with `weights_only=False` (the current default value), which uses the default pickle module implicitly. It is possible to construct malicious pickle data which will execute arbitrary code during unpickling (See https://github.com/pytorch/pytorch/blob/main/SECURITY.md#untrusted-models for more details). In a future release, the default value for `weights_only` will be flipped to `True`. This limits the functions that could be executed during unpickling. Arbitrary objects will no longer be allowed to be loaded via this mode unless they are explicitly allowlisted by the user via `torch.serialization.add_safe_globals`. We recommend you start setting `weights_only=True` for any use case where you don't have full control of the loaded file. Please open an issue on GitHub for any issues related to this experimental feature.
  checkpoint = torch.load(args.finetune, map_location="cpu")
/u/cohanlon/sarformer/run_training_sarformer.py:684: FutureWarning: You are using `torch.load` with `weights_only=False` (the current default value), which uses the default pickle module implicitly. It is possible to construct malicious pickle data which will execute arbitrary code during unpickling (See https://github.com/pytorch/pytorch/blob/main/SECURITY.md#untrusted-models for more details). In a future release, the default value for `weights_only` will be flipped to `True`. This limits the functions that could be executed during unpickling. Arbitrary objects will no longer be allowed to be loaded via this mode unless they are explicitly allowlisted by the user via `torch.serialization.add_safe_globals`. We recommend you start setting `weights_only=True` for any use case where you don't have full control of the loaded file. Please open an issue on GitHub for any issues related to this experimental feature.
  checkpoint = torch.load(args.finetune, map_location="cpu")
/u/cohanlon/sarformer/run_training_sarformer.py:684: FutureWarning: You are using `torch.load` with `weights_only=False` (the current default value), which uses the default pickle module implicitly. It is possible to construct malicious pickle data which will execute arbitrary code during unpickling (See https://github.com/pytorch/pytorch/blob/main/SECURITY.md#untrusted-models for more details). In a future release, the default value for `weights_only` will be flipped to `True`. This limits the functions that could be executed during unpickling. Arbitrary objects will no longer be allowed to be loaded via this mode unless they are explicitly allowlisted by the user via `torch.serialization.add_safe_globals`. We recommend you start setting `weights_only=True` for any use case where you don't have full control of the loaded file. Please open an issue on GitHub for any issues related to this experimental feature.
  checkpoint = torch.load(args.finetune, map_location="cpu")
/u/cohanlon/sarformer/run_training_sarformer.py:684: FutureWarning: You are using `torch.load` with `weights_only=False` (the current default value), which uses the default pickle module implicitly. It is possible to construct malicious pickle data which will execute arbitrary code during unpickling (See https://github.com/pytorch/pytorch/blob/main/SECURITY.md#untrusted-models for more details). In a future release, the default value for `weights_only` will be flipped to `True`. This limits the functions that could be executed during unpickling. Arbitrary objects will no longer be allowed to be loaded via this mode unless they are explicitly allowlisted by the user via `torch.serialization.add_safe_globals`. We recommend you start setting `weights_only=True` for any use case where you don't have full control of the loaded file. Please open an issue on GitHub for any issues related to this experimental feature.
  checkpoint = torch.load(args.finetune, map_location="cpu")
wandb: Currently logged in as: charlescohanlon (sarformer). Use `wandb login --relogin` to force relogin
wandb: wandb version 0.19.1 is available!  To upgrade, please run:
wandb:  $ pip install wandb --upgrade
wandb: Tracking run with wandb version 0.17.5
wandb: Run data is saved locally in /u/cohanlon/sarformer/wandb/run-20241219_180445-k9l48uh3
wandb: Run `wandb offline` to turn off syncing.
wandb: Syncing run finetune/S_MAE_rgb-depth-caption
wandb: ⭐️ View project at https://wandb.ai/sarformer/model
wandb: 🚀 View run at https://wandb.ai/sarformer/model/runs/k9l48uh3
/u/cohanlon/sarformer/run_training_sarformer.py:684: FutureWarning: You are using `torch.load` with `weights_only=False` (the current default value), which uses the default pickle module implicitly. It is possible to construct malicious pickle data which will execute arbitrary code during unpickling (See https://github.com/pytorch/pytorch/blob/main/SECURITY.md#untrusted-models for more details). In a future release, the default value for `weights_only` will be flipped to `True`. This limits the functions that could be executed during unpickling. Arbitrary objects will no longer be allowed to be loaded via this mode unless they are explicitly allowlisted by the user via `torch.serialization.add_safe_globals`. We recommend you start setting `weights_only=True` for any use case where you don't have full control of the loaded file. Please open an issue on GitHub for any issues related to this experimental feature.
  checkpoint = torch.load(args.finetune, map_location="cpu")
Traceback (most recent call last):
  File "/u/cohanlon/sarformer/run_training_sarformer.py", line 1561, in <module>
    main(args)
  File "/u/cohanlon/sarformer/run_training_sarformer.py", line 862, in main
    eval_stats = launch_evals(
  File "/u/cohanlon/micromamba/envs/sarformer/lib/python3.9/site-packages/torch/utils/_contextlib.py", line 116, in decorate_context
    return func(*args, **kwargs)
  File "/u/cohanlon/sarformer/run_training_sarformer.py", line 1106, in launch_evals
    eval_image_log(
  File "/u/cohanlon/micromamba/envs/sarformer/lib/python3.9/site-packages/torch/utils/_contextlib.py", line 116, in decorate_context
    return func(*args, **kwargs)
  File "/u/cohanlon/sarformer/run_training_sarformer.py", line 1344, in eval_image_log
    * destandardize(img_as_tensor[:, :3])
  File "/u/cohanlon/sarformer/src/utils/misc.py", line 32, in destandardize
    return TF.normalize(
  File "/u/cohanlon/micromamba/envs/sarformer/lib/python3.9/site-packages/torchvision/transforms/functional.py", line 350, in normalize
    return F_t.normalize(tensor, mean=mean, std=std, inplace=inplace)
  File "/u/cohanlon/micromamba/envs/sarformer/lib/python3.9/site-packages/torchvision/transforms/_functional_tensor.py", line 926, in normalize
    return tensor.sub_(mean).div_(std)
RuntimeError: The size of tensor a (4) must match the size of tensor b (3) at non-singleton dimension 0
[rank0]: Traceback (most recent call last):
[rank0]:   File "/u/cohanlon/sarformer/run_training_sarformer.py", line 1561, in <module>
[rank0]:     main(args)
[rank0]:   File "/u/cohanlon/sarformer/run_training_sarformer.py", line 862, in main
[rank0]:     eval_stats = launch_evals(
[rank0]:   File "/u/cohanlon/micromamba/envs/sarformer/lib/python3.9/site-packages/torch/utils/_contextlib.py", line 116, in decorate_context
[rank0]:     return func(*args, **kwargs)
[rank0]:   File "/u/cohanlon/sarformer/run_training_sarformer.py", line 1106, in launch_evals
[rank0]:     eval_image_log(
[rank0]:   File "/u/cohanlon/micromamba/envs/sarformer/lib/python3.9/site-packages/torch/utils/_contextlib.py", line 116, in decorate_context
[rank0]:     return func(*args, **kwargs)
[rank0]:   File "/u/cohanlon/sarformer/run_training_sarformer.py", line 1344, in eval_image_log
[rank0]:     * destandardize(img_as_tensor[:, :3])
[rank0]:   File "/u/cohanlon/sarformer/src/utils/misc.py", line 32, in destandardize
[rank0]:     return TF.normalize(
[rank0]:   File "/u/cohanlon/micromamba/envs/sarformer/lib/python3.9/site-packages/torchvision/transforms/functional.py", line 350, in normalize
[rank0]:     return F_t.normalize(tensor, mean=mean, std=std, inplace=inplace)
[rank0]:   File "/u/cohanlon/micromamba/envs/sarformer/lib/python3.9/site-packages/torchvision/transforms/_functional_tensor.py", line 926, in normalize
[rank0]:     return tensor.sub_(mean).div_(std)
[rank0]: RuntimeError: The size of tensor a (4) must match the size of tensor b (3) at non-singleton dimension 0
wandb: - 0.014 MB of 0.014 MB uploadedwandb: \ 0.014 MB of 0.014 MB uploadedwandb: | 0.014 MB of 0.014 MB uploadedwandb: / 0.025 MB of 0.092 MB uploaded (0.003 MB deduped)wandb: 
wandb: Run history:
wandb:    grad_norm ▅▅▅▅▃▇▆▂▆▃▅▇▅▄█▅▁▇▅▆▅▅▂▄▇▇▆▅▅█▇▃▄▄▂▄▆▆▃▄
wandb:         loss ▆▅▅▆▄▄▇▆▆▅▁▃▆▂▅▅█▅▅▅▂▂▇▆▅▂▃▆▄▅▅▅▆▁▃▅▄▆▃▆
wandb:           lr ▁▁▁▂▂▂▂▂▂▃▃▃▃▃▄▄▄▄▄▄▅▅▅▅▅▅▆▆▆▆▆▇▇▇▇▇▇███
wandb: weight_decay ▁▁▁▁▁▁▁▁▁▁▁▁▁▁▁▁▁▁▁▁▁▁▁▁▁▁▁▁▁▁▁▁▁▁▁▁▁▁▁▁
wandb: 
wandb: Run summary:
wandb:    grad_norm 0.0
wandb:         loss 0.00329
wandb:           lr 1e-05
wandb: weight_decay 0.05
wandb: 
wandb: 🚀 View run finetune/S_MAE_rgb-depth-caption at: https://wandb.ai/sarformer/model/runs/k9l48uh3
wandb: ⭐️ View project at: https://wandb.ai/sarformer/model
wandb: Synced 5 W&B file(s), 0 media file(s), 2 artifact file(s) and 0 other file(s)
wandb: Find logs at: ./wandb/run-20241219_180445-k9l48uh3/logs
wandb: WARNING The new W&B backend becomes opt-out in version 0.18.0; try it out with `wandb.require("core")`! See https://wandb.me/wandb-core for more information.
W1219 18:11:55.628743 140365296142144 torch/distributed/elastic/multiprocessing/api.py:858] Sending process 1219789 closing signal SIGTERM
W1219 18:11:55.630716 140365296142144 torch/distributed/elastic/multiprocessing/api.py:858] Sending process 1219790 closing signal SIGTERM
W1219 18:11:55.631351 140365296142144 torch/distributed/elastic/multiprocessing/api.py:858] Sending process 1219791 closing signal SIGTERM
W1219 18:11:55.631925 140365296142144 torch/distributed/elastic/multiprocessing/api.py:858] Sending process 1219792 closing signal SIGTERM
W1219 18:11:55.633682 140365296142144 torch/distributed/elastic/multiprocessing/api.py:858] Sending process 1219793 closing signal SIGTERM
W1219 18:11:55.634996 140365296142144 torch/distributed/elastic/multiprocessing/api.py:858] Sending process 1219857 closing signal SIGTERM
W1219 18:11:55.636521 140365296142144 torch/distributed/elastic/multiprocessing/api.py:858] Sending process 1219946 closing signal SIGTERM
E1219 18:11:56.174053 140365296142144 torch/distributed/elastic/multiprocessing/api.py:833] failed (exitcode: 1) local_rank: 0 (pid: 1219788) of binary: /u/cohanlon/micromamba/envs/sarformer/bin/python3.9
Traceback (most recent call last):
  File "/u/cohanlon/micromamba/envs/sarformer/bin/torchrun", line 8, in <module>
    sys.exit(main())
  File "/u/cohanlon/micromamba/envs/sarformer/lib/python3.9/site-packages/torch/distributed/elastic/multiprocessing/errors/__init__.py", line 348, in wrapper
    return f(*args, **kwargs)
  File "/u/cohanlon/micromamba/envs/sarformer/lib/python3.9/site-packages/torch/distributed/run.py", line 901, in main
    run(args)
  File "/u/cohanlon/micromamba/envs/sarformer/lib/python3.9/site-packages/torch/distributed/run.py", line 892, in run
    elastic_launch(
  File "/u/cohanlon/micromamba/envs/sarformer/lib/python3.9/site-packages/torch/distributed/launcher/api.py", line 133, in __call__
    return launch_agent(self._config, self._entrypoint, list(args))
  File "/u/cohanlon/micromamba/envs/sarformer/lib/python3.9/site-packages/torch/distributed/launcher/api.py", line 264, in launch_agent
    raise ChildFailedError(
torch.distributed.elastic.multiprocessing.errors.ChildFailedError: 
============================================================
run_training_sarformer.py FAILED
------------------------------------------------------------
Failures:
  <NO_OTHER_FAILURES>
------------------------------------------------------------
Root Cause (first observed failure):
[0]:
  time      : 2024-12-19_18:11:55
  host      : gpuc05.delta.ncsa.illinois.edu
  rank      : 0 (local_rank: 0)
  exitcode  : 1 (pid: 1219788)
  error_file: <N/A>
  traceback : To enable traceback see: https://pytorch.org/docs/stable/elastic/errors.html
============================================================
