Running "module reset". Resetting modules to system default. The following $MODULEPATH directories have been removed: None

Currently Loaded Modules:
  1) gcc/11.4.0      3) cuda/11.8.0         5) slurm-env/0.1
  2) openmpi/4.1.6   4) cue-login-env/1.1   6) default-s11

 

You are using the default legacy behaviour of the <class 'transformers.models.t5.tokenization_t5.T5Tokenizer'>. This is expected, and simply means that the `legacy` (previous) behavior will be used so nothing changes for you. If you want to use the new behaviour, set `legacy=False`. This should only be set if you understand what it means, and thoroughly read the reason why this was added as explained in https://github.com/huggingface/transformers/pull/24565
You are using the default legacy behaviour of the <class 'transformers.models.t5.tokenization_t5.T5Tokenizer'>. This is expected, and simply means that the `legacy` (previous) behavior will be used so nothing changes for you. If you want to use the new behaviour, set `legacy=False`. This should only be set if you understand what it means, and thoroughly read the reason why this was added as explained in https://github.com/huggingface/transformers/pull/24565
You are using the default legacy behaviour of the <class 'transformers.models.t5.tokenization_t5.T5Tokenizer'>. This is expected, and simply means that the `legacy` (previous) behavior will be used so nothing changes for you. If you want to use the new behaviour, set `legacy=False`. This should only be set if you understand what it means, and thoroughly read the reason why this was added as explained in https://github.com/huggingface/transformers/pull/24565
You are using the default legacy behaviour of the <class 'transformers.models.t5.tokenization_t5.T5Tokenizer'>. This is expected, and simply means that the `legacy` (previous) behavior will be used so nothing changes for you. If you want to use the new behaviour, set `legacy=False`. This should only be set if you understand what it means, and thoroughly read the reason why this was added as explained in https://github.com/huggingface/transformers/pull/24565
You are using the default legacy behaviour of the <class 'transformers.models.t5.tokenization_t5.T5Tokenizer'>. This is expected, and simply means that the `legacy` (previous) behavior will be used so nothing changes for you. If you want to use the new behaviour, set `legacy=False`. This should only be set if you understand what it means, and thoroughly read the reason why this was added as explained in https://github.com/huggingface/transformers/pull/24565
You are using the default legacy behaviour of the <class 'transformers.models.t5.tokenization_t5.T5Tokenizer'>. This is expected, and simply means that the `legacy` (previous) behavior will be used so nothing changes for you. If you want to use the new behaviour, set `legacy=False`. This should only be set if you understand what it means, and thoroughly read the reason why this was added as explained in https://github.com/huggingface/transformers/pull/24565
You are using the default legacy behaviour of the <class 'transformers.models.t5.tokenization_t5.T5Tokenizer'>. This is expected, and simply means that the `legacy` (previous) behavior will be used so nothing changes for you. If you want to use the new behaviour, set `legacy=False`. This should only be set if you understand what it means, and thoroughly read the reason why this was added as explained in https://github.com/huggingface/transformers/pull/24565
You are using the default legacy behaviour of the <class 'transformers.models.t5.tokenization_t5.T5Tokenizer'>. This is expected, and simply means that the `legacy` (previous) behavior will be used so nothing changes for you. If you want to use the new behaviour, set `legacy=False`. This should only be set if you understand what it means, and thoroughly read the reason why this was added as explained in https://github.com/huggingface/transformers/pull/24565
wandb: Currently logged in as: charlescohanlon (sarformer). Use `wandb login --relogin` to force relogin
wandb: wandb version 0.19.1 is available!  To upgrade, please run:
wandb:  $ pip install wandb --upgrade
wandb: Tracking run with wandb version 0.17.5
wandb: Run data is saved locally in /u/cohanlon/sarformer/wandb/run-20241217_124732-2bqqh1nw
wandb: Run `wandb offline` to turn off syncing.
wandb: Syncing run pretrain/S_MAE_rgb-depth-caption
wandb: ⭐️ View project at https://wandb.ai/sarformer/model
wandb: 🚀 View run at https://wandb.ai/sarformer/model/runs/2bqqh1nw
Traceback (most recent call last):
  File "/u/cohanlon/sarformer/run_training_sarformer.py", line 1566, in <module>
    main(args)
  File "/u/cohanlon/sarformer/run_training_sarformer.py", line 875, in main
    eval_stats = launch_evals(
  File "/u/cohanlon/micromamba/envs/sarformer/lib/python3.9/site-packages/torch/utils/_contextlib.py", line 116, in decorate_context
    return func(*args, **kwargs)
  File "/u/cohanlon/sarformer/run_training_sarformer.py", line 1119, in launch_evals
    eval_image_log(
  File "/u/cohanlon/micromamba/envs/sarformer/lib/python3.9/site-packages/torch/utils/_contextlib.py", line 116, in decorate_context
    return func(*args, **kwargs)
  File "/u/cohanlon/sarformer/run_training_sarformer.py", line 1364, in eval_image_log
    pred[kept_in_input] = gt[kept_in_input]
RuntimeError: Index put requires the source and destination dtypes match, got BFloat16 for the destination and Float for the source.
[rank0]: Traceback (most recent call last):
[rank0]:   File "/u/cohanlon/sarformer/run_training_sarformer.py", line 1566, in <module>
[rank0]:     main(args)
[rank0]:   File "/u/cohanlon/sarformer/run_training_sarformer.py", line 875, in main
[rank0]:     eval_stats = launch_evals(
[rank0]:   File "/u/cohanlon/micromamba/envs/sarformer/lib/python3.9/site-packages/torch/utils/_contextlib.py", line 116, in decorate_context
[rank0]:     return func(*args, **kwargs)
[rank0]:   File "/u/cohanlon/sarformer/run_training_sarformer.py", line 1119, in launch_evals
[rank0]:     eval_image_log(
[rank0]:   File "/u/cohanlon/micromamba/envs/sarformer/lib/python3.9/site-packages/torch/utils/_contextlib.py", line 116, in decorate_context
[rank0]:     return func(*args, **kwargs)
[rank0]:   File "/u/cohanlon/sarformer/run_training_sarformer.py", line 1364, in eval_image_log
[rank0]:     pred[kept_in_input] = gt[kept_in_input]
[rank0]: RuntimeError: Index put requires the source and destination dtypes match, got BFloat16 for the destination and Float for the source.
wandb: - 0.014 MB of 0.014 MB uploadedwandb: \ 0.014 MB of 0.014 MB uploadedwandb: | 0.014 MB of 0.014 MB uploadedwandb: / 0.014 MB of 0.014 MB uploadedwandb: - 0.025 MB of 0.025 MB uploaded (0.003 MB deduped)wandb: \ 0.085 MB of 0.085 MB uploaded (0.003 MB deduped)wandb: 
wandb: Run history:
wandb:    grad_norm ████▇██▇▇▇▆▆▆▅▅▅▄▄▄▃▃▂▂▂▂▂▁▂▁▁▂▁▁▂▂▂▂▃▃▃
wandb:         loss ▆▇█▆▆▇▅▆▆▆▆▅▆▆▆▆▅▅▆▄▅▅▄▄▅▄▃▄▃▄▂▃▃▁▂▂▁▁▁▁
wandb:           lr ▁▁▁▂▂▂▂▂▂▃▃▃▃▃▃▄▄▄▄▄▅▅▅▅▅▅▆▆▆▆▆▇▇▇▇▇▇███
wandb: weight_decay ▁▁▁▁▁▁▁▁▁▁▁▁▁▁▁▁▁▁▁▁▁▁▁▁▁▁▁▁▁▁▁▁▁▁▁▁▁▁▁▁
wandb: 
wandb: Run summary:
wandb:    grad_norm 0.22413
wandb:         loss 0.39565
wandb:           lr 0.0
wandb: weight_decay 0.05
wandb: 
wandb: 🚀 View run pretrain/S_MAE_rgb-depth-caption at: https://wandb.ai/sarformer/model/runs/2bqqh1nw
wandb: ⭐️ View project at: https://wandb.ai/sarformer/model
wandb: Synced 5 W&B file(s), 0 media file(s), 2 artifact file(s) and 0 other file(s)
wandb: Find logs at: ./wandb/run-20241217_124732-2bqqh1nw/logs
wandb: WARNING The new W&B backend becomes opt-out in version 0.18.0; try it out with `wandb.require("core")`! See https://wandb.me/wandb-core for more information.
W1217 12:52:20.624276 140407808370496 torch/distributed/elastic/multiprocessing/api.py:858] Sending process 1034481 closing signal SIGTERM
W1217 12:52:20.627079 140407808370496 torch/distributed/elastic/multiprocessing/api.py:858] Sending process 1034482 closing signal SIGTERM
W1217 12:52:20.628289 140407808370496 torch/distributed/elastic/multiprocessing/api.py:858] Sending process 1034483 closing signal SIGTERM
W1217 12:52:20.630481 140407808370496 torch/distributed/elastic/multiprocessing/api.py:858] Sending process 1034485 closing signal SIGTERM
W1217 12:52:20.631293 140407808370496 torch/distributed/elastic/multiprocessing/api.py:858] Sending process 1034486 closing signal SIGTERM
W1217 12:52:20.632022 140407808370496 torch/distributed/elastic/multiprocessing/api.py:858] Sending process 1034487 closing signal SIGTERM
W1217 12:52:20.710401 140407808370496 torch/distributed/elastic/multiprocessing/api.py:858] Sending process 1034533 closing signal SIGTERM
E1217 12:52:21.341766 140407808370496 torch/distributed/elastic/multiprocessing/api.py:833] failed (exitcode: 1) local_rank: 0 (pid: 1034480) of binary: /u/cohanlon/micromamba/envs/sarformer/bin/python3.9
Traceback (most recent call last):
  File "/u/cohanlon/micromamba/envs/sarformer/bin/torchrun", line 8, in <module>
    sys.exit(main())
  File "/u/cohanlon/micromamba/envs/sarformer/lib/python3.9/site-packages/torch/distributed/elastic/multiprocessing/errors/__init__.py", line 348, in wrapper
    return f(*args, **kwargs)
  File "/u/cohanlon/micromamba/envs/sarformer/lib/python3.9/site-packages/torch/distributed/run.py", line 901, in main
    run(args)
  File "/u/cohanlon/micromamba/envs/sarformer/lib/python3.9/site-packages/torch/distributed/run.py", line 892, in run
    elastic_launch(
  File "/u/cohanlon/micromamba/envs/sarformer/lib/python3.9/site-packages/torch/distributed/launcher/api.py", line 133, in __call__
    return launch_agent(self._config, self._entrypoint, list(args))
  File "/u/cohanlon/micromamba/envs/sarformer/lib/python3.9/site-packages/torch/distributed/launcher/api.py", line 264, in launch_agent
    raise ChildFailedError(
torch.distributed.elastic.multiprocessing.errors.ChildFailedError: 
============================================================
run_training_sarformer.py FAILED
------------------------------------------------------------
Failures:
  <NO_OTHER_FAILURES>
------------------------------------------------------------
Root Cause (first observed failure):
[0]:
  time      : 2024-12-17_12:52:20
  host      : gpuc05.delta.ncsa.illinois.edu
  rank      : 0 (local_rank: 0)
  exitcode  : 1 (pid: 1034480)
  error_file: <N/A>
  traceback : To enable traceback see: https://pytorch.org/docs/stable/elastic/errors.html
============================================================
