Running "module reset". Resetting modules to system default. The following $MODULEPATH directories have been removed: None

Currently Loaded Modules:
  1) gcc/11.4.0      3) cuda/11.8.0         5) slurm-env/0.1
  2) openmpi/4.1.6   4) cue-login-env/1.1   6) default-s11

 

You are using the default legacy behaviour of the <class 'transformers.models.t5.tokenization_t5.T5Tokenizer'>. This is expected, and simply means that the `legacy` (previous) behavior will be used so nothing changes for you. If you want to use the new behaviour, set `legacy=False`. This should only be set if you understand what it means, and thoroughly read the reason why this was added as explained in https://github.com/huggingface/transformers/pull/24565
You are using the default legacy behaviour of the <class 'transformers.models.t5.tokenization_t5.T5Tokenizer'>. This is expected, and simply means that the `legacy` (previous) behavior will be used so nothing changes for you. If you want to use the new behaviour, set `legacy=False`. This should only be set if you understand what it means, and thoroughly read the reason why this was added as explained in https://github.com/huggingface/transformers/pull/24565
You are using the default legacy behaviour of the <class 'transformers.models.t5.tokenization_t5.T5Tokenizer'>. This is expected, and simply means that the `legacy` (previous) behavior will be used so nothing changes for you. If you want to use the new behaviour, set `legacy=False`. This should only be set if you understand what it means, and thoroughly read the reason why this was added as explained in https://github.com/huggingface/transformers/pull/24565
You are using the default legacy behaviour of the <class 'transformers.models.t5.tokenization_t5.T5Tokenizer'>. This is expected, and simply means that the `legacy` (previous) behavior will be used so nothing changes for you. If you want to use the new behaviour, set `legacy=False`. This should only be set if you understand what it means, and thoroughly read the reason why this was added as explained in https://github.com/huggingface/transformers/pull/24565
You are using the default legacy behaviour of the <class 'transformers.models.t5.tokenization_t5.T5Tokenizer'>. This is expected, and simply means that the `legacy` (previous) behavior will be used so nothing changes for you. If you want to use the new behaviour, set `legacy=False`. This should only be set if you understand what it means, and thoroughly read the reason why this was added as explained in https://github.com/huggingface/transformers/pull/24565
You are using the default legacy behaviour of the <class 'transformers.models.t5.tokenization_t5.T5Tokenizer'>. This is expected, and simply means that the `legacy` (previous) behavior will be used so nothing changes for you. If you want to use the new behaviour, set `legacy=False`. This should only be set if you understand what it means, and thoroughly read the reason why this was added as explained in https://github.com/huggingface/transformers/pull/24565
You are using the default legacy behaviour of the <class 'transformers.models.t5.tokenization_t5.T5Tokenizer'>. This is expected, and simply means that the `legacy` (previous) behavior will be used so nothing changes for you. If you want to use the new behaviour, set `legacy=False`. This should only be set if you understand what it means, and thoroughly read the reason why this was added as explained in https://github.com/huggingface/transformers/pull/24565
You are using the default legacy behaviour of the <class 'transformers.models.t5.tokenization_t5.T5Tokenizer'>. This is expected, and simply means that the `legacy` (previous) behavior will be used so nothing changes for you. If you want to use the new behaviour, set `legacy=False`. This should only be set if you understand what it means, and thoroughly read the reason why this was added as explained in https://github.com/huggingface/transformers/pull/24565
wandb: Currently logged in as: charlescohanlon (sarformer). Use `wandb login --relogin` to force relogin
wandb: wandb version 0.19.5 is available!  To upgrade, please run:
wandb:  $ pip install wandb --upgrade
wandb: Tracking run with wandb version 0.17.5
wandb: Run data is saved locally in /u/cohanlon/sarformer/wandb/run-20250201_041055-z72zcp81
wandb: Run `wandb offline` to turn off syncing.
wandb: Syncing run misc/B_ConvNeXt_GatedMLP_regrpoint_rgb-depth
wandb: ⭐️ View project at https://wandb.ai/sarformer/model
wandb: 🚀 View run at https://wandb.ai/sarformer/model/runs/z72zcp81
[rank6]: Traceback (most recent call last):
[rank6]:   File "/u/cohanlon/sarformer/run_training_sarformer.py", line 1568, in <module>
[rank6]:     main(args)
[rank6]:   File "/u/cohanlon/sarformer/run_training_sarformer.py", line 800, in main
[rank6]:     train_stats = train_one_epoch(
[rank6]:   File "/u/cohanlon/sarformer/run_training_sarformer.py", line 952, in train_one_epoch
[rank6]:     logits = model(spatial_input, seq_input)
[rank6]:   File "/u/cohanlon/micromamba/envs/sarformer/lib/python3.9/site-packages/torch/nn/modules/module.py", line 1553, in _wrapped_call_impl
[rank6]:     return self._call_impl(*args, **kwargs)
[rank6]:   File "/u/cohanlon/micromamba/envs/sarformer/lib/python3.9/site-packages/torch/nn/modules/module.py", line 1562, in _call_impl
[rank6]:     return forward_call(*args, **kwargs)
[rank6]:   File "/u/cohanlon/micromamba/envs/sarformer/lib/python3.9/site-packages/torch/nn/parallel/distributed.py", line 1636, in forward
[rank6]:     else self._run_ddp_forward(*inputs, **kwargs)
[rank6]:   File "/u/cohanlon/micromamba/envs/sarformer/lib/python3.9/site-packages/torch/nn/parallel/distributed.py", line 1454, in _run_ddp_forward
[rank6]:     return self.module(*inputs, **kwargs)  # type: ignore[index]
[rank6]:   File "/u/cohanlon/micromamba/envs/sarformer/lib/python3.9/site-packages/torch/nn/modules/module.py", line 1553, in _wrapped_call_impl
[rank6]:     return self._call_impl(*args, **kwargs)
[rank6]:   File "/u/cohanlon/micromamba/envs/sarformer/lib/python3.9/site-packages/torch/nn/modules/module.py", line 1562, in _call_impl
[rank6]:     return forward_call(*args, **kwargs)
[rank6]:   File "/u/cohanlon/sarformer/src/models/point_regression_model.py", line 47, in forward
[rank6]:     x = self.backbone(x).last_hidden_state
[rank6]:   File "/u/cohanlon/micromamba/envs/sarformer/lib/python3.9/site-packages/torch/nn/modules/module.py", line 1553, in _wrapped_call_impl
[rank6]:     return self._call_impl(*args, **kwargs)
[rank6]:   File "/u/cohanlon/micromamba/envs/sarformer/lib/python3.9/site-packages/torch/nn/modules/module.py", line 1562, in _call_impl
[rank6]:     return forward_call(*args, **kwargs)
[rank6]:   File "/u/cohanlon/micromamba/envs/sarformer/lib/python3.9/site-packages/transformers/models/convnextv2/modeling_convnextv2.py", line 382, in forward
[rank6]:     encoder_outputs = self.encoder(
[rank6]:   File "/u/cohanlon/micromamba/envs/sarformer/lib/python3.9/site-packages/torch/nn/modules/module.py", line 1553, in _wrapped_call_impl
[rank6]:     return self._call_impl(*args, **kwargs)
[rank6]:   File "/u/cohanlon/micromamba/envs/sarformer/lib/python3.9/site-packages/torch/nn/modules/module.py", line 1562, in _call_impl
[rank6]:     return forward_call(*args, **kwargs)
[rank6]:   File "/u/cohanlon/micromamba/envs/sarformer/lib/python3.9/site-packages/transformers/models/convnextv2/modeling_convnextv2.py", line 276, in forward
[rank6]:     hidden_states = layer_module(hidden_states)
[rank6]:   File "/u/cohanlon/micromamba/envs/sarformer/lib/python3.9/site-packages/torch/nn/modules/module.py", line 1553, in _wrapped_call_impl
[rank6]:     return self._call_impl(*args, **kwargs)
[rank6]:   File "/u/cohanlon/micromamba/envs/sarformer/lib/python3.9/site-packages/torch/nn/modules/module.py", line 1562, in _call_impl
[rank6]:     return forward_call(*args, **kwargs)
[rank6]:   File "/u/cohanlon/micromamba/envs/sarformer/lib/python3.9/site-packages/transformers/models/convnextv2/modeling_convnextv2.py", line 238, in forward
[rank6]:     hidden_states = self.layers(hidden_states)
[rank6]:   File "/u/cohanlon/micromamba/envs/sarformer/lib/python3.9/site-packages/torch/nn/modules/module.py", line 1553, in _wrapped_call_impl
[rank6]:     return self._call_impl(*args, **kwargs)
[rank6]:   File "/u/cohanlon/micromamba/envs/sarformer/lib/python3.9/site-packages/torch/nn/modules/module.py", line 1562, in _call_impl
[rank6]:     return forward_call(*args, **kwargs)
[rank6]:   File "/u/cohanlon/micromamba/envs/sarformer/lib/python3.9/site-packages/torch/nn/modules/container.py", line 219, in forward
[rank6]:     input = module(input)
[rank6]:   File "/u/cohanlon/micromamba/envs/sarformer/lib/python3.9/site-packages/torch/nn/modules/module.py", line 1553, in _wrapped_call_impl
[rank6]:     return self._call_impl(*args, **kwargs)
[rank6]:   File "/u/cohanlon/micromamba/envs/sarformer/lib/python3.9/site-packages/torch/nn/modules/module.py", line 1562, in _call_impl
[rank6]:     return forward_call(*args, **kwargs)
[rank6]:   File "/u/cohanlon/micromamba/envs/sarformer/lib/python3.9/site-packages/transformers/models/convnextv2/modeling_convnextv2.py", line 200, in forward
[rank6]:     x = self.grn(x)
[rank6]:   File "/u/cohanlon/micromamba/envs/sarformer/lib/python3.9/site-packages/torch/nn/modules/module.py", line 1553, in _wrapped_call_impl
[rank6]:     return self._call_impl(*args, **kwargs)
[rank6]:   File "/u/cohanlon/micromamba/envs/sarformer/lib/python3.9/site-packages/torch/nn/modules/module.py", line 1562, in _call_impl
[rank6]:     return forward_call(*args, **kwargs)
[rank6]:   File "/u/cohanlon/micromamba/envs/sarformer/lib/python3.9/site-packages/transformers/models/convnextv2/modeling_convnextv2.py", line 105, in forward
[rank6]:     hidden_states = self.weight * (hidden_states * norm_features) + self.bias + hidden_states
[rank6]: torch.OutOfMemoryError: CUDA out of memory. Tried to allocate 392.00 MiB. GPU 6 has a total capacity of 39.38 GiB of which 139.38 MiB is free. Including non-PyTorch memory, this process has 39.24 GiB memory in use. Of the allocated memory 37.27 GiB is allocated by PyTorch, and 354.33 MiB is reserved by PyTorch but unallocated. If reserved but unallocated memory is large try setting PYTORCH_CUDA_ALLOC_CONF=expandable_segments:True to avoid fragmentation.  See documentation for Memory Management  (https://pytorch.org/docs/stable/notes/cuda.html#environment-variables)
[rank2]: Traceback (most recent call last):
[rank2]:   File "/u/cohanlon/sarformer/run_training_sarformer.py", line 1568, in <module>
[rank2]:     main(args)
[rank2]:   File "/u/cohanlon/sarformer/run_training_sarformer.py", line 800, in main
[rank2]:     train_stats = train_one_epoch(
[rank2]:   File "/u/cohanlon/sarformer/run_training_sarformer.py", line 952, in train_one_epoch
[rank2]:     logits = model(spatial_input, seq_input)
[rank2]:   File "/u/cohanlon/micromamba/envs/sarformer/lib/python3.9/site-packages/torch/nn/modules/module.py", line 1553, in _wrapped_call_impl
[rank2]:     return self._call_impl(*args, **kwargs)
[rank2]:   File "/u/cohanlon/micromamba/envs/sarformer/lib/python3.9/site-packages/torch/nn/modules/module.py", line 1562, in _call_impl
[rank2]:     return forward_call(*args, **kwargs)
[rank2]:   File "/u/cohanlon/micromamba/envs/sarformer/lib/python3.9/site-packages/torch/nn/parallel/distributed.py", line 1636, in forward
[rank2]:     else self._run_ddp_forward(*inputs, **kwargs)
[rank2]:   File "/u/cohanlon/micromamba/envs/sarformer/lib/python3.9/site-packages/torch/nn/parallel/distributed.py", line 1454, in _run_ddp_forward
[rank2]:     return self.module(*inputs, **kwargs)  # type: ignore[index]
[rank2]:   File "/u/cohanlon/micromamba/envs/sarformer/lib/python3.9/site-packages/torch/nn/modules/module.py", line 1553, in _wrapped_call_impl
[rank2]:     return self._call_impl(*args, **kwargs)
[rank2]:   File "/u/cohanlon/micromamba/envs/sarformer/lib/python3.9/site-packages/torch/nn/modules/module.py", line 1562, in _call_impl
[rank2]:     return forward_call(*args, **kwargs)
[rank2]:   File "/u/cohanlon/sarformer/src/models/point_regression_model.py", line 47, in forward
[rank2]:     x = self.backbone(x).last_hidden_state
[rank2]:   File "/u/cohanlon/micromamba/envs/sarformer/lib/python3.9/site-packages/torch/nn/modules/module.py", line 1553, in _wrapped_call_impl
[rank2]:     return self._call_impl(*args, **kwargs)
[rank2]:   File "/u/cohanlon/micromamba/envs/sarformer/lib/python3.9/site-packages/torch/nn/modules/module.py", line 1562, in _call_impl
[rank2]:     return forward_call(*args, **kwargs)
[rank2]:   File "/u/cohanlon/micromamba/envs/sarformer/lib/python3.9/site-packages/transformers/models/convnextv2/modeling_convnextv2.py", line 382, in forward
[rank2]:     encoder_outputs = self.encoder(
[rank2]:   File "/u/cohanlon/micromamba/envs/sarformer/lib/python3.9/site-packages/torch/nn/modules/module.py", line 1553, in _wrapped_call_impl
[rank2]:     return self._call_impl(*args, **kwargs)
[rank2]:   File "/u/cohanlon/micromamba/envs/sarformer/lib/python3.9/site-packages/torch/nn/modules/module.py", line 1562, in _call_impl
[rank2]:     return forward_call(*args, **kwargs)
[rank2]:   File "/u/cohanlon/micromamba/envs/sarformer/lib/python3.9/site-packages/transformers/models/convnextv2/modeling_convnextv2.py", line 276, in forward
[rank2]:     hidden_states = layer_module(hidden_states)
[rank2]:   File "/u/cohanlon/micromamba/envs/sarformer/lib/python3.9/site-packages/torch/nn/modules/module.py", line 1553, in _wrapped_call_impl
[rank2]:     return self._call_impl(*args, **kwargs)
[rank2]:   File "/u/cohanlon/micromamba/envs/sarformer/lib/python3.9/site-packages/torch/nn/modules/module.py", line 1562, in _call_impl
[rank2]:     return forward_call(*args, **kwargs)
[rank2]:   File "/u/cohanlon/micromamba/envs/sarformer/lib/python3.9/site-packages/transformers/models/convnextv2/modeling_convnextv2.py", line 238, in forward
[rank2]:     hidden_states = self.layers(hidden_states)
[rank2]:   File "/u/cohanlon/micromamba/envs/sarformer/lib/python3.9/site-packages/torch/nn/modules/module.py", line 1553, in _wrapped_call_impl
[rank2]:     return self._call_impl(*args, **kwargs)
[rank2]:   File "/u/cohanlon/micromamba/envs/sarformer/lib/python3.9/site-packages/torch/nn/modules/module.py", line 1562, in _call_impl
[rank2]:     return forward_call(*args, **kwargs)
[rank2]:   File "/u/cohanlon/micromamba/envs/sarformer/lib/python3.9/site-packages/torch/nn/modules/container.py", line 219, in forward
[rank2]:     input = module(input)
[rank2]:   File "/u/cohanlon/micromamba/envs/sarformer/lib/python3.9/site-packages/torch/nn/modules/module.py", line 1553, in _wrapped_call_impl
[rank2]:     return self._call_impl(*args, **kwargs)
[rank2]:   File "/u/cohanlon/micromamba/envs/sarformer/lib/python3.9/site-packages/torch/nn/modules/module.py", line 1562, in _call_impl
[rank2]:     return forward_call(*args, **kwargs)
[rank2]:   File "/u/cohanlon/micromamba/envs/sarformer/lib/python3.9/site-packages/transformers/models/convnextv2/modeling_convnextv2.py", line 200, in forward
[rank2]:     x = self.grn(x)
[rank2]:   File "/u/cohanlon/micromamba/envs/sarformer/lib/python3.9/site-packages/torch/nn/modules/module.py", line 1553, in _wrapped_call_impl
[rank2]:     return self._call_impl(*args, **kwargs)
[rank2]:   File "/u/cohanlon/micromamba/envs/sarformer/lib/python3.9/site-packages/torch/nn/modules/module.py", line 1562, in _call_impl
[rank2]:     return forward_call(*args, **kwargs)
[rank2]:   File "/u/cohanlon/micromamba/envs/sarformer/lib/python3.9/site-packages/transformers/models/convnextv2/modeling_convnextv2.py", line 105, in forward
[rank2]:     hidden_states = self.weight * (hidden_states * norm_features) + self.bias + hidden_states
[rank2]: torch.OutOfMemoryError: CUDA out of memory. Tried to allocate 392.00 MiB. GPU 2 has a total capacity of 39.38 GiB of which 137.38 MiB is free. Including non-PyTorch memory, this process has 39.24 GiB memory in use. Of the allocated memory 37.27 GiB is allocated by PyTorch, and 354.33 MiB is reserved by PyTorch but unallocated. If reserved but unallocated memory is large try setting PYTORCH_CUDA_ALLOC_CONF=expandable_segments:True to avoid fragmentation.  See documentation for Memory Management  (https://pytorch.org/docs/stable/notes/cuda.html#environment-variables)
Traceback (most recent call last):
  File "/u/cohanlon/sarformer/run_training_sarformer.py", line 1568, in <module>
    main(args)
  File "/u/cohanlon/sarformer/run_training_sarformer.py", line 800, in main
    train_stats = train_one_epoch(
  File "/u/cohanlon/sarformer/run_training_sarformer.py", line 952, in train_one_epoch
    logits = model(spatial_input, seq_input)
  File "/u/cohanlon/micromamba/envs/sarformer/lib/python3.9/site-packages/torch/nn/modules/module.py", line 1553, in _wrapped_call_impl
    return self._call_impl(*args, **kwargs)
  File "/u/cohanlon/micromamba/envs/sarformer/lib/python3.9/site-packages/torch/nn/modules/module.py", line 1562, in _call_impl
    return forward_call(*args, **kwargs)
  File "/u/cohanlon/micromamba/envs/sarformer/lib/python3.9/site-packages/torch/nn/parallel/distributed.py", line 1636, in forward
    else self._run_ddp_forward(*inputs, **kwargs)
  File "/u/cohanlon/micromamba/envs/sarformer/lib/python3.9/site-packages/torch/nn/parallel/distributed.py", line 1454, in _run_ddp_forward
    return self.module(*inputs, **kwargs)  # type: ignore[index]
  File "/u/cohanlon/micromamba/envs/sarformer/lib/python3.9/site-packages/torch/nn/modules/module.py", line 1553, in _wrapped_call_impl
    return self._call_impl(*args, **kwargs)
  File "/u/cohanlon/micromamba/envs/sarformer/lib/python3.9/site-packages/torch/nn/modules/module.py", line 1562, in _call_impl
    return forward_call(*args, **kwargs)
  File "/u/cohanlon/sarformer/src/models/point_regression_model.py", line 47, in forward
    x = self.backbone(x).last_hidden_state
  File "/u/cohanlon/micromamba/envs/sarformer/lib/python3.9/site-packages/torch/nn/modules/module.py", line 1553, in _wrapped_call_impl
    return self._call_impl(*args, **kwargs)
  File "/u/cohanlon/micromamba/envs/sarformer/lib/python3.9/site-packages/torch/nn/modules/module.py", line 1562, in _call_impl
    return forward_call(*args, **kwargs)
  File "/u/cohanlon/micromamba/envs/sarformer/lib/python3.9/site-packages/transformers/models/convnextv2/modeling_convnextv2.py", line 382, in forward
    encoder_outputs = self.encoder(
  File "/u/cohanlon/micromamba/envs/sarformer/lib/python3.9/site-packages/torch/nn/modules/module.py", line 1553, in _wrapped_call_impl
    return self._call_impl(*args, **kwargs)
  File "/u/cohanlon/micromamba/envs/sarformer/lib/python3.9/site-packages/torch/nn/modules/module.py", line 1562, in _call_impl
    return forward_call(*args, **kwargs)
  File "/u/cohanlon/micromamba/envs/sarformer/lib/python3.9/site-packages/transformers/models/convnextv2/modeling_convnextv2.py", line 276, in forward
    hidden_states = layer_module(hidden_states)
  File "/u/cohanlon/micromamba/envs/sarformer/lib/python3.9/site-packages/torch/nn/modules/module.py", line 1553, in _wrapped_call_impl
    return self._call_impl(*args, **kwargs)
  File "/u/cohanlon/micromamba/envs/sarformer/lib/python3.9/site-packages/torch/nn/modules/module.py", line 1562, in _call_impl
    return forward_call(*args, **kwargs)
  File "/u/cohanlon/micromamba/envs/sarformer/lib/python3.9/site-packages/transformers/models/convnextv2/modeling_convnextv2.py", line 238, in forward
    hidden_states = self.layers(hidden_states)
  File "/u/cohanlon/micromamba/envs/sarformer/lib/python3.9/site-packages/torch/nn/modules/module.py", line 1553, in _wrapped_call_impl
    return self._call_impl(*args, **kwargs)
  File "/u/cohanlon/micromamba/envs/sarformer/lib/python3.9/site-packages/torch/nn/modules/module.py", line 1562, in _call_impl
    return forward_call(*args, **kwargs)
  File "/u/cohanlon/micromamba/envs/sarformer/lib/python3.9/site-packages/torch/nn/modules/container.py", line 219, in forward
    input = module(input)
  File "/u/cohanlon/micromamba/envs/sarformer/lib/python3.9/site-packages/torch/nn/modules/module.py", line 1553, in _wrapped_call_impl
    return self._call_impl(*args, **kwargs)
  File "/u/cohanlon/micromamba/envs/sarformer/lib/python3.9/site-packages/torch/nn/modules/module.py", line 1562, in _call_impl
    return forward_call(*args, **kwargs)
  File "/u/cohanlon/micromamba/envs/sarformer/lib/python3.9/site-packages/transformers/models/convnextv2/modeling_convnextv2.py", line 200, in forward
    x = self.grn(x)
  File "/u/cohanlon/micromamba/envs/sarformer/lib/python3.9/site-packages/torch/nn/modules/module.py", line 1553, in _wrapped_call_impl
    return self._call_impl(*args, **kwargs)
  File "/u/cohanlon/micromamba/envs/sarformer/lib/python3.9/site-packages/torch/nn/modules/module.py", line 1562, in _call_impl
    return forward_call(*args, **kwargs)
  File "/u/cohanlon/micromamba/envs/sarformer/lib/python3.9/site-packages/transformers/models/convnextv2/modeling_convnextv2.py", line 105, in forward
    hidden_states = self.weight * (hidden_states * norm_features) + self.bias + hidden_states
torch.OutOfMemoryError: CUDA out of memory. Tried to allocate 392.00 MiB. GPU 0 has a total capacity of 39.38 GiB of which 279.38 MiB is free. Including non-PyTorch memory, this process has 39.10 GiB memory in use. Of the allocated memory 37.27 GiB is allocated by PyTorch, and 354.33 MiB is reserved by PyTorch but unallocated. If reserved but unallocated memory is large try setting PYTORCH_CUDA_ALLOC_CONF=expandable_segments:True to avoid fragmentation.  See documentation for Memory Management  (https://pytorch.org/docs/stable/notes/cuda.html#environment-variables)
[rank0]: Traceback (most recent call last):
[rank0]:   File "/u/cohanlon/sarformer/run_training_sarformer.py", line 1568, in <module>
[rank0]:     main(args)
[rank0]:   File "/u/cohanlon/sarformer/run_training_sarformer.py", line 800, in main
[rank0]:     train_stats = train_one_epoch(
[rank0]:   File "/u/cohanlon/sarformer/run_training_sarformer.py", line 952, in train_one_epoch
[rank0]:     logits = model(spatial_input, seq_input)
[rank0]:   File "/u/cohanlon/micromamba/envs/sarformer/lib/python3.9/site-packages/torch/nn/modules/module.py", line 1553, in _wrapped_call_impl
[rank0]:     return self._call_impl(*args, **kwargs)
[rank0]:   File "/u/cohanlon/micromamba/envs/sarformer/lib/python3.9/site-packages/torch/nn/modules/module.py", line 1562, in _call_impl
[rank0]:     return forward_call(*args, **kwargs)
[rank0]:   File "/u/cohanlon/micromamba/envs/sarformer/lib/python3.9/site-packages/torch/nn/parallel/distributed.py", line 1636, in forward
[rank0]:     else self._run_ddp_forward(*inputs, **kwargs)
[rank0]:   File "/u/cohanlon/micromamba/envs/sarformer/lib/python3.9/site-packages/torch/nn/parallel/distributed.py", line 1454, in _run_ddp_forward
[rank0]:     return self.module(*inputs, **kwargs)  # type: ignore[index]
[rank0]:   File "/u/cohanlon/micromamba/envs/sarformer/lib/python3.9/site-packages/torch/nn/modules/module.py", line 1553, in _wrapped_call_impl
[rank0]:     return self._call_impl(*args, **kwargs)
[rank0]:   File "/u/cohanlon/micromamba/envs/sarformer/lib/python3.9/site-packages/torch/nn/modules/module.py", line 1562, in _call_impl
[rank0]:     return forward_call(*args, **kwargs)
[rank0]:   File "/u/cohanlon/sarformer/src/models/point_regression_model.py", line 47, in forward
[rank0]:     x = self.backbone(x).last_hidden_state
[rank0]:   File "/u/cohanlon/micromamba/envs/sarformer/lib/python3.9/site-packages/torch/nn/modules/module.py", line 1553, in _wrapped_call_impl
[rank0]:     return self._call_impl(*args, **kwargs)
[rank0]:   File "/u/cohanlon/micromamba/envs/sarformer/lib/python3.9/site-packages/torch/nn/modules/module.py", line 1562, in _call_impl
[rank0]:     return forward_call(*args, **kwargs)
[rank0]:   File "/u/cohanlon/micromamba/envs/sarformer/lib/python3.9/site-packages/transformers/models/convnextv2/modeling_convnextv2.py", line 382, in forward
[rank0]:     encoder_outputs = self.encoder(
[rank0]:   File "/u/cohanlon/micromamba/envs/sarformer/lib/python3.9/site-packages/torch/nn/modules/module.py", line 1553, in _wrapped_call_impl
[rank0]:     return self._call_impl(*args, **kwargs)
[rank0]:   File "/u/cohanlon/micromamba/envs/sarformer/lib/python3.9/site-packages/torch/nn/modules/module.py", line 1562, in _call_impl
[rank0]:     return forward_call(*args, **kwargs)
[rank0]:   File "/u/cohanlon/micromamba/envs/sarformer/lib/python3.9/site-packages/transformers/models/convnextv2/modeling_convnextv2.py", line 276, in forward
[rank0]:     hidden_states = layer_module(hidden_states)
[rank0]:   File "/u/cohanlon/micromamba/envs/sarformer/lib/python3.9/site-packages/torch/nn/modules/module.py", line 1553, in _wrapped_call_impl
[rank0]:     return self._call_impl(*args, **kwargs)
[rank0]:   File "/u/cohanlon/micromamba/envs/sarformer/lib/python3.9/site-packages/torch/nn/modules/module.py", line 1562, in _call_impl
[rank0]:     return forward_call(*args, **kwargs)
[rank0]:   File "/u/cohanlon/micromamba/envs/sarformer/lib/python3.9/site-packages/transformers/models/convnextv2/modeling_convnextv2.py", line 238, in forward
[rank0]:     hidden_states = self.layers(hidden_states)
[rank0]:   File "/u/cohanlon/micromamba/envs/sarformer/lib/python3.9/site-packages/torch/nn/modules/module.py", line 1553, in _wrapped_call_impl
[rank0]:     return self._call_impl(*args, **kwargs)
[rank0]:   File "/u/cohanlon/micromamba/envs/sarformer/lib/python3.9/site-packages/torch/nn/modules/module.py", line 1562, in _call_impl
[rank0]:     return forward_call(*args, **kwargs)
[rank0]:   File "/u/cohanlon/micromamba/envs/sarformer/lib/python3.9/site-packages/torch/nn/modules/container.py", line 219, in forward
[rank0]:     input = module(input)
[rank0]:   File "/u/cohanlon/micromamba/envs/sarformer/lib/python3.9/site-packages/torch/nn/modules/module.py", line 1553, in _wrapped_call_impl
[rank0]:     return self._call_impl(*args, **kwargs)
[rank0]:   File "/u/cohanlon/micromamba/envs/sarformer/lib/python3.9/site-packages/torch/nn/modules/module.py", line 1562, in _call_impl
[rank0]:     return forward_call(*args, **kwargs)
[rank0]:   File "/u/cohanlon/micromamba/envs/sarformer/lib/python3.9/site-packages/transformers/models/convnextv2/modeling_convnextv2.py", line 200, in forward
[rank0]:     x = self.grn(x)
[rank0]:   File "/u/cohanlon/micromamba/envs/sarformer/lib/python3.9/site-packages/torch/nn/modules/module.py", line 1553, in _wrapped_call_impl
[rank0]:     return self._call_impl(*args, **kwargs)
[rank0]:   File "/u/cohanlon/micromamba/envs/sarformer/lib/python3.9/site-packages/torch/nn/modules/module.py", line 1562, in _call_impl
[rank0]:     return forward_call(*args, **kwargs)
[rank0]:   File "/u/cohanlon/micromamba/envs/sarformer/lib/python3.9/site-packages/transformers/models/convnextv2/modeling_convnextv2.py", line 105, in forward
[rank0]:     hidden_states = self.weight * (hidden_states * norm_features) + self.bias + hidden_states
[rank0]: torch.OutOfMemoryError: CUDA out of memory. Tried to allocate 392.00 MiB. GPU 0 has a total capacity of 39.38 GiB of which 279.38 MiB is free. Including non-PyTorch memory, this process has 39.10 GiB memory in use. Of the allocated memory 37.27 GiB is allocated by PyTorch, and 354.33 MiB is reserved by PyTorch but unallocated. If reserved but unallocated memory is large try setting PYTORCH_CUDA_ALLOC_CONF=expandable_segments:True to avoid fragmentation.  See documentation for Memory Management  (https://pytorch.org/docs/stable/notes/cuda.html#environment-variables)
[rank4]: Traceback (most recent call last):
[rank4]:   File "/u/cohanlon/sarformer/run_training_sarformer.py", line 1568, in <module>
[rank4]:     main(args)
[rank4]:   File "/u/cohanlon/sarformer/run_training_sarformer.py", line 800, in main
[rank4]:     train_stats = train_one_epoch(
[rank4]:   File "/u/cohanlon/sarformer/run_training_sarformer.py", line 952, in train_one_epoch
[rank4]:     logits = model(spatial_input, seq_input)
[rank4]:   File "/u/cohanlon/micromamba/envs/sarformer/lib/python3.9/site-packages/torch/nn/modules/module.py", line 1553, in _wrapped_call_impl
[rank4]:     return self._call_impl(*args, **kwargs)
[rank4]:   File "/u/cohanlon/micromamba/envs/sarformer/lib/python3.9/site-packages/torch/nn/modules/module.py", line 1562, in _call_impl
[rank4]:     return forward_call(*args, **kwargs)
[rank4]:   File "/u/cohanlon/micromamba/envs/sarformer/lib/python3.9/site-packages/torch/nn/parallel/distributed.py", line 1636, in forward
[rank4]:     else self._run_ddp_forward(*inputs, **kwargs)
[rank4]:   File "/u/cohanlon/micromamba/envs/sarformer/lib/python3.9/site-packages/torch/nn/parallel/distributed.py", line 1454, in _run_ddp_forward
[rank4]:     return self.module(*inputs, **kwargs)  # type: ignore[index]
[rank4]:   File "/u/cohanlon/micromamba/envs/sarformer/lib/python3.9/site-packages/torch/nn/modules/module.py", line 1553, in _wrapped_call_impl
[rank4]:     return self._call_impl(*args, **kwargs)
[rank4]:   File "/u/cohanlon/micromamba/envs/sarformer/lib/python3.9/site-packages/torch/nn/modules/module.py", line 1562, in _call_impl
[rank4]:     return forward_call(*args, **kwargs)
[rank4]:   File "/u/cohanlon/sarformer/src/models/point_regression_model.py", line 47, in forward
[rank4]:     x = self.backbone(x).last_hidden_state
[rank4]:   File "/u/cohanlon/micromamba/envs/sarformer/lib/python3.9/site-packages/torch/nn/modules/module.py", line 1553, in _wrapped_call_impl
[rank4]:     return self._call_impl(*args, **kwargs)
[rank4]:   File "/u/cohanlon/micromamba/envs/sarformer/lib/python3.9/site-packages/torch/nn/modules/module.py", line 1562, in _call_impl
[rank4]:     return forward_call(*args, **kwargs)
[rank4]:   File "/u/cohanlon/micromamba/envs/sarformer/lib/python3.9/site-packages/transformers/models/convnextv2/modeling_convnextv2.py", line 382, in forward
[rank4]:     encoder_outputs = self.encoder(
[rank4]:   File "/u/cohanlon/micromamba/envs/sarformer/lib/python3.9/site-packages/torch/nn/modules/module.py", line 1553, in _wrapped_call_impl
[rank4]:     return self._call_impl(*args, **kwargs)
[rank4]:   File "/u/cohanlon/micromamba/envs/sarformer/lib/python3.9/site-packages/torch/nn/modules/module.py", line 1562, in _call_impl
[rank4]:     return forward_call(*args, **kwargs)
[rank4]:   File "/u/cohanlon/micromamba/envs/sarformer/lib/python3.9/site-packages/transformers/models/convnextv2/modeling_convnextv2.py", line 276, in forward
[rank4]:     hidden_states = layer_module(hidden_states)
[rank4]:   File "/u/cohanlon/micromamba/envs/sarformer/lib/python3.9/site-packages/torch/nn/modules/module.py", line 1553, in _wrapped_call_impl
[rank4]:     return self._call_impl(*args, **kwargs)
[rank4]:   File "/u/cohanlon/micromamba/envs/sarformer/lib/python3.9/site-packages/torch/nn/modules/module.py", line 1562, in _call_impl
[rank4]:     return forward_call(*args, **kwargs)
[rank4]:   File "/u/cohanlon/micromamba/envs/sarformer/lib/python3.9/site-packages/transformers/models/convnextv2/modeling_convnextv2.py", line 238, in forward
[rank4]:     hidden_states = self.layers(hidden_states)
[rank4]:   File "/u/cohanlon/micromamba/envs/sarformer/lib/python3.9/site-packages/torch/nn/modules/module.py", line 1553, in _wrapped_call_impl
[rank4]:     return self._call_impl(*args, **kwargs)
[rank4]:   File "/u/cohanlon/micromamba/envs/sarformer/lib/python3.9/site-packages/torch/nn/modules/module.py", line 1562, in _call_impl
[rank4]:     return forward_call(*args, **kwargs)
[rank4]:   File "/u/cohanlon/micromamba/envs/sarformer/lib/python3.9/site-packages/torch/nn/modules/container.py", line 219, in forward
[rank4]:     input = module(input)
[rank4]:   File "/u/cohanlon/micromamba/envs/sarformer/lib/python3.9/site-packages/torch/nn/modules/module.py", line 1553, in _wrapped_call_impl
[rank4]:     return self._call_impl(*args, **kwargs)
[rank4]:   File "/u/cohanlon/micromamba/envs/sarformer/lib/python3.9/site-packages/torch/nn/modules/module.py", line 1562, in _call_impl
[rank4]:     return forward_call(*args, **kwargs)
[rank4]:   File "/u/cohanlon/micromamba/envs/sarformer/lib/python3.9/site-packages/transformers/models/convnextv2/modeling_convnextv2.py", line 200, in forward
[rank4]:     x = self.grn(x)
[rank4]:   File "/u/cohanlon/micromamba/envs/sarformer/lib/python3.9/site-packages/torch/nn/modules/module.py", line 1553, in _wrapped_call_impl
[rank4]:     return self._call_impl(*args, **kwargs)
[rank4]:   File "/u/cohanlon/micromamba/envs/sarformer/lib/python3.9/site-packages/torch/nn/modules/module.py", line 1562, in _call_impl
[rank4]:     return forward_call(*args, **kwargs)
[rank4]:   File "/u/cohanlon/micromamba/envs/sarformer/lib/python3.9/site-packages/transformers/models/convnextv2/modeling_convnextv2.py", line 105, in forward
[rank4]:     hidden_states = self.weight * (hidden_states * norm_features) + self.bias + hidden_states
[rank4]: torch.OutOfMemoryError: CUDA out of memory. Tried to allocate 392.00 MiB. GPU 4 has a total capacity of 39.38 GiB of which 135.38 MiB is free. Including non-PyTorch memory, this process has 39.24 GiB memory in use. Of the allocated memory 37.27 GiB is allocated by PyTorch, and 354.33 MiB is reserved by PyTorch but unallocated. If reserved but unallocated memory is large try setting PYTORCH_CUDA_ALLOC_CONF=expandable_segments:True to avoid fragmentation.  See documentation for Memory Management  (https://pytorch.org/docs/stable/notes/cuda.html#environment-variables)
W0201 04:13:21.521867 139937719138112 torch/distributed/elastic/multiprocessing/api.py:858] Sending process 3723664 closing signal SIGTERM
W0201 04:13:21.523888 139937719138112 torch/distributed/elastic/multiprocessing/api.py:858] Sending process 3723665 closing signal SIGTERM
W0201 04:13:21.526574 139937719138112 torch/distributed/elastic/multiprocessing/api.py:858] Sending process 3723666 closing signal SIGTERM
W0201 04:13:21.527256 139937719138112 torch/distributed/elastic/multiprocessing/api.py:858] Sending process 3723668 closing signal SIGTERM
W0201 04:13:21.529112 139937719138112 torch/distributed/elastic/multiprocessing/api.py:858] Sending process 3723669 closing signal SIGTERM
W0201 04:13:21.529977 139937719138112 torch/distributed/elastic/multiprocessing/api.py:858] Sending process 3723670 closing signal SIGTERM
W0201 04:13:21.548400 139937719138112 torch/distributed/elastic/multiprocessing/api.py:858] Sending process 3723739 closing signal SIGTERM
wandb: - 0.014 MB of 0.014 MB uploadedwandb: \ 0.014 MB of 0.014 MB uploadedwandb: | 0.014 MB of 0.014 MB uploadedwandb: / 0.014 MB of 0.014 MB uploadedwandb: - 0.024 MB of 0.081 MB uploaded (0.003 MB deduped)wandb: 🚀 View run misc/B_ConvNeXt_GatedMLP_regrpoint_rgb-depth at: https://wandb.ai/sarformer/model/runs/z72zcp81
wandb: ⭐️ View project at: https://wandb.ai/sarformer/model
wandb: Synced 5 W&B file(s), 0 media file(s), 2 artifact file(s) and 0 other file(s)
wandb: Find logs at: ./wandb/run-20250201_041055-z72zcp81/logs
wandb: WARNING The new W&B backend becomes opt-out in version 0.18.0; try it out with `wandb.require("core")`! See https://wandb.me/wandb-core for more information.
E0201 04:13:29.257618 139937719138112 torch/distributed/elastic/multiprocessing/api.py:833] failed (exitcode: 1) local_rank: 6 (pid: 3723671) of binary: /u/cohanlon/micromamba/envs/sarformer/bin/python3.9
Traceback (most recent call last):
  File "/u/cohanlon/micromamba/envs/sarformer/bin/torchrun", line 8, in <module>
    sys.exit(main())
  File "/u/cohanlon/micromamba/envs/sarformer/lib/python3.9/site-packages/torch/distributed/elastic/multiprocessing/errors/__init__.py", line 348, in wrapper
    return f(*args, **kwargs)
  File "/u/cohanlon/micromamba/envs/sarformer/lib/python3.9/site-packages/torch/distributed/run.py", line 901, in main
    run(args)
  File "/u/cohanlon/micromamba/envs/sarformer/lib/python3.9/site-packages/torch/distributed/run.py", line 892, in run
    elastic_launch(
  File "/u/cohanlon/micromamba/envs/sarformer/lib/python3.9/site-packages/torch/distributed/launcher/api.py", line 133, in __call__
    return launch_agent(self._config, self._entrypoint, list(args))
  File "/u/cohanlon/micromamba/envs/sarformer/lib/python3.9/site-packages/torch/distributed/launcher/api.py", line 264, in launch_agent
    raise ChildFailedError(
torch.distributed.elastic.multiprocessing.errors.ChildFailedError: 
============================================================
run_training_sarformer.py FAILED
------------------------------------------------------------
Failures:
  <NO_OTHER_FAILURES>
------------------------------------------------------------
Root Cause (first observed failure):
[0]:
  time      : 2025-02-01_04:13:21
  host      : gpuc02.delta.ncsa.illinois.edu
  rank      : 6 (local_rank: 6)
  exitcode  : 1 (pid: 3723671)
  error_file: <N/A>
  traceback : To enable traceback see: https://pytorch.org/docs/stable/elastic/errors.html
============================================================
