Running "module reset". Resetting modules to system default. The following $MODULEPATH directories have been removed: None

Currently Loaded Modules:
  1) gcc/11.4.0      3) cuda/11.8.0         5) slurm-env/0.1
  2) openmpi/4.1.6   4) cue-login-env/1.1   6) default-s11

 

You are using the default legacy behaviour of the <class 'transformers.models.t5.tokenization_t5.T5Tokenizer'>. This is expected, and simply means that the `legacy` (previous) behavior will be used so nothing changes for you. If you want to use the new behaviour, set `legacy=False`. This should only be set if you understand what it means, and thoroughly read the reason why this was added as explained in https://github.com/huggingface/transformers/pull/24565
You are using the default legacy behaviour of the <class 'transformers.models.t5.tokenization_t5.T5Tokenizer'>. This is expected, and simply means that the `legacy` (previous) behavior will be used so nothing changes for you. If you want to use the new behaviour, set `legacy=False`. This should only be set if you understand what it means, and thoroughly read the reason why this was added as explained in https://github.com/huggingface/transformers/pull/24565
You are using the default legacy behaviour of the <class 'transformers.models.t5.tokenization_t5.T5Tokenizer'>. This is expected, and simply means that the `legacy` (previous) behavior will be used so nothing changes for you. If you want to use the new behaviour, set `legacy=False`. This should only be set if you understand what it means, and thoroughly read the reason why this was added as explained in https://github.com/huggingface/transformers/pull/24565
You are using the default legacy behaviour of the <class 'transformers.models.t5.tokenization_t5.T5Tokenizer'>. This is expected, and simply means that the `legacy` (previous) behavior will be used so nothing changes for you. If you want to use the new behaviour, set `legacy=False`. This should only be set if you understand what it means, and thoroughly read the reason why this was added as explained in https://github.com/huggingface/transformers/pull/24565
You are using the default legacy behaviour of the <class 'transformers.models.t5.tokenization_t5.T5Tokenizer'>. This is expected, and simply means that the `legacy` (previous) behavior will be used so nothing changes for you. If you want to use the new behaviour, set `legacy=False`. This should only be set if you understand what it means, and thoroughly read the reason why this was added as explained in https://github.com/huggingface/transformers/pull/24565
You are using the default legacy behaviour of the <class 'transformers.models.t5.tokenization_t5.T5Tokenizer'>. This is expected, and simply means that the `legacy` (previous) behavior will be used so nothing changes for you. If you want to use the new behaviour, set `legacy=False`. This should only be set if you understand what it means, and thoroughly read the reason why this was added as explained in https://github.com/huggingface/transformers/pull/24565
You are using the default legacy behaviour of the <class 'transformers.models.t5.tokenization_t5.T5Tokenizer'>. This is expected, and simply means that the `legacy` (previous) behavior will be used so nothing changes for you. If you want to use the new behaviour, set `legacy=False`. This should only be set if you understand what it means, and thoroughly read the reason why this was added as explained in https://github.com/huggingface/transformers/pull/24565
You are using the default legacy behaviour of the <class 'transformers.models.t5.tokenization_t5.T5Tokenizer'>. This is expected, and simply means that the `legacy` (previous) behavior will be used so nothing changes for you. If you want to use the new behaviour, set `legacy=False`. This should only be set if you understand what it means, and thoroughly read the reason why this was added as explained in https://github.com/huggingface/transformers/pull/24565
/u/cohanlon/sarformer/run_training_sarformer.py:678: FutureWarning: You are using `torch.load` with `weights_only=False` (the current default value), which uses the default pickle module implicitly. It is possible to construct malicious pickle data which will execute arbitrary code during unpickling (See https://github.com/pytorch/pytorch/blob/main/SECURITY.md#untrusted-models for more details). In a future release, the default value for `weights_only` will be flipped to `True`. This limits the functions that could be executed during unpickling. Arbitrary objects will no longer be allowed to be loaded via this mode unless they are explicitly allowlisted by the user via `torch.serialization.add_safe_globals`. We recommend you start setting `weights_only=True` for any use case where you don't have full control of the loaded file. Please open an issue on GitHub for any issues related to this experimental feature.
  checkpoint = torch.load(args.finetune, map_location="cpu")
/u/cohanlon/sarformer/run_training_sarformer.py:678: FutureWarning: You are using `torch.load` with `weights_only=False` (the current default value), which uses the default pickle module implicitly. It is possible to construct malicious pickle data which will execute arbitrary code during unpickling (See https://github.com/pytorch/pytorch/blob/main/SECURITY.md#untrusted-models for more details). In a future release, the default value for `weights_only` will be flipped to `True`. This limits the functions that could be executed during unpickling. Arbitrary objects will no longer be allowed to be loaded via this mode unless they are explicitly allowlisted by the user via `torch.serialization.add_safe_globals`. We recommend you start setting `weights_only=True` for any use case where you don't have full control of the loaded file. Please open an issue on GitHub for any issues related to this experimental feature.
  checkpoint = torch.load(args.finetune, map_location="cpu")
/u/cohanlon/sarformer/run_training_sarformer.py:678: FutureWarning: You are using `torch.load` with `weights_only=False` (the current default value), which uses the default pickle module implicitly. It is possible to construct malicious pickle data which will execute arbitrary code during unpickling (See https://github.com/pytorch/pytorch/blob/main/SECURITY.md#untrusted-models for more details). In a future release, the default value for `weights_only` will be flipped to `True`. This limits the functions that could be executed during unpickling. Arbitrary objects will no longer be allowed to be loaded via this mode unless they are explicitly allowlisted by the user via `torch.serialization.add_safe_globals`. We recommend you start setting `weights_only=True` for any use case where you don't have full control of the loaded file. Please open an issue on GitHub for any issues related to this experimental feature.
  checkpoint = torch.load(args.finetune, map_location="cpu")
/u/cohanlon/sarformer/run_training_sarformer.py:678: FutureWarning: You are using `torch.load` with `weights_only=False` (the current default value), which uses the default pickle module implicitly. It is possible to construct malicious pickle data which will execute arbitrary code during unpickling (See https://github.com/pytorch/pytorch/blob/main/SECURITY.md#untrusted-models for more details). In a future release, the default value for `weights_only` will be flipped to `True`. This limits the functions that could be executed during unpickling. Arbitrary objects will no longer be allowed to be loaded via this mode unless they are explicitly allowlisted by the user via `torch.serialization.add_safe_globals`. We recommend you start setting `weights_only=True` for any use case where you don't have full control of the loaded file. Please open an issue on GitHub for any issues related to this experimental feature.
  checkpoint = torch.load(args.finetune, map_location="cpu")
/u/cohanlon/sarformer/run_training_sarformer.py:678: FutureWarning: You are using `torch.load` with `weights_only=False` (the current default value), which uses the default pickle module implicitly. It is possible to construct malicious pickle data which will execute arbitrary code during unpickling (See https://github.com/pytorch/pytorch/blob/main/SECURITY.md#untrusted-models for more details). In a future release, the default value for `weights_only` will be flipped to `True`. This limits the functions that could be executed during unpickling. Arbitrary objects will no longer be allowed to be loaded via this mode unless they are explicitly allowlisted by the user via `torch.serialization.add_safe_globals`. We recommend you start setting `weights_only=True` for any use case where you don't have full control of the loaded file. Please open an issue on GitHub for any issues related to this experimental feature.
  checkpoint = torch.load(args.finetune, map_location="cpu")
/u/cohanlon/sarformer/run_training_sarformer.py:678: FutureWarning: You are using `torch.load` with `weights_only=False` (the current default value), which uses the default pickle module implicitly. It is possible to construct malicious pickle data which will execute arbitrary code during unpickling (See https://github.com/pytorch/pytorch/blob/main/SECURITY.md#untrusted-models for more details). In a future release, the default value for `weights_only` will be flipped to `True`. This limits the functions that could be executed during unpickling. Arbitrary objects will no longer be allowed to be loaded via this mode unless they are explicitly allowlisted by the user via `torch.serialization.add_safe_globals`. We recommend you start setting `weights_only=True` for any use case where you don't have full control of the loaded file. Please open an issue on GitHub for any issues related to this experimental feature.
  checkpoint = torch.load(args.finetune, map_location="cpu")
/u/cohanlon/sarformer/run_training_sarformer.py:678: FutureWarning: You are using `torch.load` with `weights_only=False` (the current default value), which uses the default pickle module implicitly. It is possible to construct malicious pickle data which will execute arbitrary code during unpickling (See https://github.com/pytorch/pytorch/blob/main/SECURITY.md#untrusted-models for more details). In a future release, the default value for `weights_only` will be flipped to `True`. This limits the functions that could be executed during unpickling. Arbitrary objects will no longer be allowed to be loaded via this mode unless they are explicitly allowlisted by the user via `torch.serialization.add_safe_globals`. We recommend you start setting `weights_only=True` for any use case where you don't have full control of the loaded file. Please open an issue on GitHub for any issues related to this experimental feature.
  checkpoint = torch.load(args.finetune, map_location="cpu")
wandb: Currently logged in as: charlescohanlon (sarformer). Use `wandb login --relogin` to force relogin
wandb: wandb version 0.19.5 is available!  To upgrade, please run:
wandb:  $ pip install wandb --upgrade
wandb: Tracking run with wandb version 0.17.5
wandb: Run data is saved locally in /u/cohanlon/sarformer/wandb/run-20250131_081220-xnc991a1
wandb: Run `wandb offline` to turn off syncing.
wandb: Syncing run finetune/S_MAE_instability_rgb-depth-caption
wandb: ⭐️ View project at https://wandb.ai/sarformer/model
wandb: 🚀 View run at https://wandb.ai/sarformer/model/runs/xnc991a1
/u/cohanlon/sarformer/run_training_sarformer.py:678: FutureWarning: You are using `torch.load` with `weights_only=False` (the current default value), which uses the default pickle module implicitly. It is possible to construct malicious pickle data which will execute arbitrary code during unpickling (See https://github.com/pytorch/pytorch/blob/main/SECURITY.md#untrusted-models for more details). In a future release, the default value for `weights_only` will be flipped to `True`. This limits the functions that could be executed during unpickling. Arbitrary objects will no longer be allowed to be loaded via this mode unless they are explicitly allowlisted by the user via `torch.serialization.add_safe_globals`. We recommend you start setting `weights_only=True` for any use case where you don't have full control of the loaded file. Please open an issue on GitHub for any issues related to this experimental feature.
  checkpoint = torch.load(args.finetune, map_location="cpu")
[rank5]:[W131 08:13:35.057714149 reducer.cpp:1400] Warning: find_unused_parameters=True was specified in DDP constructor, but did not find any unused parameters in the forward pass. This flag results in an extra traversal of the autograd graph every iteration,  which can adversely affect performance. If your model indeed never has any unused parameters in the forward pass, consider turning this flag off. Note that this warning may be a false positive if your model has flow control causing later iterations to have unused parameters. (function operator())
[rank6]:[W131 08:13:45.590882277 reducer.cpp:1400] Warning: find_unused_parameters=True was specified in DDP constructor, but did not find any unused parameters in the forward pass. This flag results in an extra traversal of the autograd graph every iteration,  which can adversely affect performance. If your model indeed never has any unused parameters in the forward pass, consider turning this flag off. Note that this warning may be a false positive if your model has flow control causing later iterations to have unused parameters. (function operator())
[rank4]:[W131 08:13:48.976784488 reducer.cpp:1400] Warning: find_unused_parameters=True was specified in DDP constructor, but did not find any unused parameters in the forward pass. This flag results in an extra traversal of the autograd graph every iteration,  which can adversely affect performance. If your model indeed never has any unused parameters in the forward pass, consider turning this flag off. Note that this warning may be a false positive if your model has flow control causing later iterations to have unused parameters. (function operator())
[rank1]:[W131 08:14:01.964818244 reducer.cpp:1400] Warning: find_unused_parameters=True was specified in DDP constructor, but did not find any unused parameters in the forward pass. This flag results in an extra traversal of the autograd graph every iteration,  which can adversely affect performance. If your model indeed never has any unused parameters in the forward pass, consider turning this flag off. Note that this warning may be a false positive if your model has flow control causing later iterations to have unused parameters. (function operator())
[rank0]:[W131 08:14:08.989579781 reducer.cpp:1400] Warning: find_unused_parameters=True was specified in DDP constructor, but did not find any unused parameters in the forward pass. This flag results in an extra traversal of the autograd graph every iteration,  which can adversely affect performance. If your model indeed never has any unused parameters in the forward pass, consider turning this flag off. Note that this warning may be a false positive if your model has flow control causing later iterations to have unused parameters. (function operator())
[rank2]:[W131 08:14:10.448860095 reducer.cpp:1400] Warning: find_unused_parameters=True was specified in DDP constructor, but did not find any unused parameters in the forward pass. This flag results in an extra traversal of the autograd graph every iteration,  which can adversely affect performance. If your model indeed never has any unused parameters in the forward pass, consider turning this flag off. Note that this warning may be a false positive if your model has flow control causing later iterations to have unused parameters. (function operator())
[rank3]:[W131 08:14:18.409644723 reducer.cpp:1400] Warning: find_unused_parameters=True was specified in DDP constructor, but did not find any unused parameters in the forward pass. This flag results in an extra traversal of the autograd graph every iteration,  which can adversely affect performance. If your model indeed never has any unused parameters in the forward pass, consider turning this flag off. Note that this warning may be a false positive if your model has flow control causing later iterations to have unused parameters. (function operator())
[rank5]: Traceback (most recent call last):
[rank5]:   File "/u/cohanlon/sarformer/run_training_sarformer.py", line 1568, in <module>
[rank5]:     main(args)
[rank5]:   File "/u/cohanlon/sarformer/run_training_sarformer.py", line 800, in main
[rank5]:     train_stats = train_one_epoch(
[rank5]:   File "/u/cohanlon/sarformer/run_training_sarformer.py", line 970, in train_one_epoch
[rank5]:     grad_norm = loss_scaler(
[rank5]:   File "/u/cohanlon/sarformer/src/utils/native_scaler.py", line 39, in __call__
[rank5]:     self._scaler.scale(loss).backward(create_graph=create_graph)
[rank5]:   File "/u/cohanlon/micromamba/envs/sarformer/lib/python3.9/site-packages/torch/_tensor.py", line 521, in backward
[rank5]:     torch.autograd.backward(
[rank5]:   File "/u/cohanlon/micromamba/envs/sarformer/lib/python3.9/site-packages/torch/autograd/__init__.py", line 289, in backward
[rank5]:     _engine_run_backward(
[rank5]:   File "/u/cohanlon/micromamba/envs/sarformer/lib/python3.9/site-packages/torch/autograd/graph.py", line 768, in _engine_run_backward
[rank5]:     return Variable._execution_engine.run_backward(  # Calls into the C++ engine to run the backward pass
[rank5]: RuntimeError: Found dtype Double but expected Float
[rank6]: Traceback (most recent call last):
[rank6]:   File "/u/cohanlon/sarformer/run_training_sarformer.py", line 1568, in <module>
[rank6]:     main(args)
[rank6]:   File "/u/cohanlon/sarformer/run_training_sarformer.py", line 800, in main
[rank6]:     train_stats = train_one_epoch(
[rank6]:   File "/u/cohanlon/sarformer/run_training_sarformer.py", line 970, in train_one_epoch
[rank6]:     grad_norm = loss_scaler(
[rank6]:   File "/u/cohanlon/sarformer/src/utils/native_scaler.py", line 39, in __call__
[rank6]:     self._scaler.scale(loss).backward(create_graph=create_graph)
[rank6]:   File "/u/cohanlon/micromamba/envs/sarformer/lib/python3.9/site-packages/torch/_tensor.py", line 521, in backward
[rank6]:     torch.autograd.backward(
[rank6]:   File "/u/cohanlon/micromamba/envs/sarformer/lib/python3.9/site-packages/torch/autograd/__init__.py", line 289, in backward
[rank6]:     _engine_run_backward(
[rank6]:   File "/u/cohanlon/micromamba/envs/sarformer/lib/python3.9/site-packages/torch/autograd/graph.py", line 768, in _engine_run_backward
[rank6]:     return Variable._execution_engine.run_backward(  # Calls into the C++ engine to run the backward pass
[rank6]: RuntimeError: Found dtype Double but expected Float
W0131 08:14:29.395040 140443725616960 torch/distributed/elastic/multiprocessing/api.py:858] Sending process 3290775 closing signal SIGTERM
W0131 08:14:29.398468 140443725616960 torch/distributed/elastic/multiprocessing/api.py:858] Sending process 3290776 closing signal SIGTERM
W0131 08:14:29.400199 140443725616960 torch/distributed/elastic/multiprocessing/api.py:858] Sending process 3290777 closing signal SIGTERM
W0131 08:14:29.403274 140443725616960 torch/distributed/elastic/multiprocessing/api.py:858] Sending process 3290778 closing signal SIGTERM
W0131 08:14:29.412755 140443725616960 torch/distributed/elastic/multiprocessing/api.py:858] Sending process 3290779 closing signal SIGTERM
W0131 08:14:29.413773 140443725616960 torch/distributed/elastic/multiprocessing/api.py:858] Sending process 3290781 closing signal SIGTERM
W0131 08:14:29.415037 140443725616960 torch/distributed/elastic/multiprocessing/api.py:858] Sending process 3290908 closing signal SIGTERM
E0131 08:14:38.108256 140443725616960 torch/distributed/elastic/multiprocessing/api.py:833] failed (exitcode: 1) local_rank: 5 (pid: 3290780) of binary: /u/cohanlon/micromamba/envs/sarformer/bin/python3.9
Traceback (most recent call last):
  File "/u/cohanlon/micromamba/envs/sarformer/bin/torchrun", line 8, in <module>
    sys.exit(main())
  File "/u/cohanlon/micromamba/envs/sarformer/lib/python3.9/site-packages/torch/distributed/elastic/multiprocessing/errors/__init__.py", line 348, in wrapper
    return f(*args, **kwargs)
  File "/u/cohanlon/micromamba/envs/sarformer/lib/python3.9/site-packages/torch/distributed/run.py", line 901, in main
    run(args)
  File "/u/cohanlon/micromamba/envs/sarformer/lib/python3.9/site-packages/torch/distributed/run.py", line 892, in run
    elastic_launch(
  File "/u/cohanlon/micromamba/envs/sarformer/lib/python3.9/site-packages/torch/distributed/launcher/api.py", line 133, in __call__
    return launch_agent(self._config, self._entrypoint, list(args))
  File "/u/cohanlon/micromamba/envs/sarformer/lib/python3.9/site-packages/torch/distributed/launcher/api.py", line 264, in launch_agent
    raise ChildFailedError(
torch.distributed.elastic.multiprocessing.errors.ChildFailedError: 
============================================================
run_training_sarformer.py FAILED
------------------------------------------------------------
Failures:
  <NO_OTHER_FAILURES>
------------------------------------------------------------
Root Cause (first observed failure):
[0]:
  time      : 2025-01-31_08:14:29
  host      : gpuc04.delta.ncsa.illinois.edu
  rank      : 5 (local_rank: 5)
  exitcode  : 1 (pid: 3290780)
  error_file: <N/A>
  traceback : To enable traceback see: https://pytorch.org/docs/stable/elastic/errors.html
============================================================
