Running "module reset". Resetting modules to system default. The following $MODULEPATH directories have been removed: None

Currently Loaded Modules:
  1) gcc/11.4.0      3) cuda/11.8.0         5) slurm-env/0.1
  2) openmpi/4.1.6   4) cue-login-env/1.1   6) default-s11

 

You are using the default legacy behaviour of the <class 'transformers.models.t5.tokenization_t5.T5Tokenizer'>. This is expected, and simply means that the `legacy` (previous) behavior will be used so nothing changes for you. If you want to use the new behaviour, set `legacy=False`. This should only be set if you understand what it means, and thoroughly read the reason why this was added as explained in https://github.com/huggingface/transformers/pull/24565
You are using the default legacy behaviour of the <class 'transformers.models.t5.tokenization_t5.T5Tokenizer'>. This is expected, and simply means that the `legacy` (previous) behavior will be used so nothing changes for you. If you want to use the new behaviour, set `legacy=False`. This should only be set if you understand what it means, and thoroughly read the reason why this was added as explained in https://github.com/huggingface/transformers/pull/24565
You are using the default legacy behaviour of the <class 'transformers.models.t5.tokenization_t5.T5Tokenizer'>. This is expected, and simply means that the `legacy` (previous) behavior will be used so nothing changes for you. If you want to use the new behaviour, set `legacy=False`. This should only be set if you understand what it means, and thoroughly read the reason why this was added as explained in https://github.com/huggingface/transformers/pull/24565
You are using the default legacy behaviour of the <class 'transformers.models.t5.tokenization_t5.T5Tokenizer'>. This is expected, and simply means that the `legacy` (previous) behavior will be used so nothing changes for you. If you want to use the new behaviour, set `legacy=False`. This should only be set if you understand what it means, and thoroughly read the reason why this was added as explained in https://github.com/huggingface/transformers/pull/24565
You are using the default legacy behaviour of the <class 'transformers.models.t5.tokenization_t5.T5Tokenizer'>. This is expected, and simply means that the `legacy` (previous) behavior will be used so nothing changes for you. If you want to use the new behaviour, set `legacy=False`. This should only be set if you understand what it means, and thoroughly read the reason why this was added as explained in https://github.com/huggingface/transformers/pull/24565
You are using the default legacy behaviour of the <class 'transformers.models.t5.tokenization_t5.T5Tokenizer'>. This is expected, and simply means that the `legacy` (previous) behavior will be used so nothing changes for you. If you want to use the new behaviour, set `legacy=False`. This should only be set if you understand what it means, and thoroughly read the reason why this was added as explained in https://github.com/huggingface/transformers/pull/24565
You are using the default legacy behaviour of the <class 'transformers.models.t5.tokenization_t5.T5Tokenizer'>. This is expected, and simply means that the `legacy` (previous) behavior will be used so nothing changes for you. If you want to use the new behaviour, set `legacy=False`. This should only be set if you understand what it means, and thoroughly read the reason why this was added as explained in https://github.com/huggingface/transformers/pull/24565
You are using the default legacy behaviour of the <class 'transformers.models.t5.tokenization_t5.T5Tokenizer'>. This is expected, and simply means that the `legacy` (previous) behavior will be used so nothing changes for you. If you want to use the new behaviour, set `legacy=False`. This should only be set if you understand what it means, and thoroughly read the reason why this was added as explained in https://github.com/huggingface/transformers/pull/24565
wandb: Currently logged in as: charlescohanlon (sarformer). Use `wandb login --relogin` to force relogin
wandb: wandb version 0.19.6 is available!  To upgrade, please run:
wandb:  $ pip install wandb --upgrade
wandb: Tracking run with wandb version 0.17.5
wandb: Run data is saved locally in /u/cohanlon/sarformer/wandb/run-20250206_213500-42pkqzwk
wandb: Run `wandb offline` to turn off syncing.
wandb: Syncing run misc/Baseline_uniform_regrpoint
wandb: ⭐️ View project at https://wandb.ai/sarformer/model
wandb: 🚀 View run at https://wandb.ai/sarformer/model/runs/42pkqzwk
[rank1]: Traceback (most recent call last):
[rank1]:   File "/u/cohanlon/sarformer/run_training_sarformer.py", line 1574, in <module>
[rank1]:     main(args)
[rank1]:   File "/u/cohanlon/sarformer/run_training_sarformer.py", line 806, in main
[rank1]:     train_stats = train_one_epoch(
[rank1]:   File "/u/cohanlon/sarformer/run_training_sarformer.py", line 961, in train_one_epoch
[rank1]:     loss = loss_fn(logits, target)
[rank1]:   File "/u/cohanlon/sarformer/run_training_sarformer.py", line 650, in <lambda>
[rank1]:     loss_fn = lambda logits, target: distance_weighted_loss(
[rank1]:   File "/u/cohanlon/sarformer/run_training_sarformer.py", line 1484, in distance_weighted_loss
[rank1]:     loss = torch.norm(target_coords - logits, dim=1)  # l2 norm (by default)
[rank1]: RuntimeError: Expected all tensors to be on the same device, but found at least two devices, cuda:1 and cpu!
[rank2]: Traceback (most recent call last):
[rank2]:   File "/u/cohanlon/sarformer/run_training_sarformer.py", line 1574, in <module>
[rank2]:     main(args)
[rank2]:   File "/u/cohanlon/sarformer/run_training_sarformer.py", line 806, in main
[rank2]:     train_stats = train_one_epoch(
[rank2]:   File "/u/cohanlon/sarformer/run_training_sarformer.py", line 961, in train_one_epoch
[rank2]:     loss = loss_fn(logits, target)
[rank2]:   File "/u/cohanlon/sarformer/run_training_sarformer.py", line 650, in <lambda>
[rank2]:     loss_fn = lambda logits, target: distance_weighted_loss(
[rank2]:   File "/u/cohanlon/sarformer/run_training_sarformer.py", line 1484, in distance_weighted_loss
[rank2]:     loss = torch.norm(target_coords - logits, dim=1)  # l2 norm (by default)
[rank2]: RuntimeError: Expected all tensors to be on the same device, but found at least two devices, cuda:2 and cpu!
[rank4]: Traceback (most recent call last):
[rank4]:   File "/u/cohanlon/sarformer/run_training_sarformer.py", line 1574, in <module>
[rank4]:     main(args)
[rank4]:   File "/u/cohanlon/sarformer/run_training_sarformer.py", line 806, in main
[rank4]:     train_stats = train_one_epoch(
[rank4]:   File "/u/cohanlon/sarformer/run_training_sarformer.py", line 961, in train_one_epoch
[rank4]:     loss = loss_fn(logits, target)
[rank4]:   File "/u/cohanlon/sarformer/run_training_sarformer.py", line 650, in <lambda>
[rank4]:     loss_fn = lambda logits, target: distance_weighted_loss(
[rank4]:   File "/u/cohanlon/sarformer/run_training_sarformer.py", line 1484, in distance_weighted_loss
[rank4]:     loss = torch.norm(target_coords - logits, dim=1)  # l2 norm (by default)
[rank4]: RuntimeError: Expected all tensors to be on the same device, but found at least two devices, cuda:4 and cpu!
[rank6]: Traceback (most recent call last):
[rank6]:   File "/u/cohanlon/sarformer/run_training_sarformer.py", line 1574, in <module>
[rank6]:     main(args)
[rank6]:   File "/u/cohanlon/sarformer/run_training_sarformer.py", line 806, in main
[rank6]:     train_stats = train_one_epoch(
[rank6]:   File "/u/cohanlon/sarformer/run_training_sarformer.py", line 961, in train_one_epoch
[rank6]:     loss = loss_fn(logits, target)
[rank6]:   File "/u/cohanlon/sarformer/run_training_sarformer.py", line 650, in <lambda>
[rank6]:     loss_fn = lambda logits, target: distance_weighted_loss(
[rank6]:   File "/u/cohanlon/sarformer/run_training_sarformer.py", line 1484, in distance_weighted_loss
[rank6]:     loss = torch.norm(target_coords - logits, dim=1)  # l2 norm (by default)
[rank6]: RuntimeError: Expected all tensors to be on the same device, but found at least two devices, cuda:6 and cpu!
Traceback (most recent call last):
  File "/u/cohanlon/sarformer/run_training_sarformer.py", line 1574, in <module>
    main(args)
  File "/u/cohanlon/sarformer/run_training_sarformer.py", line 806, in main
    train_stats = train_one_epoch(
  File "/u/cohanlon/sarformer/run_training_sarformer.py", line 961, in train_one_epoch
    loss = loss_fn(logits, target)
  File "/u/cohanlon/sarformer/run_training_sarformer.py", line 650, in <lambda>
    loss_fn = lambda logits, target: distance_weighted_loss(
  File "/u/cohanlon/sarformer/run_training_sarformer.py", line 1484, in distance_weighted_loss
    loss = torch.norm(target_coords - logits, dim=1)  # l2 norm (by default)
RuntimeError: Expected all tensors to be on the same device, but found at least two devices, cuda:0 and cpu!
[rank0]: Traceback (most recent call last):
[rank0]:   File "/u/cohanlon/sarformer/run_training_sarformer.py", line 1574, in <module>
[rank0]:     main(args)
[rank0]:   File "/u/cohanlon/sarformer/run_training_sarformer.py", line 806, in main
[rank0]:     train_stats = train_one_epoch(
[rank0]:   File "/u/cohanlon/sarformer/run_training_sarformer.py", line 961, in train_one_epoch
[rank0]:     loss = loss_fn(logits, target)
[rank0]:   File "/u/cohanlon/sarformer/run_training_sarformer.py", line 650, in <lambda>
[rank0]:     loss_fn = lambda logits, target: distance_weighted_loss(
[rank0]:   File "/u/cohanlon/sarformer/run_training_sarformer.py", line 1484, in distance_weighted_loss
[rank0]:     loss = torch.norm(target_coords - logits, dim=1)  # l2 norm (by default)
[rank0]: RuntimeError: Expected all tensors to be on the same device, but found at least two devices, cuda:0 and cpu!
[rank5]: Traceback (most recent call last):
[rank5]:   File "/u/cohanlon/sarformer/run_training_sarformer.py", line 1574, in <module>
[rank5]:     main(args)
[rank5]:   File "/u/cohanlon/sarformer/run_training_sarformer.py", line 806, in main
[rank5]:     train_stats = train_one_epoch(
[rank5]:   File "/u/cohanlon/sarformer/run_training_sarformer.py", line 961, in train_one_epoch
[rank5]:     loss = loss_fn(logits, target)
[rank5]:   File "/u/cohanlon/sarformer/run_training_sarformer.py", line 650, in <lambda>
[rank5]:     loss_fn = lambda logits, target: distance_weighted_loss(
[rank5]:   File "/u/cohanlon/sarformer/run_training_sarformer.py", line 1484, in distance_weighted_loss
[rank5]:     loss = torch.norm(target_coords - logits, dim=1)  # l2 norm (by default)
[rank5]: RuntimeError: Expected all tensors to be on the same device, but found at least two devices, cuda:5 and cpu!
[rank7]: Traceback (most recent call last):
[rank7]:   File "/u/cohanlon/sarformer/run_training_sarformer.py", line 1574, in <module>
[rank7]:     main(args)
[rank7]:   File "/u/cohanlon/sarformer/run_training_sarformer.py", line 806, in main
[rank7]:     train_stats = train_one_epoch(
[rank7]:   File "/u/cohanlon/sarformer/run_training_sarformer.py", line 961, in train_one_epoch
[rank7]:     loss = loss_fn(logits, target)
[rank7]:   File "/u/cohanlon/sarformer/run_training_sarformer.py", line 650, in <lambda>
[rank7]:     loss_fn = lambda logits, target: distance_weighted_loss(
[rank7]:   File "/u/cohanlon/sarformer/run_training_sarformer.py", line 1484, in distance_weighted_loss
[rank7]:     loss = torch.norm(target_coords - logits, dim=1)  # l2 norm (by default)
[rank7]: RuntimeError: Expected all tensors to be on the same device, but found at least two devices, cuda:7 and cpu!
[rank3]: Traceback (most recent call last):
[rank3]:   File "/u/cohanlon/sarformer/run_training_sarformer.py", line 1574, in <module>
[rank3]:     main(args)
[rank3]:   File "/u/cohanlon/sarformer/run_training_sarformer.py", line 806, in main
[rank3]:     train_stats = train_one_epoch(
[rank3]:   File "/u/cohanlon/sarformer/run_training_sarformer.py", line 961, in train_one_epoch
[rank3]:     loss = loss_fn(logits, target)
[rank3]:   File "/u/cohanlon/sarformer/run_training_sarformer.py", line 650, in <lambda>
[rank3]:     loss_fn = lambda logits, target: distance_weighted_loss(
[rank3]:   File "/u/cohanlon/sarformer/run_training_sarformer.py", line 1484, in distance_weighted_loss
[rank3]:     loss = torch.norm(target_coords - logits, dim=1)  # l2 norm (by default)
[rank3]: RuntimeError: Expected all tensors to be on the same device, but found at least two devices, cuda:3 and cpu!
W0206 21:39:30.394243 140114372257600 torch/distributed/elastic/multiprocessing/api.py:858] Sending process 2684632 closing signal SIGTERM
W0206 21:39:30.395873 140114372257600 torch/distributed/elastic/multiprocessing/api.py:858] Sending process 2684634 closing signal SIGTERM
W0206 21:39:30.396681 140114372257600 torch/distributed/elastic/multiprocessing/api.py:858] Sending process 2684635 closing signal SIGTERM
W0206 21:39:30.396795 140114372257600 torch/distributed/elastic/multiprocessing/api.py:858] Sending process 2684636 closing signal SIGTERM
W0206 21:39:30.397511 140114372257600 torch/distributed/elastic/multiprocessing/api.py:858] Sending process 2684637 closing signal SIGTERM
W0206 21:39:30.397598 140114372257600 torch/distributed/elastic/multiprocessing/api.py:858] Sending process 2684638 closing signal SIGTERM
W0206 21:39:30.398236 140114372257600 torch/distributed/elastic/multiprocessing/api.py:858] Sending process 2684705 closing signal SIGTERM
wandb: - 0.014 MB of 0.014 MB uploadedwandb: \ 0.014 MB of 0.014 MB uploadedwandb: | 0.014 MB of 0.014 MB uploadedwandb: / 0.014 MB of 0.014 MB uploadedwandb: 🚀 View run misc/Baseline_uniform_regrpoint at: https://wandb.ai/sarformer/model/runs/42pkqzwk
wandb: ⭐️ View project at: https://wandb.ai/sarformer/model
wandb: Synced 5 W&B file(s), 0 media file(s), 0 artifact file(s) and 0 other file(s)
wandb: Find logs at: ./wandb/run-20250206_213500-42pkqzwk/logs
wandb: WARNING The new W&B backend becomes opt-out in version 0.18.0; try it out with `wandb.require("core")`! See https://wandb.me/wandb-core for more information.
E0206 21:39:39.272885 140114372257600 torch/distributed/elastic/multiprocessing/api.py:833] failed (exitcode: 1) local_rank: 1 (pid: 2684633) of binary: /u/cohanlon/micromamba/envs/sarformer/bin/python3.9
Traceback (most recent call last):
  File "/u/cohanlon/micromamba/envs/sarformer/bin/torchrun", line 8, in <module>
    sys.exit(main())
  File "/u/cohanlon/micromamba/envs/sarformer/lib/python3.9/site-packages/torch/distributed/elastic/multiprocessing/errors/__init__.py", line 348, in wrapper
    return f(*args, **kwargs)
  File "/u/cohanlon/micromamba/envs/sarformer/lib/python3.9/site-packages/torch/distributed/run.py", line 901, in main
    run(args)
  File "/u/cohanlon/micromamba/envs/sarformer/lib/python3.9/site-packages/torch/distributed/run.py", line 892, in run
    elastic_launch(
  File "/u/cohanlon/micromamba/envs/sarformer/lib/python3.9/site-packages/torch/distributed/launcher/api.py", line 133, in __call__
    return launch_agent(self._config, self._entrypoint, list(args))
  File "/u/cohanlon/micromamba/envs/sarformer/lib/python3.9/site-packages/torch/distributed/launcher/api.py", line 264, in launch_agent
    raise ChildFailedError(
torch.distributed.elastic.multiprocessing.errors.ChildFailedError: 
============================================================
run_training_sarformer.py FAILED
------------------------------------------------------------
Failures:
  <NO_OTHER_FAILURES>
------------------------------------------------------------
Root Cause (first observed failure):
[0]:
  time      : 2025-02-06_21:39:30
  host      : gpuc05.delta.ncsa.illinois.edu
  rank      : 1 (local_rank: 1)
  exitcode  : 1 (pid: 2684633)
  error_file: <N/A>
  traceback : To enable traceback see: https://pytorch.org/docs/stable/elastic/errors.html
============================================================
